10-31 04:41:42.286  1729  5114 E DelightKLPDownloader: 	at tbs.a(PG:57)
10-31 04:41:42.286  1729  5114 E DelightKLPDownloader: 	at tbe.e(PG:3)
10-31 04:41:42.286  1729  5114 E DelightKLPDownloader: 	at tbg.run(PG:38)
10-31 04:41:42.286  1729  5114 E DelightKLPDownloader: 	at tds.run(PG:64)
10-31 04:41:42.286  1729  5114 E DelightKLPDownloader: 	at java.util.concurrent.Executors$RunnableAdapter.call(Executors.java:457)
10-31 04:41:42.286  1729  5114 E DelightKLPDownloader: 	at java.util.concurrent.FutureTask.run(FutureTask.java:266)
10-31 04:41:42.286  1729  5114 E DelightKLPDownloader: 	at kno.run(PG:8)
10-31 04:41:42.286  1729  5114 E DelightKLPDownloader: 	at java.util.concurrent.ThreadPoolExecutor.runWorker(ThreadPoolExecutor.java:1162)
10-31 04:41:42.286  1729  5114 E DelightKLPDownloader: 	at java.util.concurrent.ThreadPoolExecutor$Worker.run(ThreadPoolExecutor.java:636)
10-31 04:41:42.286  1729  5114 E DelightKLPDownloader: 	at java.lang.Thread.run(Thread.java:764)
10-31 04:41:42.286  1729  5114 E DelightKLPDownloader: 	at kmy.run(PG:8)
10-31 04:41:42.286  1729  5114 E DelightKLPDownloader: Caused by: pns: ANDROID_DOWNLOADER_UNKNOWN_IO_ERROR; Message: Exception in CronetUrlRequest: net::ERR_CONNECTION_TIMED_OUT, ErrorCode=6, InternalErrorCode=-118, Retryable=true;
10-31 04:41:42.286  1729  5114 E DelightKLPDownloader: 	at rlq.a(PG:32)
10-31 04:41:42.286  1729  5114 E DelightKLPDownloader: 	at ppw.a(PG:140)
10-31 04:41:42.286  1729  5114 E DelightKLPDownloader: 	at qgp.m(PG:56)
10-31 04:41:42.286  1729  5114 E DelightKLPDownloader: 	at qgl.run(PG:623)
10-31 04:41:42.286  1729  5114 E DelightKLPDownloader: 	at cua.run(PG:10)
10-31 04:41:42.286  1729  5114 E DelightKLPDownloader: 	at wei.run(PG:27)
10-31 04:41:42.286  1729  5114 E DelightKLPDownloader: 	at knj.run(PG:49)
10-31 04:41:42.286  1729  5114 E DelightKLPDownloader: 	... 4 more
10-31 04:41:42.286  1729  5114 E DelightKLPDownloader: Caused by: m1.mt: Exception in CronetUrlRequest: net::ERR_CONNECTION_TIMED_OUT, ErrorCode=6, InternalErrorCode=-118, Retryable=true
10-31 04:41:42.286  1729  5114 E DelightKLPDownloader: 	at org.chromium.net.impl.CronetUrlRequest.onError(:com.google.android.gms.dynamite_cronetdynamite@254131007@25.41.31 (040700-0):3)
10-31 04:41:42.290  1729  2217 E MDDMetricsProcessor: MDDMetricsProcessor.processDownloadFailed():104 __KLP_delight__en-840 is not requested/started
10-31 04:41:42.290  1729  2217 E MDDMetricsProcessor: MDDMetricsProcessor.processDownloadFailed():104 __KLP_delight__en-840 is not requested/started
10-31 04:41:42.291  1729  2241 I ForegroundDownloadTaskWorker: ForegroundDownloadTaskWorker$1.onSuccess():71 onSuccess
10-31 04:41:42.309  1729  2241 E MDD     : LogUtil.e():151 DownloadListener: onFailure
10-31 04:41:42.309  1729  2241 E MDD     : pnf: Failed to download file group __KLP_delight__en-840
10-31 04:41:42.309  1729  2241 E MDD     : 	at psa.E(PG:30)
10-31 04:41:42.309  1729  2241 E MDD     : 	at pqw.a(PG:1076)
10-31 04:41:42.309  1729  2241 E MDD     : 	at tbs.a(PG:57)
10-31 04:41:42.309  1729  2241 E MDD     : 	at tbe.e(PG:3)
10-31 04:41:42.309  1729  2241 E MDD     : 	at tbg.run(PG:38)
10-31 04:41:42.309  1729  2241 E MDD     : 	at tds.run(PG:64)
10-31 04:41:42.309  1729  2241 E MDD     : 	at java.util.concurrent.Executors$RunnableAdapter.call(Executors.java:457)
10-31 04:41:42.309  1729  2241 E MDD     : 	at java.util.concurrent.FutureTask.run(FutureTask.java:266)
10-31 04:41:42.309  1729  2241 E MDD     : 	at kno.run(PG:8)
10-31 04:41:42.309  1729  2241 E MDD     : 	at java.util.concurrent.ThreadPoolExecutor.runWorker(ThreadPoolExecutor.java:1162)
10-31 04:41:42.309  1729  2241 E MDD     : 	at java.util.concurrent.ThreadPoolExecutor$Worker.run(ThreadPoolExecutor.java:636)
10-31 04:41:42.309  1729  2241 E MDD     : 	at java.lang.Thread.run(Thread.java:764)
10-31 04:41:42.309  1729  2241 E MDD     : 	at kmy.run(PG:8)
10-31 04:41:42.309  1729  2241 E MDD     : Caused by: pns: ANDROID_DOWNLOADER_UNKNOWN_IO_ERROR; Message: Exception in CronetUrlRequest: net::ERR_CONNECTION_TIMED_OUT, ErrorCode=6, InternalErrorCode=-118, Retryable=true;
10-31 04:41:42.309  1729  2241 E MDD     : 	at rlq.a(PG:32)
10-31 04:41:42.309  1729  2241 E MDD     : 	at ppw.a(PG:140)
10-31 04:41:42.309  1729  2241 E MDD     : 	at qgp.m(PG:56)
10-31 04:41:42.309  1729  2241 E MDD     : 	at qgl.run(PG:623)
10-31 04:41:42.309  1729  2241 E MDD     : 	at cua.run(PG:10)
10-31 04:41:42.309  1729  2241 E MDD     : 	at wei.run(PG:27)
10-31 04:41:42.309  1729  2241 E MDD     : 	at knj.run(PG:49)
10-31 04:41:42.309  1729  2241 E MDD     : 	... 4 more
10-31 04:41:42.309  1729  2241 E MDD     : Caused by: m1.mt: Exception in CronetUrlRequest: net::ERR_CONNECTION_TIMED_OUT, ErrorCode=6, InternalErrorCode=-118, Retryable=true
10-31 04:41:42.309  1729  2241 E MDD     : 	at org.chromium.net.impl.CronetUrlRequest.onError(:com.google.android.gms.dynamite_cronetdynamite@254131007@25.41.31 (040700-0):3)
10-31 04:41:42.338  1729  5115 I WM-WorkerWrapper: Worker result SUCCESS for Work [ id=a05ede79-89b5-4723-bb8a-8a448002b6f2, tags={ com.google.android.libraries.inputmethod.mdd.ForegroundDownloadTaskWorker,foreground_download_work } ]
10-31 04:41:42.370  1729  1729 I WM-SystemFgDispatcher: Stopping foreground service
10-31 04:41:57.960  4874  4879 I zygote  : Do partial code cache collection, code=116KB, data=62KB
10-31 04:41:57.961  4874  4879 I zygote  : After code cache collection, code=116KB, data=62KB
10-31 04:41:57.961  4874  4879 I zygote  : Increasing code cache capacity to 512KB
10-31 04:42:00.014  1440  1461 D hwcomposer: hw_composer sent 12 syncs in 60s
10-31 04:42:03.718  1380  1380 E SELinux : avc:  denied  { find } for interface=android.hardware.memtrack::IMemtrack pid=2292 scontext=u:r:priv_app:s0:c512,c768 tcontext=u:object_r:hal_memtrack_hwservice:s0 tclass=hwservice_manager permissive=0
10-31 04:42:03.719  2292  2478 E memtrack: Couldn't load memtrack module
10-31 04:42:03.719  2292  2478 W android.os.Debug: failed to get memory consumption info: -1
10-31 04:42:03.732  2292  2478 I zygote  : Deoptimizing etkr etjb.k(etkn, etkr, int) due to JIT inline cache
10-31 04:42:03.733  2292  2478 I zygote  : Deoptimizing bnxy bocq.c() due to JIT inline cache
10-31 04:42:06.948  2030  4163 I Dialer  : OmtpVvmCarrierCfgHlpr - OmtpEvent:CONFIG_STATUS_SMS_TIME_OUT
10-31 04:42:06.949  2030  2030 I Dialer  : RetryPolicy - discarding deferred status: configuration_state=4
10-31 04:42:06.955  2030  2030 I Dialer  : VvmTaskExecutor - no more tasks, stopping service if no task are added in 5000 millis
10-31 04:42:06.962  2030  2030 I Dialer  : VvmTaskReceiver - task received
10-31 04:42:06.962  2030  2030 I Dialer  : VvmTaskReceiver - TaskExecutor already running
10-31 04:42:06.962  2030  2030 I Dialer  : Task.createTask - create task:com.android.voicemail.impl.ActivationTask
10-31 04:42:06.962  2030  2030 I Dialer  : RetryPolicy - retry #4 for com.android.voicemail.impl.ActivationTask@14e4c7f queued, executing in 5000
10-31 04:42:06.962  2030  2030 I Dialer  : VvmTaskExecutor - com.android.voicemail.impl.ActivationTask@14e4c7f added
10-31 04:42:06.962  2030  2030 I Dialer  : VvmTaskExecutor - minimal wait time:5000
10-31 04:42:06.963  2030  2030 I Dialer  : VvmTaskExecutor - sleep for 5000 millis
10-31 04:42:11.968  2030  4163 I Dialer  : VvmTaskExecutor - executing task com.android.voicemail.impl.ActivationTask@14e4c7f
10-31 04:42:11.968  2030  4163 I Dialer  : PreOMigrationHandler - ComponentInfo{com.android.phone/com.android.services.telephony.TelephonyConnectionService}, [****], UserHandle{0} already migrated
10-31 04:42:12.002  2030  4163 I Dialer  : VvmActivationTask - VVM content provider configured - vvm_type_cvvm
10-31 04:42:12.003  2030  4163 I Dialer  : OmtpVvmCarrierCfgHlpr - OmtpEvent:CONFIG_ACTIVATING
10-31 04:42:12.019  2030  4163 I Dialer  : TelephonyMangerCompat.setVisualVoicemailSmsFilterSettings - using TelephonyManager
10-31 04:42:12.023  2030  4163 I Dialer  : TelephonyMangerCompat.sendVisualVoicemailSms - using TelephonyManager
10-31 04:42:14.038  1447  1447 I boot-pipe: done populating /dev/random
10-31 04:42:18.354  2292  2292 D BoundBrokerSvc: onUnbind: Intent { act=com.google.android.mobstore.service.START pkg=com.google.android.gms }
10-31 04:42:21.282  2292  2292 D BoundBrokerSvc: onUnbind: Intent { act=com.google.android.gms.checkin.START pkg=com.google.android.gms }
10-31 04:42:21.863  4874  4892 D Benchmark: timeNs[ 0:10]: 1430165340 1437082340 1448670060 1457105190 1497087290 1440579830 1454707900 1429335070 1443211660 1436539620
10-31 04:42:21.864  4874  4892 D Benchmark: timeNs[10:20]: 1451145840 1449272150 1429487470 1439990260 1533793320 1770573560 1533968400 1488785150 1526403210 1447113690
10-31 04:42:21.864  4874  4892 D Benchmark: timeNs[20:30]: 1447199290 1473051100 1444318170 1435352410 1449438360 1407988060 1418779990 1442770780 1474796730 1442900110
10-31 04:42:21.864  4874  4892 D Benchmark: timeNs[30:40]: 1427569060 1467252480 1430415200 1421871060 1476786950 1463342670 1505540320 1959182600 1479029140 1482174120
10-31 04:42:21.864  4874  4892 D Benchmark: timeNs[40:50]: 1417052970 1474223530 1455195880 1504192940 1459422550 1442920770 1434554390 1449271500 1445419780 1448893890
10-31 04:42:23.376  2009  2009 D BoundBrokerSvc: onUnbind: Intent { act=com.google.android.gms.time.trustedtime.service.START dat=chimera-action: cmp=com.google.android.gms/.chimera.PersistentApiService }
10-31 04:42:24.452  2292  2292 D BoundBrokerSvc: onUnbind: Intent { act=com.google.android.gms.credential.manager.service.firstparty.START dat=chimera-action: cmp=com.google.android.gms/.chimera.GmsApiService }
10-31 04:42:26.505  2009  2009 D BoundBrokerSvc: onUnbind: Intent { act=com.google.android.gms.cast.firstparty.START dat=chimera-action: cmp=com.google.android.gms/.chimera.PersistentApiService }
10-31 04:42:26.707  5124  5124 W zygote  : Unexpected CPU variant for X86 using defaults: x86
10-31 04:42:26.715  2246  2246 I BgTaskExecutorImpl: (REDACTED) Starting %s background task %s.
10-31 04:42:26.759  2246  5139 I NetworkRecognitionRnr: Using pair HTTP connection
10-31 04:42:26.761  2246  3553 I A       : [Upload] Connected
10-31 04:42:26.766  1636  3722 I WifiService: getWifiEnabledState uid=10032
10-31 04:42:26.769  2246  2471 I A       : Flag is_largescreen_foldable_phone is false
10-31 04:42:26.769  2246  2471 I A       : (REDACTED) Flag is_whitelisted_as_tablet is %b
10-31 04:42:26.769  2246  2471 I A       : (REDACTED) R.bool.is_tablet is %b
10-31 04:42:26.773  2246  3553 I NetworkRecognitionRnr: Using pair HTTP connection
10-31 04:42:26.774  2246  2441 I A       : (REDACTED) isOpaHotwordEnabled: %b
10-31 04:42:26.774  2246  2441 I A       : Disabling the hotword detector.
10-31 04:42:26.776  2246  3550 I A       : [Upload] Connected
10-31 04:42:26.777  2246  2441 I MicroDetectionState: (REDACTED) Updating hotword opa ineligibility to %b
10-31 04:42:26.777  2246  2246 E A       : onError
10-31 04:42:26.777  2246  2246 E A       : com.google.android.apps.gsa.shared.speech.a.m: errorCode: 65561, engine: 2
10-31 04:42:26.777  2246  2246 E A       : 	at com.google.android.apps.gsa.staticplugins.cy.a.f.a(PG:3)
10-31 04:42:26.777  2246  2246 E A       : 	at com.google.android.apps.gsa.s3.o.gQ(PG:1)
10-31 04:42:26.777  2246  2246 E A       : 	at com.google.cd.g.a.f.e(PG:2)
10-31 04:42:26.777  2246  2246 E A       : 	at com.google.android.apps.gsa.speech.k.a.g.d(PG:22)
10-31 04:42:26.777  2246  2246 E A       : 	at com.google.android.apps.gsa.speech.k.a.g.jA(PG:6)
10-31 04:42:26.777  2246  2246 E A       : 	at com.google.android.apps.gsa.s3.p.c(PG:14)
10-31 04:42:26.777  2246  2246 E A       : 	at com.google.android.apps.gsa.s3.q.run(PG:1)
10-31 04:42:26.777  2246  2246 E A       : 	at java.util.concurrent.Executors$RunnableAdapter.call(Executors.java:457)
10-31 04:42:26.777  2246  2246 E A       : 	at java.util.concurrent.FutureTask.run(FutureTask.java:266)
10-31 04:42:26.777  2246  2246 E A       : 	at com.google.android.apps.gsa.shared.util.c.a.e.run(PG:2)
10-31 04:42:26.777  2246  2246 E A       : 	at com.google.android.apps.gsa.shared.util.c.a.bh.run(PG:1)
10-31 04:42:26.777  2246  2246 E A       : 	at com.google.android.apps.gsa.shared.util.c.a.bh.run(PG:1)
10-31 04:42:26.777  2246  2246 E A       : 	at java.util.concurrent.ThreadPoolExecutor.runWorker(ThreadPoolExecutor.java:1162)
10-31 04:42:26.777  2246  2246 E A       : 	at java.util.concurrent.ThreadPoolExecutor$Worker.run(ThreadPoolExecutor.java:636)
10-31 04:42:26.777  2246  2246 E A       : 	at java.lang.Thread.run(Thread.java:764)
10-31 04:42:26.777  2246  2246 E A       : 	at com.google.android.apps.gsa.shared.util.c.a.l.run(PG:5)
10-31 04:42:26.777  2246  2246 E A       : Caused by: com.google.android.apps.gsa.shared.speech.a.o: errorCode: 65586, engine: 2
10-31 04:42:26.777  2246  2246 E A       : 	... 15 more
10-31 04:42:26.777  2246  2246 E A       : Caused by: com.google.android.apps.gsa.shared.speech.a.k: errorCode: 401, engine: 2
10-31 04:42:26.777  2246  2246 E A       : 	at com.google.android.apps.gsa.assistant.shared.n.h.a(PG:5)
10-31 04:42:26.777  2246  2246 E A       : 	at com.google.android.apps.gsa.s3.producers.j.hl(PG:2)
10-31 04:42:26.777  2246  2246 E A       : 	at com.google.android.apps.gsa.speech.k.a.g.d(PG:16)
10-31 04:42:26.777  2246  2246 E A       : 	... 12 more
10-31 04:42:26.777  2246  2441 I A       : getLocaleToModelSpecsMap
10-31 04:42:26.778  2246  2441 I A       : getLocaleToModelSpecsMap
10-31 04:42:26.780  2246  2246 W A       : Failed to sync device settings.
10-31 04:42:26.780  2246  2246 I A       : Retrying to sync device settings.
10-31 04:42:26.782  2246  2441 I A       : getLocaleToModelSpecsMap
10-31 04:42:26.789  2246  2441 I A       : getLocaleToModelSpecsMap
10-31 04:42:26.790  2116  2116 I A       : (REDACTED) Created gRPC endpoint for service %s
10-31 04:42:26.794  2246  2441 I A       : getLocaleToModelSpecsMap
10-31 04:42:26.797  2116  2475 W A       : Receive an config update when there's no subscriber. Ignore the request!
10-31 04:42:26.798  2246  2441 I A       : getLocaleToModelSpecsMap
10-31 04:42:26.798  2246  2441 I chatty  : uid=10032(com.google.android.googlequicksearchbox) EventBus0 identical 2 lines
10-31 04:42:26.801  2246  2441 I A       : getLocaleToModelSpecsMap
10-31 04:42:26.801  2246  2441 I A       : Proto config empty. Exit merge.
10-31 04:42:26.801  2246  2441 I A       : getLocaleToModelSpecsMap
10-31 04:42:26.802  2246  2441 I A       : getLocaleToModelSpecsMap
10-31 04:42:26.804  5124  5124 W ResourceType: ResTable_typeSpec entry count inconsistent: given 40, previously 43
10-31 04:42:26.805  5124  5124 W ResourceType: ResTable_typeSpec entry count inconsistent: given 9705, previously 9706
10-31 04:42:26.805  2246  2441 I MicroDetectionWorker: (REDACTED) Initializing MicroDataManager InitializeType-%d, isForced-%b, isActivePhoneEnrollment-%b isActiveGoogleHomeEnrollment-%b
10-31 04:42:26.806  2246  2441 I A       : getLocaleToModelSpecsMap
10-31 04:42:26.806  2246  2441 I chatty  : uid=10032(com.google.android.googlequicksearchbox) EventBus0 identical 2 lines
10-31 04:42:26.806  2246  2441 I A       : getLocaleToModelSpecsMap
10-31 04:42:26.806  2246  2441 I A       : Proto config empty. Exit merge.
10-31 04:42:26.807  2246  2441 I MicroDataManager: (REDACTED) Location for model with model type: %s and locale: %s, is : %s
10-31 04:42:26.807  2246  2441 I A       : (REDACTED) isOpaHotwordEnabled: %b
10-31 04:42:26.807  2246  2441 I A       : Disabling the hotword detector.
10-31 04:42:26.810  2246  2441 I MicroDetectionState: (REDACTED) #takeChangeMicroDetectorMode [mIsBargeInEnabled: %b, mCurrentDetectionMode: %s]
10-31 04:42:26.816  5124  5124 W ResourceType: ResTable_typeSpec entry count inconsistent: given 4044, previously 4062
10-31 04:42:26.816  2246  2441 I MicroDetectionState: (REDACTED) Should stop hotword detection immediately - %b
10-31 04:42:26.816  2246  2441 I A       : (REDACTED) isOpaHotwordEnabled: %b
10-31 04:42:26.817  2246  2441 I A       : Disabling the hotword detector.
10-31 04:42:26.818  2116  2476 W A       : Receive an config update when there's no subscriber. Ignore the request!
10-31 04:42:26.819  2246  2441 I MicroDetectionState: (REDACTED) #takeChangeMicroDetectorMode [mIsBargeInEnabled: %b, mCurrentDetectionMode: %s]
10-31 04:42:26.819  2246  2441 I MicroDetectionState: (REDACTED) Should stop hotword detection immediately - %b
10-31 04:42:26.819  5124  5124 W ResourceType: ResTable_typeSpec entry count inconsistent: given 393, previously 3608
10-31 04:42:26.820  2246  2455 I A       : Flag is_largescreen_foldable_phone is false
10-31 04:42:26.820  2246  2455 I A       : (REDACTED) Flag is_whitelisted_as_tablet is %b
10-31 04:42:26.820  2246  2441 I A       : getLocaleToModelSpecsMap
10-31 04:42:26.820  2246  2441 I A       : Proto config empty. Exit merge.
10-31 04:42:26.820  2246  2455 I A       : (REDACTED) R.bool.is_tablet is %b
10-31 04:42:26.821  2116  2476 W A       : Receive an config update when there's no subscriber. Ignore the request!
10-31 04:42:26.828  1636  4479 I WifiService: getWifiEnabledState uid=10032
10-31 04:42:26.994  2009  5136 I PlatformConfigurator: updateFromConfigurations using legacy put method [CONTEXT service_id=204 ]
10-31 04:42:27.003  2009  5136 I PlatformConfigurator: updateFromConfigurations using legacy put method [CONTEXT service_id=204 ]
10-31 04:42:27.060  5124  5144 I zygote  : System.exit called, status: 0
10-31 04:42:27.060  5124  5144 I AndroidRuntime: VM exiting with result code 0, cleanup skipped.
10-31 04:42:27.101  1636  1652 W zygote  : kill(-5124, 9) failed: No such process
10-31 04:42:27.102  1636  1652 I zygote  : Successfully killed process cgroup uid 10065 pid 5124 in 0ms
10-31 04:42:27.320  2009  2009 D BoundBrokerSvc: onUnbind: Intent { act=com.google.android.gms.pseudonymous.service.START dat=chimera-action: cmp=com.google.android.gms/.chimera.PersistentApiService }
10-31 04:42:28.841  1636  4479 I WifiService: getWifiEnabledState uid=10032
10-31 04:42:28.848  1807  1807 D PhoneSwitcherNetworkRequstListener: got request NetworkRequest [ REQUEST id=50, [ Transports: CELLULAR Capabilities: INTERNET&NOT_RESTRICTED&TRUSTED&NOT_VPN] ] with score 50
10-31 04:42:28.848  1636  1707 D WIFI_UT : got request NetworkRequest [ REQUEST id=50, [ Transports: CELLULAR Capabilities: INTERNET&NOT_RESTRICTED&TRUSTED&NOT_VPN] ] with score 50
10-31 04:42:28.848  1636  1707 D WIFI    : got request NetworkRequest [ REQUEST id=50, [ Transports: CELLULAR Capabilities: INTERNET&NOT_RESTRICTED&TRUSTED&NOT_VPN] ] with score 50
10-31 04:42:28.867  1636  2712 D NetworkMonitor/NetworkAgentInfo [WIFI () - 101]: Forcing reevaluation for UID 10032
10-31 04:42:28.886  1636  5151 D NetworkMonitor/NetworkAgentInfo [WIFI () - 101]: PROBE_DNS connectivitycheck.gstatic.com 18ms OK 142.250.180.99,2a00:1450:400e:803::2003
10-31 04:42:28.886  1636  5150 D NetworkMonitor/NetworkAgentInfo [WIFI () - 101]: PROBE_DNS www.google.com 17ms OK 142.251.39.132,2a00:1450:400e:804::2004
10-31 04:42:28.912  1636  5150 D NetworkMonitor/NetworkAgentInfo [WIFI () - 101]: PROBE_HTTPS https://www.google.com/generate_204 time=26ms ret=204 request={User-Agent=[Mozilla/5.0 (X11; Linux x86_64) AppleWebKit/537.36 (KHTML, like Gecko) Chrome/60.0.3112.32 Safari/537.36]} headers={null=[HTTP/1.1 204 No Content], Alt-Svc=[h3=":443"; ma=2592000,h3-29=":443"; ma=2592000], Content-Length=[0], Cross-Origin-Resource-Policy=[cross-origin], Date=[Fri, 31 Oct 2025 01:42:29 GMT], X-Android-Received-Millis=[1761874948912], X-Android-Response-Source=[NETWORK 204], X-Android-Selected-Protocol=[http/1.1], X-Android-Sent-Millis=[1761874948888]}
10-31 04:42:28.940  1636  5151 D NetworkMonitor/NetworkAgentInfo [WIFI () - 101]: PROBE_HTTP http://connectivitycheck.gstatic.com/generate_204 time=53ms ret=204 request={User-Agent=[Mozilla/5.0 (X11; Linux x86_64) AppleWebKit/537.36 (KHTML, like Gecko) Chrome/60.0.3112.32 Safari/537.36]} headers={null=[HTTP/1.1 204 No Content], Content-Length=[0], Cross-Origin-Resource-Policy=[cross-origin], Date=[Fri, 31 Oct 2025 01:42:29 GMT], X-Android-Received-Millis=[1761874948939], X-Android-Response-Source=[NETWORK 204], X-Android-Selected-Protocol=[http/1.1], X-Android-Sent-Millis=[1761874948888]}
10-31 04:42:29.226  4874  4892 D Benchmark: allocationCount[ 0:10]: 83024 83040 83034 83034 83034
10-31 04:42:29.226  4874  4892 D Benchmark: Set 4892 (Bench thread) to priority -8. Was -20, now -8
10-31 04:42:29.226  4874  4892 D Benchmark: Set 4879 (Jit) to priority 9. Was -15, now 9
10-31 04:42:29.226  4874  4892 D Benchmark: Warmup: t=45.203, iter=30, fastAvg=1513738240, slowAvg=1995131904
10-31 04:42:29.226  4874  4892 I OtelSdkManager_DEBUG: --- Otel SDK Shutdown Initiated ---
10-31 04:42:29.227  4874  4892 W OtelSdkManager_DEBUG: SDK is null, cannot perform shutdown.
10-31 04:42:29.233  4874  4892 I PerfettoCapture: Stopping perfetto.
10-31 04:42:29.242  5074  5074 I perfetto:    perfetto_cmd.cc:1212 SIGINT/SIGTERM received: disabling tracing.
10-31 04:42:29.245  5078  5078 I perfetto:  probes_producer.cc:449 Producer stop (id=1)
10-31 04:42:29.245  5078  5078 I perfetto:    ftrace_procfs.cc:435 disabled ftrace in /sys/kernel/debug/tracing/
10-31 04:42:29.259  4874  4892 D Benchmark: kill -TERM command output - Output(stdout=, stderr=)
10-31 04:42:29.371  4874  4892 D Benchmark: Waiting 100 ms for [ProcessPid(processName=tracebox, pid=5074)] to die
10-31 04:42:29.439  5078  5078 E perfetto:    ftrace_procfs.cc:399 Failed to clear buffer for CPU 0
10-31 04:42:29.439  5078  5078 E perfetto:    ftrace_procfs.cc:399 Failed to clear buffer for CPU 1
10-31 04:42:29.440  5078  5078 E perfetto:    ftrace_procfs.cc:399 Failed to clear buffer for CPU 2
10-31 04:42:29.440  5078  5078 E perfetto:    ftrace_procfs.cc:399 Failed to clear buffer for CPU 3
10-31 04:42:29.440  5078  5078 I perfetto:    ftrace_procfs.cc:435 disabled ftrace in /sys/kernel/debug/tracing/
10-31 04:42:29.494  4874  4892 D Benchmark: Waiting 100 ms for [ProcessPid(processName=tracebox, pid=5074)] to die
10-31 04:42:29.544  1379  1379 E SELinux : avc:  denied  { find } for service=netd pid=5171 uid=2000 scontext=u:r:shell:s0 tcontext=u:object_r:netd_service:s0 tclass=service_manager permissive=0
10-31 04:42:29.531  5171  5171 W atrace  : type=1400 audit(0.0:13): avc: denied { call } for scontext=u:r:shell:s0 tcontext=u:r:wificond:s0 tclass=binder permissive=0
10-31 04:42:29.556  1379  1379 E SELinux : avc:  denied  { find } for service=android.service.gatekeeper.IGateKeeperService pid=5171 uid=2000 scontext=u:r:shell:s0 tcontext=u:object_r:gatekeeper_service:s0 tclass=service_manager permissive=0
10-31 04:42:29.556  1379  1379 E SELinux : avc:  denied  { find } for service=installd pid=5171 uid=2000 scontext=u:r:shell:s0 tcontext=u:object_r:installd_service:s0 tclass=service_manager permissive=0
10-31 04:42:29.559  1380  1380 E SELinux : avc:  denied  { find } for interface=android.frameworks.displayservice::IDisplayService pid=5171 scontext=u:r:shell:s0 tcontext=u:object_r:fwk_display_hwservice:s0 tclass=hwservice_manager permissive=0
10-31 04:42:29.559  1380  1380 E SELinux : avc:  denied  { find } for interface=android.frameworks.schedulerservice::ISchedulingPolicyService pid=5171 scontext=u:r:shell:s0 tcontext=u:object_r:fwk_scheduler_hwservice:s0 tclass=hwservice_manager permissive=0
10-31 04:42:29.560  1380  1380 E SELinux : avc:  denied  { find } for interface=android.frameworks.sensorservice::ISensorManager pid=5171 scontext=u:r:shell:s0 tcontext=u:object_r:fwk_sensor_hwservice:s0 tclass=hwservice_manager permissive=0
10-31 04:42:29.560  1380  1380 E SELinux : avc:  denied  { find } for interface=android.hardware.audio.effect::IEffectsFactory pid=5171 scontext=u:r:shell:s0 tcontext=u:object_r:hal_audio_hwservice:s0 tclass=hwservice_manager permissive=0
10-31 04:42:29.560  1380  1380 E SELinux : avc:  denied  { find } for interface=android.hardware.audio::IDevicesFactory pid=5171 scontext=u:r:shell:s0 tcontext=u:object_r:hal_audio_hwservice:s0 tclass=hwservice_manager permissive=0
10-31 04:42:29.560  1380  1380 E SELinux : avc:  denied  { find } for interface=android.hardware.biometrics.fingerprint::IBiometricsFingerprint pid=5171 scontext=u:r:shell:s0 tcontext=u:object_r:hal_fingerprint_hwservice:s0 tclass=hwservice_manager permissive=0
10-31 04:42:29.561  1380  1380 E SELinux : avc:  denied  { find } for interface=android.hardware.camera.provider::ICameraProvider pid=5171 scontext=u:r:shell:s0 tcontext=u:object_r:hal_camera_hwservice:s0 tclass=hwservice_manager permissive=0
10-31 04:42:29.561  1380  1380 E SELinux : avc:  denied  { find } for interface=android.hardware.drm::ICryptoFactory pid=5171 scontext=u:r:shell:s0 tcontext=u:object_r:hal_drm_hwservice:s0 tclass=hwservice_manager permissive=0
10-31 04:42:29.561  1380  1380 E SELinux : avc:  denied  { find } for interface=android.hardware.drm::ICryptoFactory pid=5171 scontext=u:r:shell:s0 tcontext=u:object_r:hal_drm_hwservice:s0 tclass=hwservice_manager permissive=0
10-31 04:42:29.562  1380  1380 E SELinux : avc:  denied  { find } for interface=android.hardware.drm::IDrmFactory pid=5171 scontext=u:r:shell:s0 tcontext=u:object_r:hal_drm_hwservice:s0 tclass=hwservice_manager permissive=0
10-31 04:42:29.562  1380  1380 E SELinux : avc:  denied  { find } for interface=android.hardware.drm::IDrmFactory pid=5171 scontext=u:r:shell:s0 tcontext=u:object_r:hal_drm_hwservice:s0 tclass=hwservice_manager permissive=0
10-31 04:42:29.562  1380  1380 E SELinux : avc:  denied  { find } for interface=android.hardware.gatekeeper::IGatekeeper pid=5171 scontext=u:r:shell:s0 tcontext=u:object_r:hal_gatekeeper_hwservice:s0 tclass=hwservice_manager permissive=0
10-31 04:42:29.562  1380  1380 E SELinux : avc:  denied  { find } for interface=android.hardware.gnss::IGnss pid=5171 scontext=u:r:shell:s0 tcontext=u:object_r:hal_gnss_hwservice:s0 tclass=hwservice_manager permissive=0
10-31 04:42:29.563  1380  1380 E SELinux : avc:  denied  { find } for interface=android.hardware.graphics.composer::IComposer pid=5171 scontext=u:r:shell:s0 tcontext=u:object_r:hal_graphics_composer_hwservice:s0 tclass=hwservice_manager permissive=0
10-31 04:42:29.563  1380  1380 E SELinux : avc:  denied  { find } for interface=android.hardware.keymaster::IKeymasterDevice pid=5171 scontext=u:r:shell:s0 tcontext=u:object_r:hal_keymaster_hwservice:s0 tclass=hwservice_manager permissive=0
10-31 04:42:29.563  1380  1380 E SELinux : avc:  denied  { find } for interface=android.hardware.power::IPower pid=5171 scontext=u:r:shell:s0 tcontext=u:object_r:hal_power_hwservice:s0 tclass=hwservice_manager permissive=0
10-31 04:42:29.563  1380  1380 E SELinux : avc:  denied  { find } for interface=android.hardware.radio.deprecated::IOemHook pid=5171 scontext=u:r:shell:s0 tcontext=u:object_r:hal_telephony_hwservice:s0 tclass=hwservice_manager permissive=0
10-31 04:42:29.564  1380  1380 E SELinux : avc:  denied  { find } for interface=android.hardware.radio::IRadio pid=5171 scontext=u:r:shell:s0 tcontext=u:object_r:hal_telephony_hwservice:s0 tclass=hwservice_manager permissive=0
10-31 04:42:29.564  1380  1380 E SELinux : avc:  denied  { find } for interface=android.hardware.radio::IRadio pid=5171 scontext=u:r:shell:s0 tcontext=u:object_r:hal_telephony_hwservice:s0 tclass=hwservice_manager permissive=0
10-31 04:42:29.564  1380  1380 E SELinux : avc:  denied  { find } for interface=android.hardware.sensors::ISensors pid=5171 scontext=u:r:shell:s0 tcontext=u:object_r:hal_sensors_hwservice:s0 tclass=hwservice_manager permissive=0
10-31 04:42:29.564  1380  1380 E SELinux : avc:  denied  { find } for interface=android.hardware.soundtrigger::ISoundTriggerHw pid=5171 scontext=u:r:shell:s0 tcontext=u:object_r:hal_audio_hwservice:s0 tclass=hwservice_manager permissive=0
10-31 04:42:29.564  1380  1380 E SELinux : avc:  denied  { find } for interface=android.hardware.wifi.supplicant::ISupplicant pid=5171 scontext=u:r:shell:s0 tcontext=u:object_r:hal_wifi_supplicant_hwservice:s0 tclass=hwservice_manager permissive=0
10-31 04:42:29.564  1380  1380 E SELinux : avc:  denied  { find } for interface=android.hardware.wifi::IWifi pid=5171 scontext=u:r:shell:s0 tcontext=u:object_r:hal_wifi_hwservice:s0 tclass=hwservice_manager permissive=0
10-31 04:42:29.565  1380  1380 E SELinux : avc:  denied  { find } for interface=android.hardware.wifi::IWifi pid=5171 scontext=u:r:shell:s0 tcontext=u:object_r:hal_wifi_hwservice:s0 tclass=hwservice_manager permissive=0
10-31 04:42:29.565  1380  1380 E SELinux : avc:  denied  { find } for interface=android.hidl.base::IBase pid=5171 scontext=u:r:shell:s0 tcontext=u:object_r:hidl_base_hwservice:s0 tclass=hwservice_manager permissive=0
10-31 04:42:29.565  1380  1380 I chatty  : uid=1000(system) hwservicemanage identical 3 lines
10-31 04:42:29.565  1380  1380 E SELinux : avc:  denied  { find } for interface=android.hidl.base::IBase pid=5171 scontext=u:r:shell:s0 tcontext=u:object_r:hidl_base_hwservice:s0 tclass=hwservice_manager permissive=0
10-31 04:42:29.566  1380  1380 E SELinux : avc:  denied  { find } for interface=android.system.net.netd::INetd pid=5171 scontext=u:r:shell:s0 tcontext=u:object_r:system_net_netd_hwservice:s0 tclass=hwservice_manager permissive=0
10-31 04:42:29.566  1380  1380 E SELinux : avc:  denied  { find } for interface=android.system.wifi.keystore::IKeystore pid=5171 scontext=u:r:shell:s0 tcontext=u:object_r:system_wifi_keystore_hwservice:s0 tclass=hwservice_manager permissive=0
10-31 04:42:29.567  5171  5171 I atrace  : Dumping trace
10-31 04:42:29.609  4874  4892 D Benchmark: Waiting 100 ms for [ProcessPid(processName=tracebox, pid=5074)] to die
10-31 04:42:29.720  4874  4892 D Benchmark: Waiting 100 ms for [ProcessPid(processName=tracebox, pid=5074)] to die
10-31 04:42:29.821  1379  1379 E SELinux : avc:  denied  { find } for service=netd pid=5171 uid=2000 scontext=u:r:shell:s0 tcontext=u:object_r:netd_service:s0 tclass=service_manager permissive=0
10-31 04:42:29.811  5171  5171 W atrace  : type=1400 audit(0.0:14): avc: denied { call } for scontext=u:r:shell:s0 tcontext=u:r:wificond:s0 tclass=binder permissive=0
10-31 04:42:29.825  1379  1379 E SELinux : avc:  denied  { find } for service=android.service.gatekeeper.IGateKeeperService pid=5171 uid=2000 scontext=u:r:shell:s0 tcontext=u:object_r:gatekeeper_service:s0 tclass=service_manager permissive=0
10-31 04:42:29.825  1379  1379 E SELinux : avc:  denied  { find } for service=installd pid=5171 uid=2000 scontext=u:r:shell:s0 tcontext=u:object_r:installd_service:s0 tclass=service_manager permissive=0
10-31 04:42:29.831  4874  4892 D Benchmark: Waiting 100 ms for [ProcessPid(processName=tracebox, pid=5074)] to die
10-31 04:42:29.860  5078  5078 I perfetto:  probes_producer.cc:449 Producer stop (id=2)
10-31 04:42:29.861  5078  5078 I perfetto:  probes_producer.cc:449 Producer stop (id=3)
10-31 04:42:29.861  5078  5078 I perfetto:  probes_producer.cc:449 Producer stop (id=4)
10-31 04:42:29.861  5078  5078 I perfetto:  probes_producer.cc:449 Producer stop (id=5)
10-31 04:42:29.872  5074  5074 I perfetto:    perfetto_cmd.cc:1163 Trace written into the output file
10-31 04:42:29.940  4874  4892 D Benchmark: Waiting 100 ms for [ProcessPid(processName=tracebox, pid=5074)] to die
10-31 04:42:29.953  4874  4892 I PerfettoCapture: Writing to /storage/emulated/0/Android/data/com.distributedMessenger.benchmark/cache/UserCrudBenchmark_benchmark_RegisterUser_2025-10-31-01-42-29.perfetto-trace.
10-31 04:42:30.073  4874  4892 D Benchmark: Moving /storage/emulated/0/Android/data/com.distributedMessenger.benchmark/cache/UserCrudBenchmark_benchmark_RegisterUser_2025-10-31-01-42-29.perfetto-trace to /storage/emulated/0/Android/data/com.distributedMessenger.benchmark/files/test_data/UserCrudBenchmark_benchmark_RegisterUser_2025-10-31-01-42-29.perfetto-trace
10-31 04:42:30.109  4874  4892 I Benchmark: DEBUGGABLE_EMULATOR_UserCrudBenchmark.benchmark_RegisterUser[Metric (timeNs) results: median 1.449082695E9, min 1.40798806E9, max 1.9591826E9, standardDeviation: 8.798582450187825E7, Metric (allocationCount) results: median 83034.0, min 83024.0, max 83040.0, standardDeviation: 5.761944116355173]count=1
10-31 04:42:30.116  4874  4892 D Benchmark: writing results to /storage/emulated/0/Android/data/com.distributedMessenger.benchmark/cache/com_distributedMessenger_benchmark-benchmarkData.json
10-31 04:42:30.122  4874  4892 D Benchmark: Moving /storage/emulated/0/Android/data/com.distributedMessenger.benchmark/cache/com_distributedMessenger_benchmark-benchmarkData.json to /storage/emulated/0/Android/data/com.distributedMessenger.benchmark/files/test_data/com_distributedMessenger_benchmark-benchmarkData.json
10-31 04:42:30.124  4874  4892 I TestRunner: finished: benchmark_RegisterUser(com.distributedMessenger.benchmark.UserCrudBenchmark)
