11-01 00:05:12.144  6314  6330 I UserService: 2025-11-01 00:05:12 [INFO] UserService - Attempting to register user 'benchmark-user-d2a34f4e-a023-4cfa-895c-a24e77dcd6d9'.;
11-01 00:05:12.144  6314  6330 I UserRepository: 2025-11-01 00:05:12 [INFO] UserRepository - Calling findByUsername;
11-01 00:05:12.147  6314  6330 D UserRepository: 2025-11-01 00:05:12 [DEBUG] UserRepository - findByUsername succeeded: null;
11-01 00:05:13.864  6314  6330 I UserRepository: 2025-11-01 00:05:13 [INFO] UserRepository - Calling addUser;
11-01 00:05:13.878  6314  6330 D UserRepository: 2025-11-01 00:05:13 [DEBUG] UserRepository - addUser succeeded: c462f568-92a1-410f-9c7a-92119216c677;
11-01 00:05:13.880  6314  6330 I UserService: 2025-11-01 00:05:13 [INFO] UserService - Attempting to register user 'benchmark-user-73a1dc8b-6df6-450d-91c8-adc36139e7d8'.;
11-01 00:05:13.881  6314  6330 I UserRepository: 2025-11-01 00:05:13 [INFO] UserRepository - Calling findByUsername;
11-01 00:05:13.889  6314  6330 D UserRepository: 2025-11-01 00:05:13 [DEBUG] UserRepository - findByUsername succeeded: null;
11-01 00:05:15.698  6314  6330 I UserRepository: 2025-11-01 00:05:15 [INFO] UserRepository - Calling addUser;
11-01 00:05:15.704  6314  6330 D UserRepository: 2025-11-01 00:05:15 [DEBUG] UserRepository - addUser succeeded: face92cf-77b2-402a-b2ac-4396b8d5b8d8;
11-01 00:05:15.705  6314  6330 I UserService: 2025-11-01 00:05:15 [INFO] UserService - Attempting to register user 'benchmark-user-1ec63a6f-349f-4f6b-b2bd-0201423bfe7f'.;
11-01 00:05:15.706  6314  6330 I UserRepository: 2025-11-01 00:05:15 [INFO] UserRepository - Calling findByUsername;
11-01 00:05:15.708  6314  6330 D UserRepository: 2025-11-01 00:05:15 [DEBUG] UserRepository - findByUsername succeeded: null;
11-01 00:05:15.745  6314  6329 I zygote  : Waiting for a blocking GC ProfileSaver
11-01 00:05:15.794  6314  6329 I zygote  : WaitForGcToComplete blocked ProfileSaver on HeapTrim for 49.722ms
11-01 00:05:17.188  6314  6330 I UserRepository: 2025-11-01 00:05:17 [INFO] UserRepository - Calling addUser;
11-01 00:05:17.194  6314  6330 D UserRepository: 2025-11-01 00:05:17 [DEBUG] UserRepository - addUser succeeded: 64abc5a1-d9c8-4d30-9568-cc48ee41acfd;
11-01 00:05:17.195  6314  6330 I UserService: 2025-11-01 00:05:17 [INFO] UserService - Attempting to register user 'benchmark-user-890332c7-4318-480b-9a4a-e57f67a57278'.;
11-01 00:05:17.196  6314  6330 I UserRepository: 2025-11-01 00:05:17 [INFO] UserRepository - Calling findByUsername;
11-01 00:05:17.198  6314  6330 D UserRepository: 2025-11-01 00:05:17 [DEBUG] UserRepository - findByUsername succeeded: null;
11-01 00:05:18.672  6314  6330 I UserRepository: 2025-11-01 00:05:18 [INFO] UserRepository - Calling addUser;
11-01 00:05:18.675  6314  6330 D UserRepository: 2025-11-01 00:05:18 [DEBUG] UserRepository - addUser succeeded: 402fd57d-f98c-4a74-9596-ff1b3f41ec5e;
11-01 00:05:18.675  6314  6330 I UserService: 2025-11-01 00:05:18 [INFO] UserService - Attempting to register user 'benchmark-user-8bb3e83f-9f73-49e1-b205-b206eccb343e'.;
11-01 00:05:18.676  6314  6330 I UserRepository: 2025-11-01 00:05:18 [INFO] UserRepository - Calling findByUsername;
11-01 00:05:18.678  6314  6330 D UserRepository: 2025-11-01 00:05:18 [DEBUG] UserRepository - findByUsername succeeded: null;
11-01 00:05:20.152  6314  6330 I UserRepository: 2025-11-01 00:05:20 [INFO] UserRepository - Calling addUser;
11-01 00:05:20.161  6314  6330 D UserRepository: 2025-11-01 00:05:20 [DEBUG] UserRepository - addUser succeeded: 51a16ae9-bd89-4e43-8474-54764ae827b6;
11-01 00:05:20.162  6314  6330 I UserService: 2025-11-01 00:05:20 [INFO] UserService - Attempting to register user 'benchmark-user-e066c9a7-f655-487f-ab9f-6204a6ca57d5'.;
11-01 00:05:20.162  6314  6330 I UserRepository: 2025-11-01 00:05:20 [INFO] UserRepository - Calling findByUsername;
11-01 00:05:20.165  6314  6330 D UserRepository: 2025-11-01 00:05:20 [DEBUG] UserRepository - findByUsername succeeded: null;
11-01 00:05:21.658  6314  6330 I UserRepository: 2025-11-01 00:05:21 [INFO] UserRepository - Calling addUser;
11-01 00:05:21.663  6314  6330 D UserRepository: 2025-11-01 00:05:21 [DEBUG] UserRepository - addUser succeeded: 428ce3c9-c98d-4043-8445-d65efdbb1be4;
11-01 00:05:21.664  6314  6330 I UserService: 2025-11-01 00:05:21 [INFO] UserService - Attempting to register user 'benchmark-user-b85e72c1-349d-4395-8f10-5a17ce050910'.;
11-01 00:05:21.664  6314  6330 I UserRepository: 2025-11-01 00:05:21 [INFO] UserRepository - Calling findByUsername;
11-01 00:05:21.666  6314  6330 D UserRepository: 2025-11-01 00:05:21 [DEBUG] UserRepository - findByUsername succeeded: null;
11-01 00:05:23.152  6314  6319 I zygote  : Do full code cache collection, code=121KB, data=67KB
11-01 00:05:23.153  6314  6330 I UserRepository: 2025-11-01 00:05:23 [INFO] UserRepository - Calling addUser;
11-01 00:05:23.154  6314  6319 I zygote  : After code cache collection, code=116KB, data=57KB
11-01 00:05:23.160  6314  6330 D UserRepository: 2025-11-01 00:05:23 [DEBUG] UserRepository - addUser succeeded: 0e74f441-1676-487d-8dcb-35c7cfbf9a56;
11-01 00:05:23.161  6314  6330 I UserService: 2025-11-01 00:05:23 [INFO] UserService - Attempting to register user 'benchmark-user-1a6e2de6-f81a-4662-af45-b041e6266db0'.;
11-01 00:05:23.162  6314  6330 I UserRepository: 2025-11-01 00:05:23 [INFO] UserRepository - Calling findByUsername;
11-01 00:05:23.164  6314  6330 D UserRepository: 2025-11-01 00:05:23 [DEBUG] UserRepository - findByUsername succeeded: null;
11-01 00:05:24.607  6314  6330 I UserRepository: 2025-11-01 00:05:24 [INFO] UserRepository - Calling addUser;
11-01 00:05:24.612  6314  6330 D UserRepository: 2025-11-01 00:05:24 [DEBUG] UserRepository - addUser succeeded: a30a97fd-0f37-48c8-b83a-151ad5cde5d8;
11-01 00:05:24.613  6314  6330 I UserService: 2025-11-01 00:05:24 [INFO] UserService - Attempting to register user 'benchmark-user-f8fd0d54-a122-4765-937e-23d42a40043a'.;
11-01 00:05:24.614  6314  6330 I UserRepository: 2025-11-01 00:05:24 [INFO] UserRepository - Calling findByUsername;
11-01 00:05:24.618  6314  6330 D UserRepository: 2025-11-01 00:05:24 [DEBUG] UserRepository - findByUsername succeeded: null;
11-01 00:05:26.057  6314  6330 I UserRepository: 2025-11-01 00:05:26 [INFO] UserRepository - Calling addUser;
11-01 00:05:26.065  6314  6330 D UserRepository: 2025-11-01 00:05:26 [DEBUG] UserRepository - addUser succeeded: 34c92b3a-c939-4031-b678-8554c8b80f21;
11-01 00:05:26.065  6314  6330 I UserService: 2025-11-01 00:05:26 [INFO] UserService - Attempting to register user 'benchmark-user-b4600138-6d77-4daf-a8e1-30b167723901'.;
11-01 00:05:26.066  6314  6330 I UserRepository: 2025-11-01 00:05:26 [INFO] UserRepository - Calling findByUsername;
11-01 00:05:26.069  6314  6330 D UserRepository: 2025-11-01 00:05:26 [DEBUG] UserRepository - findByUsername succeeded: null;
11-01 00:05:27.507  6314  6330 I UserRepository: 2025-11-01 00:05:27 [INFO] UserRepository - Calling addUser;
11-01 00:05:27.515  6314  6330 D UserRepository: 2025-11-01 00:05:27 [DEBUG] UserRepository - addUser succeeded: ffeddcad-696d-412c-a93a-c982295344d6;
11-01 00:05:27.516  6314  6330 I UserService: 2025-11-01 00:05:27 [INFO] UserService - Attempting to register user 'benchmark-user-98bec9eb-5799-4fb3-8758-1d695b649209'.;
11-01 00:05:27.516  6314  6330 I UserRepository: 2025-11-01 00:05:27 [INFO] UserRepository - Calling findByUsername;
11-01 00:05:27.520  6314  6330 D UserRepository: 2025-11-01 00:05:27 [DEBUG] UserRepository - findByUsername succeeded: null;
11-01 00:05:28.959  6314  6330 I UserRepository: 2025-11-01 00:05:28 [INFO] UserRepository - Calling addUser;
11-01 00:05:28.965  6314  6330 D UserRepository: 2025-11-01 00:05:28 [DEBUG] UserRepository - addUser succeeded: 4e67e7dc-497b-4dff-8863-d56217e786b0;
11-01 00:05:28.966  6314  6330 I UserService: 2025-11-01 00:05:28 [INFO] UserService - Attempting to register user 'benchmark-user-db5637b1-b6a0-46e1-bac2-468faf67cfd7'.;
11-01 00:05:28.967  6314  6330 I UserRepository: 2025-11-01 00:05:28 [INFO] UserRepository - Calling findByUsername;
11-01 00:05:28.969  6314  6330 D UserRepository: 2025-11-01 00:05:28 [DEBUG] UserRepository - findByUsername succeeded: null;
11-01 00:05:29.359  2118  2118 D BoundBrokerSvc: onUnbind: Intent { act=com.google.android.gms.common.BIND_SHARED_PREFS pkg=com.google.android.gms }
11-01 00:05:30.402  6314  6330 I UserRepository: 2025-11-01 00:05:30 [INFO] UserRepository - Calling addUser;
11-01 00:05:30.404  6314  6330 D UserRepository: 2025-11-01 00:05:30 [DEBUG] UserRepository - addUser succeeded: 0124720f-a6a7-4030-bb5a-3b147cb9fa94;
11-01 00:05:30.405  6314  6330 I UserService: 2025-11-01 00:05:30 [INFO] UserService - Attempting to register user 'benchmark-user-abbd75a9-3438-440c-944e-1c18a107d58b'.;
11-01 00:05:30.406  6314  6330 I UserRepository: 2025-11-01 00:05:30 [INFO] UserRepository - Calling findByUsername;
11-01 00:05:30.408  6314  6330 D UserRepository: 2025-11-01 00:05:30 [DEBUG] UserRepository - findByUsername succeeded: null;
11-01 00:05:31.840  6314  6330 I UserRepository: 2025-11-01 00:05:31 [INFO] UserRepository - Calling addUser;
11-01 00:05:31.843  6314  6330 D UserRepository: 2025-11-01 00:05:31 [DEBUG] UserRepository - addUser succeeded: 8b31a89a-9467-4256-ba59-4f46e26330a5;
11-01 00:05:31.844  6314  6330 I UserService: 2025-11-01 00:05:31 [INFO] UserService - Attempting to register user 'benchmark-user-cfe7a8f1-c2ec-4d32-bd9a-1bb7f7848e5f'.;
11-01 00:05:31.845  6314  6330 I UserRepository: 2025-11-01 00:05:31 [INFO] UserRepository - Calling findByUsername;
11-01 00:05:31.847  6314  6330 D UserRepository: 2025-11-01 00:05:31 [DEBUG] UserRepository - findByUsername succeeded: null;
11-01 00:05:33.274  6314  6330 I UserRepository: 2025-11-01 00:05:33 [INFO] UserRepository - Calling addUser;
11-01 00:05:33.278  6314  6330 D UserRepository: 2025-11-01 00:05:33 [DEBUG] UserRepository - addUser succeeded: 08f3221c-5a9f-44a4-aa50-33142a86bad7;
11-01 00:05:33.279  6314  6330 I UserService: 2025-11-01 00:05:33 [INFO] UserService - Attempting to register user 'benchmark-user-e8cf6ac3-53f1-4d9c-af3e-5e3552ce9288'.;
11-01 00:05:33.280  6314  6330 I UserRepository: 2025-11-01 00:05:33 [INFO] UserRepository - Calling findByUsername;
11-01 00:05:33.282  6314  6330 D UserRepository: 2025-11-01 00:05:33 [DEBUG] UserRepository - findByUsername succeeded: null;
11-01 00:05:34.026  1381  1381 E SELinux : avc:  denied  { find } for interface=android.hardware.memtrack::IMemtrack pid=5942 scontext=u:r:priv_app:s0:c512,c768 tcontext=u:object_r:hal_memtrack_hwservice:s0 tclass=hwservice_manager permissive=0
11-01 00:05:34.027  5942  5978 E memtrack: Couldn't load memtrack module
11-01 00:05:34.027  5942  5978 W android.os.Debug: failed to get memory consumption info: -1
11-01 00:05:34.727  6314  6330 I UserRepository: 2025-11-01 00:05:34 [INFO] UserRepository - Calling addUser;
11-01 00:05:34.734  6314  6330 D UserRepository: 2025-11-01 00:05:34 [DEBUG] UserRepository - addUser succeeded: 0e580cac-7d12-4792-ae09-65631ee18483;
11-01 00:05:34.736  6314  6330 I UserService: 2025-11-01 00:05:34 [INFO] UserService - Attempting to register user 'benchmark-user-abec0ac0-2785-4d88-9b3e-a87ae292d769'.;
11-01 00:05:34.737  6314  6330 I UserRepository: 2025-11-01 00:05:34 [INFO] UserRepository - Calling findByUsername;
11-01 00:05:34.740  6314  6330 D UserRepository: 2025-11-01 00:05:34 [DEBUG] UserRepository - findByUsername succeeded: null;
11-01 00:05:36.204  6314  6330 I UserRepository: 2025-11-01 00:05:36 [INFO] UserRepository - Calling addUser;
11-01 00:05:36.211  6314  6330 D UserRepository: 2025-11-01 00:05:36 [DEBUG] UserRepository - addUser succeeded: 10bed2b9-5573-4545-b131-4c7f9eb78041;
11-01 00:05:36.213  6314  6330 I UserService: 2025-11-01 00:05:36 [INFO] UserService - Attempting to register user 'benchmark-user-2b5bc8c0-f52e-4bb2-9878-0d9746a70f9c'.;
11-01 00:05:36.213  6314  6330 I UserRepository: 2025-11-01 00:05:36 [INFO] UserRepository - Calling findByUsername;
11-01 00:05:36.216  6314  6330 D UserRepository: 2025-11-01 00:05:36 [DEBUG] UserRepository - findByUsername succeeded: null;
11-01 00:05:37.648  6314  6330 I UserRepository: 2025-11-01 00:05:37 [INFO] UserRepository - Calling addUser;
11-01 00:05:37.656  6314  6330 D UserRepository: 2025-11-01 00:05:37 [DEBUG] UserRepository - addUser succeeded: 8ffade22-287a-4eaa-80a7-4973797cffab;
11-01 00:05:37.658  6314  6330 I UserService: 2025-11-01 00:05:37 [INFO] UserService - Attempting to register user 'benchmark-user-924d50a2-4e8f-4302-9e8a-f3302c7b24cf'.;
11-01 00:05:37.658  6314  6330 I UserRepository: 2025-11-01 00:05:37 [INFO] UserRepository - Calling findByUsername;
11-01 00:05:37.661  6314  6330 D UserRepository: 2025-11-01 00:05:37 [DEBUG] UserRepository - findByUsername succeeded: null;
11-01 00:05:39.097  6314  6330 I UserRepository: 2025-11-01 00:05:39 [INFO] UserRepository - Calling addUser;
11-01 00:05:39.102  6314  6330 D UserRepository: 2025-11-01 00:05:39 [DEBUG] UserRepository - addUser succeeded: 2438786b-5bee-43ec-8ff3-5d146d665992;
11-01 00:05:39.103  6314  6330 I UserService: 2025-11-01 00:05:39 [INFO] UserService - Attempting to register user 'benchmark-user-11441c96-b414-4ceb-a7ff-7aa7950229b3'.;
11-01 00:05:39.104  6314  6330 I UserRepository: 2025-11-01 00:05:39 [INFO] UserRepository - Calling findByUsername;
11-01 00:05:39.106  6314  6330 D UserRepository: 2025-11-01 00:05:39 [DEBUG] UserRepository - findByUsername succeeded: null;
11-01 00:05:40.564  6314  6330 I UserRepository: 2025-11-01 00:05:40 [INFO] UserRepository - Calling addUser;
11-01 00:05:40.569  6314  6330 D UserRepository: 2025-11-01 00:05:40 [DEBUG] UserRepository - addUser succeeded: 8e423c14-d5f1-483d-8e24-f2e8f5a0fa07;
11-01 00:05:40.569  6314  6330 I UserService: 2025-11-01 00:05:40 [INFO] UserService - Attempting to register user 'benchmark-user-c0ca0554-fcba-4ff9-84a2-228ca54da1ee'.;
11-01 00:05:40.570  6314  6330 I UserRepository: 2025-11-01 00:05:40 [INFO] UserRepository - Calling findByUsername;
11-01 00:05:40.573  6314  6330 D UserRepository: 2025-11-01 00:05:40 [DEBUG] UserRepository - findByUsername succeeded: null;
11-01 00:05:42.003  6314  6330 I UserRepository: 2025-11-01 00:05:42 [INFO] UserRepository - Calling addUser;
11-01 00:05:42.011  6314  6330 D UserRepository: 2025-11-01 00:05:42 [DEBUG] UserRepository - addUser succeeded: 235ed443-2239-4ecb-a90a-75598bc6efb1;
11-01 00:05:42.012  6314  6330 I UserService: 2025-11-01 00:05:42 [INFO] UserService - Attempting to register user 'benchmark-user-1c017f47-5149-40d4-85b9-e5a22e14f232'.;
11-01 00:05:42.013  6314  6330 I UserRepository: 2025-11-01 00:05:42 [INFO] UserRepository - Calling findByUsername;
11-01 00:05:42.015  6314  6330 D UserRepository: 2025-11-01 00:05:42 [DEBUG] UserRepository - findByUsername succeeded: null;
11-01 00:05:43.426  6314  6330 I UserRepository: 2025-11-01 00:05:43 [INFO] UserRepository - Calling addUser;
11-01 00:05:43.435  6314  6330 D UserRepository: 2025-11-01 00:05:43 [DEBUG] UserRepository - addUser succeeded: eeb18a1c-2037-46d9-8b1a-4c473dc16226;
11-01 00:05:43.435  6314  6330 I UserService: 2025-11-01 00:05:43 [INFO] UserService - Attempting to register user 'benchmark-user-09fc54f5-831d-462c-86e0-78ef25e61add'.;
11-01 00:05:43.436  6314  6330 I UserRepository: 2025-11-01 00:05:43 [INFO] UserRepository - Calling findByUsername;
11-01 00:05:43.439  6314  6330 D UserRepository: 2025-11-01 00:05:43 [DEBUG] UserRepository - findByUsername succeeded: null;
11-01 00:05:44.851  6314  6330 I UserRepository: 2025-11-01 00:05:44 [INFO] UserRepository - Calling addUser;
11-01 00:05:44.862  6314  6330 D UserRepository: 2025-11-01 00:05:44 [DEBUG] UserRepository - addUser succeeded: b221fce5-e4a8-47a5-844d-d332d279377b;
11-01 00:05:44.863  6314  6330 I UserService: 2025-11-01 00:05:44 [INFO] UserService - Attempting to register user 'benchmark-user-0af0d7c2-64f7-4210-8236-442f2d141079'.;
11-01 00:05:44.863  6314  6330 I UserRepository: 2025-11-01 00:05:44 [INFO] UserRepository - Calling findByUsername;
11-01 00:05:44.866  6314  6330 D UserRepository: 2025-11-01 00:05:44 [DEBUG] UserRepository - findByUsername succeeded: null;
11-01 00:05:46.487  6314  6330 I UserRepository: 2025-11-01 00:05:46 [INFO] UserRepository - Calling addUser;
11-01 00:05:46.496  6314  6330 D UserRepository: 2025-11-01 00:05:46 [DEBUG] UserRepository - addUser succeeded: d9d0dffb-0103-4bb1-bb4d-f071cb1fcd42;
11-01 00:05:46.498  6314  6330 I UserService: 2025-11-01 00:05:46 [INFO] UserService - Attempting to register user 'benchmark-user-4dfa0e04-2578-4e74-90f6-a63c0fe3897f'.;
11-01 00:05:46.499  6314  6330 I UserRepository: 2025-11-01 00:05:46 [INFO] UserRepository - Calling findByUsername;
11-01 00:05:46.501  6314  6330 D UserRepository: 2025-11-01 00:05:46 [DEBUG] UserRepository - findByUsername succeeded: null;
11-01 00:05:48.179  6314  6330 I UserRepository: 2025-11-01 00:05:48 [INFO] UserRepository - Calling addUser;
11-01 00:05:48.187  6314  6330 D UserRepository: 2025-11-01 00:05:48 [DEBUG] UserRepository - addUser succeeded: b9ad76c2-3857-4d9a-86e3-d1e7faedfe0a;
11-01 00:05:48.188  6314  6330 I UserService: 2025-11-01 00:05:48 [INFO] UserService - Attempting to register user 'benchmark-user-81c866a7-6acf-49ab-a3ba-5508f32b3e18'.;
11-01 00:05:48.189  6314  6330 I UserRepository: 2025-11-01 00:05:48 [INFO] UserRepository - Calling findByUsername;
11-01 00:05:48.191  6314  6330 D UserRepository: 2025-11-01 00:05:48 [DEBUG] UserRepository - findByUsername succeeded: null;
11-01 00:05:49.682  6314  6330 I UserRepository: 2025-11-01 00:05:49 [INFO] UserRepository - Calling addUser;
11-01 00:05:49.688  6314  6330 D UserRepository: 2025-11-01 00:05:49 [DEBUG] UserRepository - addUser succeeded: 30f343b7-d274-42ac-8c88-f1d36809bd4f;
11-01 00:05:49.689  6314  6330 I UserService: 2025-11-01 00:05:49 [INFO] UserService - Attempting to register user 'benchmark-user-a5607aff-4218-420a-a685-049212d96dba'.;
11-01 00:05:49.690  6314  6330 I UserRepository: 2025-11-01 00:05:49 [INFO] UserRepository - Calling findByUsername;
11-01 00:05:49.692  6314  6330 D UserRepository: 2025-11-01 00:05:49 [DEBUG] UserRepository - findByUsername succeeded: null;
11-01 00:05:51.137  6314  6330 I UserRepository: 2025-11-01 00:05:51 [INFO] UserRepository - Calling addUser;
11-01 00:05:51.141  6314  6330 D UserRepository: 2025-11-01 00:05:51 [DEBUG] UserRepository - addUser succeeded: df67bb19-9df2-4ab8-a3e9-d98e65dcfde4;
11-01 00:05:51.143  6314  6330 I UserService: 2025-11-01 00:05:51 [INFO] UserService - Attempting to register user 'benchmark-user-db1c2e90-a3f5-41f2-8c34-a7856d1e4654'.;
11-01 00:05:51.143  6314  6330 I UserRepository: 2025-11-01 00:05:51 [INFO] UserRepository - Calling findByUsername;
11-01 00:05:51.145  6314  6330 D UserRepository: 2025-11-01 00:05:51 [DEBUG] UserRepository - findByUsername succeeded: null;
11-01 00:05:52.601  6314  6330 I UserRepository: 2025-11-01 00:05:52 [INFO] UserRepository - Calling addUser;
11-01 00:05:52.606  6314  6330 D UserRepository: 2025-11-01 00:05:52 [DEBUG] UserRepository - addUser succeeded: a59cb48e-50f8-4866-be31-e14069927c06;
11-01 00:05:52.607  6314  6330 I UserService: 2025-11-01 00:05:52 [INFO] UserService - Attempting to register user 'benchmark-user-692e4e1c-c14b-402b-a663-984d3cb62958'.;
11-01 00:05:52.608  6314  6330 I UserRepository: 2025-11-01 00:05:52 [INFO] UserRepository - Calling findByUsername;
11-01 00:05:52.611  6314  6330 D UserRepository: 2025-11-01 00:05:52 [DEBUG] UserRepository - findByUsername succeeded: null;
11-01 00:05:54.042  6314  6330 I UserRepository: 2025-11-01 00:05:54 [INFO] UserRepository - Calling addUser;
11-01 00:05:54.045  6314  6330 D UserRepository: 2025-11-01 00:05:54 [DEBUG] UserRepository - addUser succeeded: d5f5afd3-f04a-4af5-9ab8-59987dab966c;
11-01 00:05:54.046  6314  6330 I UserService: 2025-11-01 00:05:54 [INFO] UserService - Attempting to register user 'benchmark-user-92161091-5ae5-4b9f-a26d-38d3766325b2'.;
11-01 00:05:54.047  6314  6330 I UserRepository: 2025-11-01 00:05:54 [INFO] UserRepository - Calling findByUsername;
11-01 00:05:54.050  6314  6330 D UserRepository: 2025-11-01 00:05:54 [DEBUG] UserRepository - findByUsername succeeded: null;
11-01 00:05:55.479  6314  6330 I UserRepository: 2025-11-01 00:05:55 [INFO] UserRepository - Calling addUser;
11-01 00:05:55.482  6314  6330 D UserRepository: 2025-11-01 00:05:55 [DEBUG] UserRepository - addUser succeeded: 9fc2c341-ccaa-4205-a75c-3169f15bf6f4;
11-01 00:05:55.483  6314  6330 I UserService: 2025-11-01 00:05:55 [INFO] UserService - Attempting to register user 'benchmark-user-787bb423-09ff-4605-b1ef-8622f22eced1'.;
11-01 00:05:55.483  6314  6330 I UserRepository: 2025-11-01 00:05:55 [INFO] UserRepository - Calling findByUsername;
11-01 00:05:55.486  6314  6330 D UserRepository: 2025-11-01 00:05:55 [DEBUG] UserRepository - findByUsername succeeded: null;
11-01 00:05:56.938  6314  6330 I UserRepository: 2025-11-01 00:05:56 [INFO] UserRepository - Calling addUser;
11-01 00:05:56.945  6314  6330 D UserRepository: 2025-11-01 00:05:56 [DEBUG] UserRepository - addUser succeeded: e95208d7-138e-4371-8be1-29544d65f9ac;
11-01 00:05:56.946  6314  6330 I UserService: 2025-11-01 00:05:56 [INFO] UserService - Attempting to register user 'benchmark-user-35894b3a-783f-4cda-98d7-3b818c12a593'.;
11-01 00:05:56.946  6314  6330 I UserRepository: 2025-11-01 00:05:56 [INFO] UserRepository - Calling findByUsername;
11-01 00:05:56.950  6314  6330 D UserRepository: 2025-11-01 00:05:56 [DEBUG] UserRepository - findByUsername succeeded: null;
11-01 00:05:58.429  6314  6330 I UserRepository: 2025-11-01 00:05:58 [INFO] UserRepository - Calling addUser;
11-01 00:05:58.438  6314  6330 D UserRepository: 2025-11-01 00:05:58 [DEBUG] UserRepository - addUser succeeded: afb2b19d-2a4d-455a-ad2c-51621229c73f;
11-01 00:05:58.439  6314  6330 I UserService: 2025-11-01 00:05:58 [INFO] UserService - Attempting to register user 'benchmark-user-ea50dadc-962f-43be-8d64-375b74a8dff8'.;
11-01 00:05:58.439  6314  6330 I UserRepository: 2025-11-01 00:05:58 [INFO] UserRepository - Calling findByUsername;
11-01 00:05:58.442  6314  6330 D UserRepository: 2025-11-01 00:05:58 [DEBUG] UserRepository - findByUsername succeeded: null;
11-01 00:05:59.898  6314  6330 I UserRepository: 2025-11-01 00:05:59 [INFO] UserRepository - Calling addUser;
11-01 00:05:59.906  6314  6330 D UserRepository: 2025-11-01 00:05:59 [DEBUG] UserRepository - addUser succeeded: 7f0de1d9-3108-4adc-a0cd-b1bd049f5687;
11-01 00:05:59.906  6314  6330 I UserService: 2025-11-01 00:05:59 [INFO] UserService - Attempting to register user 'benchmark-user-6e02bb8f-922c-430f-a6c4-414a315ecbed'.;
11-01 00:05:59.907  6314  6330 I UserRepository: 2025-11-01 00:05:59 [INFO] UserRepository - Calling findByUsername;
11-01 00:05:59.909  6314  6330 D UserRepository: 2025-11-01 00:05:59 [DEBUG] UserRepository - findByUsername succeeded: null;
11-01 00:06:00.001  1636  1649 E memtrack: Couldn't load memtrack module
11-01 00:06:00.001  1636  1649 W android.os.Debug: failed to get memory consumption info: -1
11-01 00:06:00.012  1441  1461 D hwcomposer: hw_composer sent 48 syncs in 119s
11-01 00:06:00.021  1636  1649 E memtrack: Couldn't load memtrack module
11-01 00:06:00.021  1636  1649 W android.os.Debug: failed to get memory consumption info: -1
11-01 00:06:01.346  6314  6330 I UserRepository: 2025-11-01 00:06:01 [INFO] UserRepository - Calling addUser;
11-01 00:06:01.355  6314  6330 D UserRepository: 2025-11-01 00:06:01 [DEBUG] UserRepository - addUser succeeded: 5167d36f-ff23-4ec1-80c3-57f43b8bdb9c;
11-01 00:06:01.357  6314  6330 I UserService: 2025-11-01 00:06:01 [INFO] UserService - Attempting to register user 'benchmark-user-44c84676-e668-41cb-84ea-aa76c1914bbe'.;
11-01 00:06:01.358  6314  6330 I UserRepository: 2025-11-01 00:06:01 [INFO] UserRepository - Calling findByUsername;
11-01 00:06:01.360  6314  6330 D UserRepository: 2025-11-01 00:06:01 [DEBUG] UserRepository - findByUsername succeeded: null;
11-01 00:06:02.785  6314  6330 I UserRepository: 2025-11-01 00:06:02 [INFO] UserRepository - Calling addUser;
11-01 00:06:02.787  6314  6319 I zygote  : Do partial code cache collection, code=118KB, data=66KB
11-01 00:06:02.789  6314  6319 I zygote  : After code cache collection, code=118KB, data=66KB
11-01 00:06:02.789  6314  6319 I zygote  : Increasing code cache capacity to 512KB
11-01 00:06:02.794  6314  6330 D UserRepository: 2025-11-01 00:06:02 [DEBUG] UserRepository - addUser succeeded: 3a741258-b0cf-4ca1-9419-276db7b7feba;
11-01 00:06:02.795  6314  6330 I UserService: 2025-11-01 00:06:02 [INFO] UserService - Attempting to register user 'benchmark-user-3d6ff9dc-eba1-45a6-a71b-3193db4f7be0'.;
11-01 00:06:02.795  6314  6330 I UserRepository: 2025-11-01 00:06:02 [INFO] UserRepository - Calling findByUsername;
11-01 00:06:02.798  6314  6330 D UserRepository: 2025-11-01 00:06:02 [DEBUG] UserRepository - findByUsername succeeded: null;
11-01 00:06:04.199  6314  6330 I UserRepository: 2025-11-01 00:06:04 [INFO] UserRepository - Calling addUser;
11-01 00:06:04.204  6314  6330 D UserRepository: 2025-11-01 00:06:04 [DEBUG] UserRepository - addUser succeeded: 99efc6ea-d9a5-4b08-9e6f-6bee0646ffa3;
11-01 00:06:04.205  6314  6330 I UserService: 2025-11-01 00:06:04 [INFO] UserService - Attempting to register user 'benchmark-user-bfa251b1-0408-4c0c-9d7a-4027e6c8b7e1'.;
11-01 00:06:04.205  6314  6330 I UserRepository: 2025-11-01 00:06:04 [INFO] UserRepository - Calling findByUsername;
11-01 00:06:04.208  6314  6330 D UserRepository: 2025-11-01 00:06:04 [DEBUG] UserRepository - findByUsername succeeded: null;
11-01 00:06:05.610  6314  6330 I UserRepository: 2025-11-01 00:06:05 [INFO] UserRepository - Calling addUser;
11-01 00:06:05.614  6314  6330 D UserRepository: 2025-11-01 00:06:05 [DEBUG] UserRepository - addUser succeeded: 5ea96047-7dd1-41bb-be85-dcdc08137fba;
11-01 00:06:05.615  6314  6330 I UserService: 2025-11-01 00:06:05 [INFO] UserService - Attempting to register user 'benchmark-user-cdbe9489-e6d1-462f-8efd-418c797132ee'.;
11-01 00:06:05.615  6314  6330 I UserRepository: 2025-11-01 00:06:05 [INFO] UserRepository - Calling findByUsername;
11-01 00:06:05.618  6314  6330 D UserRepository: 2025-11-01 00:06:05 [DEBUG] UserRepository - findByUsername succeeded: null;
11-01 00:06:07.045  6314  6330 I UserRepository: 2025-11-01 00:06:07 [INFO] UserRepository - Calling addUser;
11-01 00:06:07.052  6314  6330 D UserRepository: 2025-11-01 00:06:07 [DEBUG] UserRepository - addUser succeeded: dc40ab12-c450-4ed9-8a3d-0aa58eafea77;
11-01 00:06:07.054  6314  6330 I UserService: 2025-11-01 00:06:07 [INFO] UserService - Attempting to register user 'benchmark-user-4b77a1b6-fe53-4b03-ab9d-ffc46a495a72'.;
11-01 00:06:07.054  6314  6330 I UserRepository: 2025-11-01 00:06:07 [INFO] UserRepository - Calling findByUsername;
11-01 00:06:07.056  6314  6330 D UserRepository: 2025-11-01 00:06:07 [DEBUG] UserRepository - findByUsername succeeded: null;
11-01 00:06:08.466  6314  6330 I UserRepository: 2025-11-01 00:06:08 [INFO] UserRepository - Calling addUser;
11-01 00:06:08.474  6314  6330 D UserRepository: 2025-11-01 00:06:08 [DEBUG] UserRepository - addUser succeeded: dff2ce44-20fd-4407-9509-7cfdb8e1026a;
11-01 00:06:08.476  6314  6330 I UserService: 2025-11-01 00:06:08 [INFO] UserService - Attempting to register user 'benchmark-user-7099f2ae-85e2-46e4-9146-d486bd8b0992'.;
11-01 00:06:08.477  6314  6330 I UserRepository: 2025-11-01 00:06:08 [INFO] UserRepository - Calling findByUsername;
11-01 00:06:08.479  6314  6330 D UserRepository: 2025-11-01 00:06:08 [DEBUG] UserRepository - findByUsername succeeded: null;
11-01 00:06:09.894  6314  6330 I UserRepository: 2025-11-01 00:06:09 [INFO] UserRepository - Calling addUser;
11-01 00:06:09.902  6314  6330 D UserRepository: 2025-11-01 00:06:09 [DEBUG] UserRepository - addUser succeeded: b1bf6e12-46ec-49d0-a88c-3a736adec6e5;
11-01 00:06:09.903  6314  6330 I UserService: 2025-11-01 00:06:09 [INFO] UserService - Attempting to register user 'benchmark-user-823661a6-79da-4a48-bb45-0e500aa8c51d'.;
11-01 00:06:09.904  6314  6330 I UserRepository: 2025-11-01 00:06:09 [INFO] UserRepository - Calling findByUsername;
11-01 00:06:09.909  6314  6330 D UserRepository: 2025-11-01 00:06:09 [DEBUG] UserRepository - findByUsername succeeded: null;
11-01 00:06:11.316  6314  6330 I UserRepository: 2025-11-01 00:06:11 [INFO] UserRepository - Calling addUser;
11-01 00:06:11.327  6314  6330 D UserRepository: 2025-11-01 00:06:11 [DEBUG] UserRepository - addUser succeeded: b3f89fa7-cef7-4b55-be4c-4c83af851c30;
11-01 00:06:11.327  6314  6330 I UserService: 2025-11-01 00:06:11 [INFO] UserService - Attempting to register user 'benchmark-user-f9512f22-177c-43c9-a55c-62596d0322e2'.;
11-01 00:06:11.328  6314  6330 I UserRepository: 2025-11-01 00:06:11 [INFO] UserRepository - Calling findByUsername;
11-01 00:06:11.334  6314  6330 D UserRepository: 2025-11-01 00:06:11 [DEBUG] UserRepository - findByUsername succeeded: null;
11-01 00:06:11.557  1448  1448 I boot-pipe: done populating /dev/random
11-01 00:06:12.771  6314  6330 I UserRepository: 2025-11-01 00:06:12 [INFO] UserRepository - Calling addUser;
11-01 00:06:12.782  6314  6330 D UserRepository: 2025-11-01 00:06:12 [DEBUG] UserRepository - addUser succeeded: 1e80c5fd-d172-421b-a3ba-220324a9536a;
11-01 00:06:12.783  6314  6330 I UserService: 2025-11-01 00:06:12 [INFO] UserService - Attempting to register user 'benchmark-user-85e4fee0-3f9d-4362-9cc9-d68d7ea71e83'.;
11-01 00:06:12.784  6314  6330 I UserRepository: 2025-11-01 00:06:12 [INFO] UserRepository - Calling findByUsername;
11-01 00:06:12.786  6314  6330 D UserRepository: 2025-11-01 00:06:12 [DEBUG] UserRepository - findByUsername succeeded: null;
11-01 00:06:14.230  6314  6330 I UserRepository: 2025-11-01 00:06:14 [INFO] UserRepository - Calling addUser;
11-01 00:06:14.238  6314  6330 D UserRepository: 2025-11-01 00:06:14 [DEBUG] UserRepository - addUser succeeded: 43976d7f-58c3-43a0-83c7-74964ba674cf;
11-01 00:06:14.239  6314  6330 I UserService: 2025-11-01 00:06:14 [INFO] UserService - Attempting to register user 'benchmark-user-4936ebd3-3b7b-4713-b573-c3599ef5c0ee'.;
11-01 00:06:14.239  6314  6330 I UserRepository: 2025-11-01 00:06:14 [INFO] UserRepository - Calling findByUsername;
11-01 00:06:14.243  6314  6330 D UserRepository: 2025-11-01 00:06:14 [DEBUG] UserRepository - findByUsername succeeded: null;
11-01 00:06:15.676  6314  6330 I UserRepository: 2025-11-01 00:06:15 [INFO] UserRepository - Calling addUser;
11-01 00:06:15.681  6314  6330 D UserRepository: 2025-11-01 00:06:15 [DEBUG] UserRepository - addUser succeeded: e50c8122-948f-4fed-ae7e-e438feaf2b0b;
11-01 00:06:15.682  6314  6330 I UserService: 2025-11-01 00:06:15 [INFO] UserService - Attempting to register user 'benchmark-user-4c574cab-5b22-44ff-b39a-03e9199ea71a'.;
11-01 00:06:15.684  6314  6330 I UserRepository: 2025-11-01 00:06:15 [INFO] UserRepository - Calling findByUsername;
11-01 00:06:15.686  6314  6330 D UserRepository: 2025-11-01 00:06:15 [DEBUG] UserRepository - findByUsername succeeded: null;
11-01 00:06:17.122  6314  6330 I UserRepository: 2025-11-01 00:06:17 [INFO] UserRepository - Calling addUser;
11-01 00:06:17.130  6314  6330 D UserRepository: 2025-11-01 00:06:17 [DEBUG] UserRepository - addUser succeeded: ed14a8a7-33a4-471d-9618-2316c3d3efe8;
11-01 00:06:17.130  6314  6330 I UserService: 2025-11-01 00:06:17 [INFO] UserService - Attempting to register user 'benchmark-user-ad22e1a0-4b27-422d-88de-16ac96490950'.;
11-01 00:06:17.131  6314  6330 I UserRepository: 2025-11-01 00:06:17 [INFO] UserRepository - Calling findByUsername;
11-01 00:06:17.133  6314  6330 D UserRepository: 2025-11-01 00:06:17 [DEBUG] UserRepository - findByUsername succeeded: null;
11-01 00:06:18.723  6314  6330 I UserRepository: 2025-11-01 00:06:18 [INFO] UserRepository - Calling addUser;
11-01 00:06:18.741  6314  6330 D UserRepository: 2025-11-01 00:06:18 [DEBUG] UserRepository - addUser succeeded: 893e696f-de14-4e1a-a867-31055368e121;
11-01 00:06:18.743  6314  6330 I UserService: 2025-11-01 00:06:18 [INFO] UserService - Attempting to register user 'benchmark-user-31f4a5f6-1d5a-4012-bd28-3550992b7ac3'.;
11-01 00:06:18.743  6314  6330 I UserRepository: 2025-11-01 00:06:18 [INFO] UserRepository - Calling findByUsername;
11-01 00:06:18.751  6314  6330 D UserRepository: 2025-11-01 00:06:18 [DEBUG] UserRepository - findByUsername succeeded: null;
11-01 00:06:20.471  6314  6330 I UserRepository: 2025-11-01 00:06:20 [INFO] UserRepository - Calling addUser;
11-01 00:06:20.484  6314  6330 D UserRepository: 2025-11-01 00:06:20 [DEBUG] UserRepository - addUser succeeded: 75024a9d-5fec-49f6-9545-d596205b4966;
11-01 00:06:20.485  6314  6330 I UserService: 2025-11-01 00:06:20 [INFO] UserService - Attempting to register user 'benchmark-user-fe2ae996-959b-4a9e-b4ed-dacc92d854d5'.;
11-01 00:06:20.486  6314  6330 I UserRepository: 2025-11-01 00:06:20 [INFO] UserRepository - Calling findByUsername;
11-01 00:06:20.490  6314  6330 D UserRepository: 2025-11-01 00:06:20 [DEBUG] UserRepository - findByUsername succeeded: null;
11-01 00:06:21.952  6314  6330 I UserRepository: 2025-11-01 00:06:21 [INFO] UserRepository - Calling addUser;
11-01 00:06:21.958  6314  6330 D UserRepository: 2025-11-01 00:06:21 [DEBUG] UserRepository - addUser succeeded: ec232adb-980f-4200-8312-9f8b9acff18e;
11-01 00:06:21.960  6314  6330 I UserService: 2025-11-01 00:06:21 [INFO] UserService - Attempting to register user 'benchmark-user-c3968cd0-b1ea-4e06-96c8-dd3365286eb3'.;
11-01 00:06:21.961  6314  6330 I UserRepository: 2025-11-01 00:06:21 [INFO] UserRepository - Calling findByUsername;
11-01 00:06:21.964  6314  6330 D UserRepository: 2025-11-01 00:06:21 [DEBUG] UserRepository - findByUsername succeeded: null;
11-01 00:06:23.395  6314  6330 I UserRepository: 2025-11-01 00:06:23 [INFO] UserRepository - Calling addUser;
11-01 00:06:23.400  6314  6330 D UserRepository: 2025-11-01 00:06:23 [DEBUG] UserRepository - addUser succeeded: b7aa347a-e1fa-47ea-8135-14d1553975b3;
11-01 00:06:23.402  6314  6330 I UserService: 2025-11-01 00:06:23 [INFO] UserService - Attempting to register user 'benchmark-user-12f225d7-cbcc-440f-b4a3-7c7c0f7c395f'.;
11-01 00:06:23.402  6314  6330 I UserRepository: 2025-11-01 00:06:23 [INFO] UserRepository - Calling findByUsername;
11-01 00:06:23.405  6314  6330 D UserRepository: 2025-11-01 00:06:23 [DEBUG] UserRepository - findByUsername succeeded: null;
11-01 00:06:24.899  6314  6330 I UserRepository: 2025-11-01 00:06:24 [INFO] UserRepository - Calling addUser;
11-01 00:06:24.902  6314  6330 D UserRepository: 2025-11-01 00:06:24 [DEBUG] UserRepository - addUser succeeded: 53504e6d-40de-4374-a677-967e80701c31;
11-01 00:06:24.904  6314  6330 I UserService: 2025-11-01 00:06:24 [INFO] UserService - Attempting to register user 'benchmark-user-51da5beb-760f-4630-befd-de031866456a'.;
11-01 00:06:24.904  6314  6330 I UserRepository: 2025-11-01 00:06:24 [INFO] UserRepository - Calling findByUsername;
11-01 00:06:24.907  6314  6330 D UserRepository: 2025-11-01 00:06:24 [DEBUG] UserRepository - findByUsername succeeded: null;
11-01 00:06:26.335  6314  6330 I UserRepository: 2025-11-01 00:06:26 [INFO] UserRepository - Calling addUser;
11-01 00:06:26.343  6314  6330 D UserRepository: 2025-11-01 00:06:26 [DEBUG] UserRepository - addUser succeeded: 3f9a05e5-73e9-4332-9ebd-82ca65476277;
11-01 00:06:26.345  6314  6330 I UserService: 2025-11-01 00:06:26 [INFO] UserService - Attempting to register user 'benchmark-user-090daab7-18a9-41d0-82de-854f01234d12'.;
11-01 00:06:26.345  6314  6330 I UserRepository: 2025-11-01 00:06:26 [INFO] UserRepository - Calling findByUsername;
11-01 00:06:26.348  6314  6330 D UserRepository: 2025-11-01 00:06:26 [DEBUG] UserRepository - findByUsername succeeded: null;
11-01 00:06:27.489  6548  6548 W zygote  : Unexpected CPU variant for X86 using defaults: x86
11-01 00:06:27.501  2301  2301 I BgTaskExecutorImpl: (REDACTED) Starting %s background task %s.
11-01 00:06:27.519  2301  2475 I A       : Flag is_largescreen_foldable_phone is false
11-01 00:06:27.519  2301  2475 I A       : (REDACTED) Flag is_whitelisted_as_tablet is %b
11-01 00:06:27.520  2301  2475 I A       : (REDACTED) R.bool.is_tablet is %b
11-01 00:06:27.521  2301  6561 I NetworkRecognitionRnr: Using pair HTTP connection
11-01 00:06:27.526  2301  3518 I A       : [Upload] Connected
11-01 00:06:27.529  1636  2197 I WifiService: getWifiEnabledState uid=10032
11-01 00:06:27.530  2301  2475 I A       : Flag is_largescreen_foldable_phone is false
11-01 00:06:27.530  2301  2475 I A       : (REDACTED) Flag is_whitelisted_as_tablet is %b
11-01 00:06:27.530  2301  2475 I A       : (REDACTED) R.bool.is_tablet is %b
11-01 00:06:27.531  2301  2475 I A       : Flag is_largescreen_foldable_phone is false
11-01 00:06:27.531  2301  2475 I A       : (REDACTED) Flag is_whitelisted_as_tablet is %b
11-01 00:06:27.531  2301  2475 I A       : (REDACTED) R.bool.is_tablet is %b
11-01 00:06:27.538  2301  3518 I NetworkRecognitionRnr: Using pair HTTP connection
11-01 00:06:27.539  2301  2301 E A       : onError
11-01 00:06:27.539  2301  2301 E A       : com.google.android.apps.gsa.shared.speech.a.m: errorCode: 65561, engine: 2
11-01 00:06:27.539  2301  2301 E A       : 	at com.google.android.apps.gsa.staticplugins.cy.a.f.a(PG:3)
11-01 00:06:27.539  2301  2301 E A       : 	at com.google.android.apps.gsa.s3.o.gQ(PG:1)
11-01 00:06:27.539  2301  2301 E A       : 	at com.google.cd.g.a.f.e(PG:2)
11-01 00:06:27.539  2301  2301 E A       : 	at com.google.android.apps.gsa.speech.k.a.g.d(PG:22)
11-01 00:06:27.539  2301  2301 E A       : 	at com.google.android.apps.gsa.speech.k.a.g.jA(PG:6)
11-01 00:06:27.539  2301  2301 E A       : 	at com.google.android.apps.gsa.s3.p.c(PG:14)
11-01 00:06:27.539  2301  2301 E A       : 	at com.google.android.apps.gsa.s3.q.run(PG:1)
11-01 00:06:27.539  2301  2301 E A       : 	at java.util.concurrent.Executors$RunnableAdapter.call(Executors.java:457)
11-01 00:06:27.539  2301  2301 E A       : 	at java.util.concurrent.FutureTask.run(FutureTask.java:266)
11-01 00:06:27.539  2301  2301 E A       : 	at com.google.android.apps.gsa.shared.util.c.a.e.run(PG:2)
11-01 00:06:27.539  2301  2301 E A       : 	at com.google.android.apps.gsa.shared.util.c.a.bh.run(PG:1)
11-01 00:06:27.539  2301  2301 E A       : 	at com.google.android.apps.gsa.shared.util.c.a.bh.run(PG:1)
11-01 00:06:27.539  2301  2301 E A       : 	at java.util.concurrent.ThreadPoolExecutor.runWorker(ThreadPoolExecutor.java:1162)
11-01 00:06:27.539  2301  2301 E A       : 	at java.util.concurrent.ThreadPoolExecutor$Worker.run(ThreadPoolExecutor.java:636)
11-01 00:06:27.539  2301  2301 E A       : 	at java.lang.Thread.run(Thread.java:764)
11-01 00:06:27.539  2301  2301 E A       : 	at com.google.android.apps.gsa.shared.util.c.a.l.run(PG:5)
11-01 00:06:27.539  2301  2301 E A       : Caused by: com.google.android.apps.gsa.shared.speech.a.o: errorCode: 65586, engine: 2
11-01 00:06:27.539  2301  2301 E A       : 	... 15 more
11-01 00:06:27.539  2301  2301 E A       : Caused by: com.google.android.apps.gsa.shared.speech.a.k: errorCode: 401, engine: 2
11-01 00:06:27.539  2301  2301 E A       : 	at com.google.android.apps.gsa.assistant.shared.n.h.a(PG:5)
11-01 00:06:27.539  2301  2301 E A       : 	at com.google.android.apps.gsa.s3.producers.j.hl(PG:2)
11-01 00:06:27.539  2301  2301 E A       : 	at com.google.android.apps.gsa.speech.k.a.g.d(PG:16)
11-01 00:06:27.539  2301  2301 E A       : 	... 12 more
11-01 00:06:27.540  2301  2808 I A       : [Upload] Connected
11-01 00:06:27.541  2301  2475 I A       : Flag is_largescreen_foldable_phone is false
11-01 00:06:27.541  2301  2475 I A       : (REDACTED) Flag is_whitelisted_as_tablet is %b
11-01 00:06:27.541  2301  2475 I A       : (REDACTED) R.bool.is_tablet is %b
11-01 00:06:27.543  2301  2487 I A       : Flag is_largescreen_foldable_phone is false
11-01 00:06:27.543  2301  2487 I A       : (REDACTED) Flag is_whitelisted_as_tablet is %b
11-01 00:06:27.543  2301  2487 I A       : (REDACTED) R.bool.is_tablet is %b
11-01 00:06:27.545  2301  2301 W A       : Failed to sync device settings.
11-01 00:06:27.545  2301  2301 I A       : Retrying to sync device settings.
11-01 00:06:27.545  6548  6548 W ResourceType: ResTable_typeSpec entry count inconsistent: given 1276, previously 1326
11-01 00:06:27.545  6548  6548 W ResourceType: ResTable_typeSpec entry count inconsistent: given 372, previously 3291
11-01 00:06:27.549  1636  1760 I WifiService: getWifiEnabledState uid=10032
11-01 00:06:27.690  6548  6548 I zygote  : Deoptimizing java.lang.Object cal.ahmt.ep(cal.ahnd, cal.ahla) due to JIT inline cache
11-01 00:06:27.699  2010  2010 D WearableService: Creating wearable service asynchronously.
11-01 00:06:27.706  6573  6573 W zygote  : Unexpected CPU variant for X86 using defaults: x86
11-01 00:06:27.732  2010  2073 I Wear_Controller: Wearable module requires a companion app to be installed.
11-01 00:06:27.732  2010  2073 I WearableService: onCreate: Wearable Services not starting. Wear is not available on this device.
11-01 00:06:27.733  6573  6573 I zygote  : The ClassLoaderContext is a special shared library.
11-01 00:06:27.734  6573  6573 I chatty  : uid=10002(com.android.providers.calendar) identical 1 line
11-01 00:06:27.735  6573  6573 I zygote  : The ClassLoaderContext is a special shared library.
11-01 00:06:27.747  6573  6573 I CalendarProvider2: Created com.android.providers.calendar.CalendarAlarmManager@46bd27a(com.android.providers.calendar.CalendarProvider2@65fa2b)
11-01 00:06:27.803  6314  6330 I UserRepository: 2025-11-01 00:06:27 [INFO] UserRepository - Calling addUser;
11-01 00:06:27.807  6314  6330 D UserRepository: 2025-11-01 00:06:27 [DEBUG] UserRepository - addUser succeeded: 3247d9bc-0b73-4704-b363-ebe302f61306;
11-01 00:06:27.807  6314  6330 I UserService: 2025-11-01 00:06:27 [INFO] UserService - Attempting to register user 'benchmark-user-a2da2270-f592-4c06-b7e4-a204ecd0b967'.;
11-01 00:06:27.808  6314  6330 I UserRepository: 2025-11-01 00:06:27 [INFO] UserRepository - Calling findByUsername;
11-01 00:06:27.810  6314  6330 D UserRepository: 2025-11-01 00:06:27 [DEBUG] UserRepository - findByUsername succeeded: null;
11-01 00:06:27.812  6548  6594 I SqliteTransaction: Started new WRITEABLE transaction writetx1 [SqliteDatabase.onStart]
11-01 00:06:27.826  6548  6595 I cal.apfa: Obtained writable database SQLiteDatabase/248575252 instance with path /data/user/0/com.google.android.calendar/databases/cal_v2a
11-01 00:06:27.833  6548  6594 I cal.apdg: The schema version is 23, the database version is 23, and there are 0 migrations
11-01 00:06:27.834  6548  6595 I SqliteTransaction: Closing transaction writetx1 [SqliteDatabase.onStart]: Stats[2 Reads (rows: 2)] after 27 ms
11-01 00:06:27.835  6548  6594 I SqliteTransaction: Started new READ_ONLY transaction readtx2 [AccountReaderServiceImpl lazy initialization]
11-01 00:06:27.841  6548  6595 I SqliteTransaction: Closing transaction readtx2 [AccountReaderServiceImpl lazy initialization]: Stats[1 Reads (rows: 0)] after 6 ms
11-01 00:06:27.944  6548  6612 W AndroidLoggerBackend: AndroidLoggerBackend configured with enableAndroidLogger:false; no logs will be emitted.
11-01 00:06:28.030  2010  2833 W WearableService: onGetService: Wear is not available on this device.
11-01 00:06:28.062  6548  6560 W Binder  : Binder call failed.
11-01 00:06:28.062  6548  6560 W Binder  : java.lang.UnsupportedOperationException
11-01 00:06:28.062  6548  6560 W Binder  : 	at cal.aacq.b(PG:3)
11-01 00:06:28.062  6548  6560 W Binder  : 	at cal.aacs.S(PG:58)
11-01 00:06:28.062  6548  6560 W Binder  : 	at cal.hlm.onTransact(PG:21)
11-01 00:06:28.062  6548  6560 W Binder  : 	at android.os.Binder.execTransact(Binder.java:697)
11-01 00:06:28.068  6548  6557 W Binder  : Binder call failed.
11-01 00:06:28.068  6548  6557 W Binder  : java.lang.UnsupportedOperationException
11-01 00:06:28.068  6548  6557 W Binder  : 	at cal.aacq.b(PG:3)
11-01 00:06:28.068  6548  6557 W Binder  : 	at cal.aacs.S(PG:58)
11-01 00:06:28.068  6548  6557 W Binder  : 	at cal.hlm.onTransact(PG:21)
11-01 00:06:28.068  6548  6557 W Binder  : 	at android.os.Binder.execTransact(Binder.java:697)
11-01 00:06:28.088  2118  4045 I Blockstore: (REDACTED) [BlockstoreImpl] Snapshot enabled. updateAccessPerSnapshotIfEligible for package: %s
11-01 00:06:28.091  2010  4510 W ResourceType: ResTable_typeSpec entry count inconsistent: given 1276, previously 1326
11-01 00:06:28.091  2010  4510 W ResourceType: ResTable_typeSpec entry count inconsistent: given 372, previously 3291
11-01 00:06:28.096  2010  4510 I zygote  : Deoptimizing java.lang.Object eiej.lF() due to JIT inline cache
11-01 00:06:29.349  6314  6330 I UserRepository: 2025-11-01 00:06:29 [INFO] UserRepository - Calling addUser;
11-01 00:06:29.354  6314  6330 D UserRepository: 2025-11-01 00:06:29 [DEBUG] UserRepository - addUser succeeded: 34a45769-5c92-4cf4-af88-fb316829210f;
11-01 00:06:29.355  6314  6330 I UserService: 2025-11-01 00:06:29 [INFO] UserService - Attempting to register user 'benchmark-user-e0847d0d-a831-450c-a1cf-dd176bb59c7c'.;
11-01 00:06:29.355  6314  6330 I UserRepository: 2025-11-01 00:06:29 [INFO] UserRepository - Calling findByUsername;
11-01 00:06:29.357  6314  6330 D UserRepository: 2025-11-01 00:06:29 [DEBUG] UserRepository - findByUsername succeeded: null;
11-01 00:06:29.559  1636  3615 I WifiService: getWifiEnabledState uid=10032
11-01 00:06:29.562  1636  1707 D WIFI    : got request NetworkRequest [ REQUEST id=54, [ Transports: CELLULAR Capabilities: INTERNET&NOT_RESTRICTED&TRUSTED&NOT_VPN] ] with score 50
11-01 00:06:29.562  1636  1707 D WIFI_UT : got request NetworkRequest [ REQUEST id=54, [ Transports: CELLULAR Capabilities: INTERNET&NOT_RESTRICTED&TRUSTED&NOT_VPN] ] with score 50
11-01 00:06:29.562  1833  1833 D PhoneSwitcherNetworkRequstListener: got request NetworkRequest [ REQUEST id=54, [ Transports: CELLULAR Capabilities: INTERNET&NOT_RESTRICTED&TRUSTED&NOT_VPN] ] with score 50
11-01 00:06:29.570  1636  2607 D NetworkMonitor/NetworkAgentInfo [WIFI () - 101]: Forcing reevaluation for UID 10032
11-01 00:06:29.586  1636  6642 D NetworkMonitor/NetworkAgentInfo [WIFI () - 101]: PROBE_DNS connectivitycheck.gstatic.com 15ms OK 142.251.36.3,2404:6800:400a:813::2003
11-01 00:06:29.603  1636  6641 D NetworkMonitor/NetworkAgentInfo [WIFI () - 101]: PROBE_DNS www.google.com 30ms OK 142.250.180.68,2a00:1450:400e:802::2004
11-01 00:06:30.111  1636  6642 D NetworkMonitor/NetworkAgentInfo [WIFI () - 101]: PROBE_HTTP http://connectivitycheck.gstatic.com/generate_204 time=524ms ret=204 request={User-Agent=[Mozilla/5.0 (X11; Linux x86_64) AppleWebKit/537.36 (KHTML, like Gecko) Chrome/60.0.3112.32 Safari/537.36]} headers={null=[HTTP/1.1 204 No Content], Content-Length=[0], Cross-Origin-Resource-Policy=[cross-origin], Date=[Fri, 31 Oct 2025 21:06:30 GMT], X-Android-Received-Millis=[1761944790111], X-Android-Response-Source=[NETWORK 204], X-Android-Selected-Protocol=[http/1.1], X-Android-Sent-Millis=[1761944789587]}
11-01 00:06:30.113  1636  6641 D NetworkMonitor/NetworkAgentInfo [WIFI () - 101]: PROBE_HTTPS https://www.google.com/generate_204 time=509ms ret=204 request={User-Agent=[Mozilla/5.0 (X11; Linux x86_64) AppleWebKit/537.36 (KHTML, like Gecko) Chrome/60.0.3112.32 Safari/537.36]} headers={null=[HTTP/1.1 204 No Content], Alt-Svc=[h3=":443"; ma=2592000,h3-29=":443"; ma=2592000], Content-Length=[0], Cross-Origin-Resource-Policy=[cross-origin], Date=[Fri, 31 Oct 2025 21:06:30 GMT], X-Android-Received-Millis=[1761944790113], X-Android-Response-Source=[NETWORK 204], X-Android-Selected-Protocol=[http/1.1], X-Android-Sent-Millis=[1761944789604]}
11-01 00:06:30.856  6314  6330 I UserRepository: 2025-11-01 00:06:30 [INFO] UserRepository - Calling addUser;
11-01 00:06:30.861  6314  6330 D UserRepository: 2025-11-01 00:06:30 [DEBUG] UserRepository - addUser succeeded: 3c1727a3-893b-4f09-a1ae-145479a8c754;
11-01 00:06:30.863  6314  6330 I UserService: 2025-11-01 00:06:30 [INFO] UserService - Attempting to register user 'benchmark-user-0a08ef9a-0335-4ee9-9bfb-866ac8320265'.;
11-01 00:06:30.863  6314  6330 I UserRepository: 2025-11-01 00:06:30 [INFO] UserRepository - Calling findByUsername;
11-01 00:06:30.865  6314  6330 D UserRepository: 2025-11-01 00:06:30 [DEBUG] UserRepository - findByUsername succeeded: null;
11-01 00:06:31.138  2301  3509 W A       : (REDACTED) [%s] response code: %d
11-01 00:06:32.345  6314  6330 I UserRepository: 2025-11-01 00:06:32 [INFO] UserRepository - Calling addUser;
11-01 00:06:32.352  6314  6330 D UserRepository: 2025-11-01 00:06:32 [DEBUG] UserRepository - addUser succeeded: f09edcb0-4a35-444e-b57d-887a0eba8eb6;
11-01 00:06:32.353  6314  6330 I UserService: 2025-11-01 00:06:32 [INFO] UserService - Attempting to register user 'benchmark-user-dab369f7-66d5-4015-aa01-63951099c97b'.;
11-01 00:06:32.353  6314  6330 I UserRepository: 2025-11-01 00:06:32 [INFO] UserRepository - Calling findByUsername;
11-01 00:06:32.355  6314  6330 D UserRepository: 2025-11-01 00:06:32 [DEBUG] UserRepository - findByUsername succeeded: null;
11-01 00:06:33.813  6314  6330 I UserRepository: 2025-11-01 00:06:33 [INFO] UserRepository - Calling addUser;
11-01 00:06:33.820  6314  6330 D UserRepository: 2025-11-01 00:06:33 [DEBUG] UserRepository - addUser succeeded: 03892d9b-39d2-454e-912f-184272c43cde;
11-01 00:06:33.821  6314  6330 I UserService: 2025-11-01 00:06:33 [INFO] UserService - Attempting to register user 'benchmark-user-a0b284f4-a10e-4330-bf71-4b0d3f1035ed'.;
11-01 00:06:33.822  6314  6330 I UserRepository: 2025-11-01 00:06:33 [INFO] UserRepository - Calling findByUsername;
11-01 00:06:33.825  6314  6330 D UserRepository: 2025-11-01 00:06:33 [DEBUG] UserRepository - findByUsername succeeded: null;
11-01 00:06:35.243  6314  6330 I UserRepository: 2025-11-01 00:06:35 [INFO] UserRepository - Calling addUser;
