11-01 00:04:33.586  6314  6330 I TestRunner: started: benchmark_RegisterUser(com.distributedMessenger.benchmark.UserCrudBenchmark)
11-01 00:04:33.602  2153  2462 I A11yListener: (REDACTED) #onAccessibilityStateChanged enabled: %s
11-01 00:04:33.603  2301  2416 I A       : NGA disabled due to not being eligible.
11-01 00:04:33.603  2153  2499 I A11yListener: #onChange
11-01 00:04:33.604  2153  2499 E TraceManager: Duplicate trace
11-01 00:04:33.604  2153  2499 E TraceManager: com.google.apps.tiktok.tracing.w: Starting new trace A11yEventListener_onChange when already associated with a trace: . For more help, see http://go/tiktok-tracing#fixing-duplicate-trace-issues
11-01 00:04:33.604  2153  2499 E TraceManager: 	at com.google.apps.tiktok.tracing.em.f(PG:6)
11-01 00:04:33.604  2153  2499 E TraceManager: 	at com.google.apps.tiktok.tracing.em.g(PG:2)
11-01 00:04:33.604  2153  2499 E TraceManager: 	at com.google.apps.tiktok.tracing.dv.d(PG:1)
11-01 00:04:33.604  2153  2499 E TraceManager: 	at com.google.android.libraries.search.assistant.a.g.a(PG:7)
11-01 00:04:33.604  2153  2499 E TraceManager: 	at com.google.android.libraries.search.assistant.a.b.b(PG:2)
11-01 00:04:33.604  2153  2499 E TraceManager: 	at j.c.b.a.a.h(PG:4)
11-01 00:04:33.604  2153  2499 E TraceManager: 	at kotlinx.coroutines.bk.run(PG:14)
11-01 00:04:33.604  2153  2499 E TraceManager: 	at com.google.apps.tiktok.coroutines.g.run(PG:1)
11-01 00:04:33.604  2153  2499 E TraceManager: 	at com.google.android.libraries.i.y.run(PG:1)
11-01 00:04:33.604  2153  2499 E TraceManager: 	at java.util.concurrent.ThreadPoolExecutor.runWorker(ThreadPoolExecutor.java:1162)
11-01 00:04:33.604  2153  2499 E TraceManager: 	at java.util.concurrent.ThreadPoolExecutor$Worker.run(ThreadPoolExecutor.java:636)
11-01 00:04:33.604  2153  2499 E TraceManager: 	at com.google.android.libraries.i.g.run(PG:2)
11-01 00:04:33.604  2153  2499 E TraceManager: 	at java.lang.Thread.run(Thread.java:764)
11-01 00:04:33.604  2153  2499 E TraceManager: 	at com.google.android.libraries.i.ah.run(PG:5)
11-01 00:04:33.604  2153  2499 E TraceManager: 	Suppressed: com.google.apps.tiktok.tracing.fx:
11-01 00:04:33.604  2153  2499 E TraceManager: 		at tk_trace.(Unknown Source:0)
11-01 00:04:33.604  2153  2499 E TraceManager: 		at tk_trace.Missing root trace(Unknown Source:0)
11-01 00:04:33.604  2153  2499 E TraceManager: Caused by: com.google.apps.tiktok.tracing.aa
11-01 00:04:33.604  2153  2499 I Ma-fcf-A11yChangeNotifier: #FCF: onChange
11-01 00:04:33.605  2153  2499 I Ma-fcf  : FCF A11y Checker - readyForTngMa
11-01 00:04:33.608  2153  2499 I Ma-fcf  : (REDACTED) #FCF: Headset Connected Status: %s
11-01 00:04:33.609  2153  2499 I Ma-fcf  : (REDACTED) #FCF: Assistant primary locale : %s
11-01 00:04:33.609  2153  2499 I Ma-fcf  : (REDACTED) #FCF: Assistant Primary locale check status : %s
11-01 00:04:33.610  2153  2499 W Ma-fcf  : Unable to check for productivity accounts. Assuming there are none.
11-01 00:04:33.610  2153  2499 W Ma-fcf  : com.google.android.libraries.geller.portable.GellerException: Code: INVALID_ARGUMENT, Message: Account name is null.
11-01 00:04:33.610  2153  2499 W Ma-fcf  : 	at com.google.android.libraries.search.j.l.a(PG:6)
11-01 00:04:33.610  2153  2499 W Ma-fcf  : 	at com.google.apps.tiktok.tracing.et.a(PG:3)
11-01 00:04:33.610  2153  2499 W Ma-fcf  : 	at com.google.common.util.concurrent.bc.a(PG:1)
11-01 00:04:33.610  2153  2499 W Ma-fcf  : 	at com.google.common.util.concurrent.cw.run(PG:4)
11-01 00:04:33.610  2153  2499 W Ma-fcf  : 	at com.google.android.libraries.i.y.run(PG:1)
11-01 00:04:33.610  2153  2499 W Ma-fcf  : 	at java.util.concurrent.ThreadPoolExecutor.runWorker(ThreadPoolExecutor.java:1162)
11-01 00:04:33.610  2153  2499 W Ma-fcf  : 	at java.util.concurrent.ThreadPoolExecutor$Worker.run(ThreadPoolExecutor.java:636)
11-01 00:04:33.610  2153  2499 W Ma-fcf  : 	at com.google.android.libraries.i.g.run(PG:2)
11-01 00:04:33.610  2153  2499 W Ma-fcf  : 	at java.lang.Thread.run(Thread.java:764)
11-01 00:04:33.610  2153  2499 W Ma-fcf  : 	at com.google.android.libraries.i.ah.run(PG:5)
11-01 00:04:33.623  2153  2498 I Ma-fcf-tngMaStatus: (REDACTED) #FCF evaluate: %s
11-01 00:04:33.623  2153  2498 I Ma-fcf-tngMaStatus: (REDACTED) TngMaStatusChecker#evaluateInternal completed in %s millis
11-01 00:04:33.623  2153  2498 I Ma-Entry-Triggering: (REDACTED) TNG:MA status updated: %s
11-01 00:04:33.623  2153  2498 I Ma-Entry-Triggering: TNG:MA became ineligible, client should disconnect
11-01 00:04:33.624  2153  2498 I Ma-Entry-Triggering: #disconnectAndStop - preventing double stop
11-01 00:04:33.624  2153  2498 I Ma-fcf-tngMaStatus: #invalidationSource: adding saa update checker
11-01 00:04:33.624  2153  2498 I Ma-fcf-tngMaStatus: #invalidationSource: adding headset checker
11-01 00:04:33.644  6314  6330 D Benchmark: Usable output directory: /storage/emulated/0/Android/data/com.distributedMessenger.benchmark/cache
11-01 00:04:33.726  6314  6330 D Benchmark: additionalTestOutputDir=/storage/emulated/0/Android/data/com.distributedMessenger.benchmark/files/test_data
11-01 00:04:33.726  6314  6330 D Benchmark: Output Directory: /storage/emulated/0/Android/data/com.distributedMessenger.benchmark/files/test_data
11-01 00:04:33.769  6314  6330 D Benchmark: launching Benchmark IsolationActivity
11-01 00:04:33.782  1636  1649 E memtrack: Couldn't load memtrack module
11-01 00:04:33.782  1636  1649 W android.os.Debug: failed to get memory consumption info: -1
11-01 00:04:33.786  6314  6314 D LifecycleMonitor: Lifecycle status change: androidx.benchmark.IsolationActivity@b6c5e1 in: PRE_ON_CREATE
11-01 00:04:33.809  1440  1478 D gralloc_ranchu: gralloc_alloc: Creating ashmem region of size 7753728
11-01 00:04:33.811  1450  1466 D         : HostConnection::get() New Host Connection established 0xb382e180, tid 1466
11-01 00:04:33.880  6314  6314 D Benchmark: Clocks not locked: online cores with min freq == min avail freq
11-01 00:04:33.880  6314  6314 D Benchmark: cpu0 CoreDir(path=/sys/devices/system/cpu/cpu0, online=true, availableFreqs=[-1], setSpeedKhz=-1, maxFreqKhz=-1)
11-01 00:04:33.880  6314  6314 D Benchmark: cpu1 CoreDir(path=/sys/devices/system/cpu/cpu1, online=true, availableFreqs=[-1], setSpeedKhz=-1, maxFreqKhz=-1)
11-01 00:04:33.880  6314  6314 D Benchmark: cpu2 CoreDir(path=/sys/devices/system/cpu/cpu2, online=true, availableFreqs=[-1], setSpeedKhz=-1, maxFreqKhz=-1)
11-01 00:04:33.880  6314  6314 D Benchmark: cpu3 CoreDir(path=/sys/devices/system/cpu/cpu3, online=true, availableFreqs=[-1], setSpeedKhz=-1, maxFreqKhz=-1)
11-01 00:04:33.882  6314  6314 D LifecycleMonitor: Lifecycle status change: androidx.benchmark.IsolationActivity@b6c5e1 in: CREATED
11-01 00:04:33.883  6314  6314 D LifecycleMonitor: Lifecycle status change: androidx.benchmark.IsolationActivity@b6c5e1 in: STARTED
11-01 00:04:33.884  6314  6314 D LifecycleMonitor: Lifecycle status change: androidx.benchmark.IsolationActivity@b6c5e1 in: RESUMED
11-01 00:04:33.890  1450  1466 E SurfaceFlinger: ro.sf.lcd_density must be defined as a build property
11-01 00:04:33.890  6314  6406 D OpenGLRenderer: HWUI GL Pipeline
11-01 00:04:33.917  1440  1478 D gralloc_ranchu: gralloc_alloc: Creating ashmem region of size 7753728
11-01 00:04:33.917  6314  6406 D         : HostConnection::get() New Host Connection established 0x8212a100, tid 6406
11-01 00:04:33.920  6314  6406 I zygote  : android::hardware::configstore::V1_0::ISurfaceFlingerConfigs::hasWideColorDisplay retrieved: 0
11-01 00:04:33.920  6314  6406 I OpenGLRenderer: Initialized EGL, version 1.4
11-01 00:04:33.920  6314  6406 D OpenGLRenderer: Swap behavior 1
11-01 00:04:33.931  6314  6406 D EGL_emulation: eglCreateContext: 0xa6ce4040: maj 3 min 0 rcv 3
11-01 00:04:33.934  6314  6406 D EGL_emulation: eglMakeCurrent: 0xa6ce4040: ver 3 0 (tinfo 0xa6c18c00)
11-01 00:04:33.934  1440  1478 D gralloc_ranchu: gralloc_alloc: Creating ashmem region of size 7753728
11-01 00:04:33.937  1450  1939 E SurfaceFlinger: ro.sf.lcd_density must be defined as a build property
11-01 00:04:33.940  1440  1478 D gralloc_ranchu: gralloc_alloc: Creating ashmem region of size 7753728
11-01 00:04:33.952  1729  1729 I GoogleInputMethodService: GoogleInputMethodService.onFinishInput():2086
11-01 00:04:33.954  1729  1729 I Module  : DeviceLockedStatusModuleProvider$Module.updateDeviceLockedStatus():103 repeatCheckTimes = 0, locked = false
11-01 00:04:33.956  1729  1729 I GoogleInputMethodService: GoogleInputMethodService.onStartInput():1347 onStartInput(EditorInfo{EditorInfo{packageName=com.distributedMessenger.benchmark, inputType=0, inputTypeString=NULL, enableLearning=false, autoCorrection=false, autoComplete=false, imeOptions=0, privateImeOptions=null, actionName=UNSPECIFIED, actionLabel=null, initialSelStart=-1, initialSelEnd=-1, initialCapsMode=0, label=null, fieldId=-1, fieldName=null, extras=null, hintText=null, hintLocales=[]}}, false)
11-01 00:04:33.958  1729  1729 I Module  : DeviceLockedStatusModuleProvider$Module.updateDeviceLockedStatus():103 repeatCheckTimes = 1, locked = false
11-01 00:04:33.964  2301  2484 D EGL_emulation: eglMakeCurrent: 0xa6ce32c0: ver 3 0 (tinfo 0xa6c0fed0)
11-01 00:04:33.967  6314  6406 D EGL_emulation: eglMakeCurrent: 0xa6ce4040: ver 3 0 (tinfo 0xa6c18c00)
11-01 00:04:33.965  2216  2329 D EGL_emulation: eglMakeCurrent: 0x829f25e0: ver 3 0 (tinfo 0x829f36f0)
11-01 00:04:33.972  1736  1956 D EGL_emulation: eglMakeCurrent: 0x9ec85720: ver 3 0 (tinfo 0x9ec83450)
11-01 00:04:34.684  1636  1657 I ActivityManager: Displayed com.distributedMessenger.benchmark/androidx.benchmark.IsolationActivity: +903ms
11-01 00:04:34.705  6314  6330 I UiAutomationShellCmd: Requesting permission: pm grant com.distributedMessenger.benchmark android.permission.READ_EXTERNAL_STORAGE
11-01 00:04:34.712  1736  1736 D StatusBar: disable<e i a s b h r c s q >
11-01 00:04:34.715  1736  1956 D EGL_emulation: eglMakeCurrent: 0x9ec85720: ver 3 0 (tinfo 0x9ec83450)
11-01 00:04:34.717  1736  1956 D EGL_emulation: eglMakeCurrent: 0x9ec85720: ver 3 0 (tinfo 0x9ec83450)
11-01 00:04:34.720  1450  1450 W SurfaceFlinger: couldn't log to binary event log: overflow.
11-01 00:04:34.843  6408  6408 D AndroidRuntime: >>>>>> START com.android.internal.os.RuntimeInit uid 2000 <<<<<<
11-01 00:04:34.846  6408  6408 W app_process: Could not reserve sentinel fault page
11-01 00:04:34.897  6408  6408 W app_process: Unexpected CPU variant for X86 using defaults: x86
11-01 00:04:34.899  6408  6408 I app_process: The ClassLoaderContext is a special shared library.
11-01 00:04:34.912  6408  6408 D AndroidRuntime: Calling main entry com.android.commands.pm.Pm
11-01 00:04:34.915  1636  1636 I GnssLocationProvider: WakeLock acquired by sendMessage(SET_REQUEST, 0, com.android.server.location.GnssLocationProvider$GpsRequest@ada2457)
11-01 00:04:34.915  1636  1649 I GnssLocationProvider: WakeLock released by handleMessage(SET_REQUEST, 0, com.android.server.location.GnssLocationProvider$GpsRequest@ada2457)
11-01 00:04:35.070  6408  6408 I app_process: System.exit called, status: 0
11-01 00:04:35.070  6408  6408 I AndroidRuntime: VM exiting with result code 0.
11-01 00:04:35.075  6314  6330 I UiAutomationShellCmd: Requesting permission: pm grant com.distributedMessenger.benchmark android.permission.WRITE_EXTERNAL_STORAGE
11-01 00:04:35.199  6421  6421 D AndroidRuntime: >>>>>> START com.android.internal.os.RuntimeInit uid 2000 <<<<<<
11-01 00:04:35.202  6421  6421 W app_process: Could not reserve sentinel fault page
11-01 00:04:35.238  6421  6421 W app_process: Unexpected CPU variant for X86 using defaults: x86
11-01 00:04:35.239  6421  6421 I app_process: The ClassLoaderContext is a special shared library.
11-01 00:04:35.253  6421  6421 D AndroidRuntime: Calling main entry com.android.commands.pm.Pm
11-01 00:04:35.257  1636  1636 I GnssLocationProvider: WakeLock acquired by sendMessage(SET_REQUEST, 0, com.android.server.location.GnssLocationProvider$GpsRequest@e3f542d)
11-01 00:04:35.257  1636  1649 I GnssLocationProvider: WakeLock released by handleMessage(SET_REQUEST, 0, com.android.server.location.GnssLocationProvider$GpsRequest@e3f542d)
11-01 00:04:35.380  6421  6421 I app_process: System.exit called, status: 0
11-01 00:04:35.380  6421  6421 I AndroidRuntime: VM exiting with result code 0.
11-01 00:04:35.391  6314  6330 D Benchmark: -- Running com.distributedMessenger.benchmark.UserCrudBenchmark#benchmark_RegisterUser --
11-01 00:04:35.409  6314  6330 D PerfettoCapture: Supported ABIs: x86
11-01 00:04:35.410  6314  6330 D PerfettoCapture: Recording perfetto trace
11-01 00:04:35.515  6314  6330 I PerfettoCapture: Cleanup perfetto before starting.
11-01 00:04:35.542  6314  6330 D PerfettoCapture: Supported ABIs: x86
11-01 00:04:35.605  6456  6456 I perfetto:            probes.cc:65 Hard resetting ftrace state.
11-01 00:04:35.928  6314  6330 I PerfettoCapture: Starting perfetto tracing with cmd: /data/local/tmp/tracebox --background-wait -c /data/local/tmp/config.pb -o /data/local/tmp/trace_output.pb
11-01 00:04:35.940  6502  6502 W perfetto:          service.cc:240 Started traced, listening on @traced-p-6500 @traced-c-6500
11-01 00:04:36.168  6505  6505 I perfetto:           probes.cc:104 Starting traced_probes service
11-01 00:04:36.171  6505  6505 I perfetto:  probes_producer.cc:340 Connected to the service
11-01 00:04:36.159  6505  6505 W tracebox: type=1400 audit(0.0:21): avc: denied { search } for name="instances" dev="tracefs" ino=2113 scontext=u:r:shell:s0 tcontext=u:object_r:debugfs_tracing_instances:s0 tclass=dir permissive=0
11-01 00:04:36.200  6501  6501 I perfetto:    perfetto_cmd.cc:1019 Connected to the Perfetto traced service, starting tracing
11-01 00:04:36.201  6502  6502 I perfetto: ing_service_impl.cc:980 Configured tracing session 1, #sources:9, duration:0 ms, #buffers:2, total buffer size:36864 KB, total sessions:1, uid:2000 session name: ""
11-01 00:04:36.249  6505  6505 E perfetto:    compact_sched.cc:175 Unexpected sched_switch or sched_waking format.
11-01 00:04:36.250  6505  6505 E perfetto: zy_library_loader.cc:53 android_internal functions can be used only with in-tree builds of perfetto.
11-01 00:04:36.250  6505  6505 I perfetto:  probes_producer.cc:142 Ftrace setup (target_buf=1)
11-01 00:04:36.250  6505  6505 I perfetto:    ftrace_procfs.cc:435 disabled ftrace in /sys/kernel/debug/tracing/
11-01 00:04:36.392  1636  1652 W zygote  : kill(-4793, 9) failed: No such process
11-01 00:04:36.428  1636  1652 W zygote  : kill(-4793, 9) failed: No such process
11-01 00:04:36.458  6505  6505 E perfetto:    ftrace_procfs.cc:399 Failed to clear buffer for CPU 0
11-01 00:04:36.458  6505  6505 E perfetto:    ftrace_procfs.cc:399 Failed to clear buffer for CPU 1
11-01 00:04:36.458  6505  6505 E perfetto:    ftrace_procfs.cc:399 Failed to clear buffer for CPU 2
11-01 00:04:36.458  6505  6505 E perfetto:    ftrace_procfs.cc:399 Failed to clear buffer for CPU 3
11-01 00:04:36.468  1636  1652 W zygote  : kill(-4793, 9) failed: No such process
11-01 00:04:36.468  1636  1652 I zygote  : Successfully killed process cgroup uid 1000 pid 4793 in 75ms
11-01 00:04:37.274  1380  1380 E SELinux : avc:  denied  { find } for service=netd pid=6511 uid=2000 scontext=u:r:shell:s0 tcontext=u:object_r:netd_service:s0 tclass=service_manager permissive=0
11-01 00:04:37.269  6511  6511 W atrace  : type=1400 audit(0.0:22): avc: denied { call } for scontext=u:r:shell:s0 tcontext=u:r:wificond:s0 tclass=binder permissive=0
11-01 00:04:37.294  1380  1380 E SELinux : avc:  denied  { find } for service=android.service.gatekeeper.IGateKeeperService pid=6511 uid=2000 scontext=u:r:shell:s0 tcontext=u:object_r:gatekeeper_service:s0 tclass=service_manager permissive=0
11-01 00:04:37.295  1380  1380 E SELinux : avc:  denied  { find } for service=installd pid=6511 uid=2000 scontext=u:r:shell:s0 tcontext=u:object_r:installd_service:s0 tclass=service_manager permissive=0
11-01 00:04:37.297  1381  1381 E SELinux : avc:  denied  { find } for interface=android.frameworks.displayservice::IDisplayService pid=6511 scontext=u:r:shell:s0 tcontext=u:object_r:fwk_display_hwservice:s0 tclass=hwservice_manager permissive=0
11-01 00:04:37.297  1381  1381 E SELinux : avc:  denied  { find } for interface=android.frameworks.schedulerservice::ISchedulingPolicyService pid=6511 scontext=u:r:shell:s0 tcontext=u:object_r:fwk_scheduler_hwservice:s0 tclass=hwservice_manager permissive=0
11-01 00:04:37.297  1381  1381 E SELinux : avc:  denied  { find } for interface=android.frameworks.sensorservice::ISensorManager pid=6511 scontext=u:r:shell:s0 tcontext=u:object_r:fwk_sensor_hwservice:s0 tclass=hwservice_manager permissive=0
11-01 00:04:37.298  1381  1381 E SELinux : avc:  denied  { find } for interface=android.hardware.audio.effect::IEffectsFactory pid=6511 scontext=u:r:shell:s0 tcontext=u:object_r:hal_audio_hwservice:s0 tclass=hwservice_manager permissive=0
11-01 00:04:37.298  1381  1381 E SELinux : avc:  denied  { find } for interface=android.hardware.audio::IDevicesFactory pid=6511 scontext=u:r:shell:s0 tcontext=u:object_r:hal_audio_hwservice:s0 tclass=hwservice_manager permissive=0
11-01 00:04:37.298  1381  1381 E SELinux : avc:  denied  { find } for interface=android.hardware.biometrics.fingerprint::IBiometricsFingerprint pid=6511 scontext=u:r:shell:s0 tcontext=u:object_r:hal_fingerprint_hwservice:s0 tclass=hwservice_manager permissive=0
11-01 00:04:37.298  1381  1381 E SELinux : avc:  denied  { find } for interface=android.hardware.camera.provider::ICameraProvider pid=6511 scontext=u:r:shell:s0 tcontext=u:object_r:hal_camera_hwservice:s0 tclass=hwservice_manager permissive=0
11-01 00:04:37.300  1381  1381 E SELinux : avc:  denied  { find } for interface=android.hardware.drm::ICryptoFactory pid=6511 scontext=u:r:shell:s0 tcontext=u:object_r:hal_drm_hwservice:s0 tclass=hwservice_manager permissive=0
11-01 00:04:37.300  1381  1381 E SELinux : avc:  denied  { find } for interface=android.hardware.drm::ICryptoFactory pid=6511 scontext=u:r:shell:s0 tcontext=u:object_r:hal_drm_hwservice:s0 tclass=hwservice_manager permissive=0
11-01 00:04:37.300  1381  1381 E SELinux : avc:  denied  { find } for interface=android.hardware.drm::IDrmFactory pid=6511 scontext=u:r:shell:s0 tcontext=u:object_r:hal_drm_hwservice:s0 tclass=hwservice_manager permissive=0
11-01 00:04:37.301  1381  1381 E SELinux : avc:  denied  { find } for interface=android.hardware.drm::IDrmFactory pid=6511 scontext=u:r:shell:s0 tcontext=u:object_r:hal_drm_hwservice:s0 tclass=hwservice_manager permissive=0
11-01 00:04:37.301  1381  1381 E SELinux : avc:  denied  { find } for interface=android.hardware.gatekeeper::IGatekeeper pid=6511 scontext=u:r:shell:s0 tcontext=u:object_r:hal_gatekeeper_hwservice:s0 tclass=hwservice_manager permissive=0
11-01 00:04:37.301  1381  1381 E SELinux : avc:  denied  { find } for interface=android.hardware.gnss::IGnss pid=6511 scontext=u:r:shell:s0 tcontext=u:object_r:hal_gnss_hwservice:s0 tclass=hwservice_manager permissive=0
11-01 00:04:37.302  1381  1381 E SELinux : avc:  denied  { find } for interface=android.hardware.graphics.composer::IComposer pid=6511 scontext=u:r:shell:s0 tcontext=u:object_r:hal_graphics_composer_hwservice:s0 tclass=hwservice_manager permissive=0
11-01 00:04:37.302  1381  1381 E SELinux : avc:  denied  { find } for interface=android.hardware.keymaster::IKeymasterDevice pid=6511 scontext=u:r:shell:s0 tcontext=u:object_r:hal_keymaster_hwservice:s0 tclass=hwservice_manager permissive=0
11-01 00:04:37.303  1381  1381 E SELinux : avc:  denied  { find } for interface=android.hardware.power::IPower pid=6511 scontext=u:r:shell:s0 tcontext=u:object_r:hal_power_hwservice:s0 tclass=hwservice_manager permissive=0
11-01 00:04:37.304  1381  1381 E SELinux : avc:  denied  { find } for interface=android.hardware.radio.deprecated::IOemHook pid=6511 scontext=u:r:shell:s0 tcontext=u:object_r:hal_telephony_hwservice:s0 tclass=hwservice_manager permissive=0
11-01 00:04:37.304  1381  1381 E SELinux : avc:  denied  { find } for interface=android.hardware.radio::IRadio pid=6511 scontext=u:r:shell:s0 tcontext=u:object_r:hal_telephony_hwservice:s0 tclass=hwservice_manager permissive=0
11-01 00:04:37.304  1381  1381 E SELinux : avc:  denied  { find } for interface=android.hardware.radio::IRadio pid=6511 scontext=u:r:shell:s0 tcontext=u:object_r:hal_telephony_hwservice:s0 tclass=hwservice_manager permissive=0
11-01 00:04:37.304  1381  1381 E SELinux : avc:  denied  { find } for interface=android.hardware.sensors::ISensors pid=6511 scontext=u:r:shell:s0 tcontext=u:object_r:hal_sensors_hwservice:s0 tclass=hwservice_manager permissive=0
11-01 00:04:37.305  1381  1381 E SELinux : avc:  denied  { find } for interface=android.hardware.soundtrigger::ISoundTriggerHw pid=6511 scontext=u:r:shell:s0 tcontext=u:object_r:hal_audio_hwservice:s0 tclass=hwservice_manager permissive=0
11-01 00:04:37.305  1381  1381 E SELinux : avc:  denied  { find } for interface=android.hardware.wifi.supplicant::ISupplicant pid=6511 scontext=u:r:shell:s0 tcontext=u:object_r:hal_wifi_supplicant_hwservice:s0 tclass=hwservice_manager permissive=0
11-01 00:04:37.305  1381  1381 E SELinux : avc:  denied  { find } for interface=android.hardware.wifi::IWifi pid=6511 scontext=u:r:shell:s0 tcontext=u:object_r:hal_wifi_hwservice:s0 tclass=hwservice_manager permissive=0
11-01 00:04:37.305  1381  1381 E SELinux : avc:  denied  { find } for interface=android.hardware.wifi::IWifi pid=6511 scontext=u:r:shell:s0 tcontext=u:object_r:hal_wifi_hwservice:s0 tclass=hwservice_manager permissive=0
11-01 00:04:37.306  1381  1381 E SELinux : avc:  denied  { find } for interface=android.hidl.base::IBase pid=6511 scontext=u:r:shell:s0 tcontext=u:object_r:hidl_base_hwservice:s0 tclass=hwservice_manager permissive=0
11-01 00:04:37.307  1381  1381 I chatty  : uid=1000(system) hwservicemanage identical 3 lines
11-01 00:04:37.307  1381  1381 E SELinux : avc:  denied  { find } for interface=android.hidl.base::IBase pid=6511 scontext=u:r:shell:s0 tcontext=u:object_r:hidl_base_hwservice:s0 tclass=hwservice_manager permissive=0
11-01 00:04:37.309  1381  1381 E SELinux : avc:  denied  { find } for interface=android.system.net.netd::INetd pid=6511 scontext=u:r:shell:s0 tcontext=u:object_r:system_net_netd_hwservice:s0 tclass=hwservice_manager permissive=0
11-01 00:04:37.309  1381  1381 E SELinux : avc:  denied  { find } for interface=android.system.wifi.keystore::IKeystore pid=6511 scontext=u:r:shell:s0 tcontext=u:object_r:system_wifi_keystore_hwservice:s0 tclass=hwservice_manager permissive=0
11-01 00:04:37.471  6505  6505 I perfetto:    ftrace_procfs.cc:432 enabled ftrace in /sys/kernel/debug/tracing/
11-01 00:04:37.512  6505  6505 E perfetto: _list_data_source.cc:79 Failed to open packages.list
11-01 00:04:37.526  6314  6330 I PerfettoCapture: Perfetto output - 6501
11-01 00:04:37.526  6314  6330 I PerfettoCapture: EXITCODE=0
11-01 00:04:37.537  6314  6330 I PerfettoCapture: Perfetto tracing started successfully with pid 6501.
11-01 00:04:37.618  6314  6330 W Benchmark:
11-01 00:04:37.618  6314  6330 W Benchmark: WARNING: Debuggable Benchmark
11-01 00:04:37.618  6314  6330 W Benchmark:     Benchmark is running with debuggable=true, which drastically reduces
11-01 00:04:37.618  6314  6330 W Benchmark:     runtime performance in order to support debugging features. Run
11-01 00:04:37.618  6314  6330 W Benchmark:     benchmarks with debuggable=false. Debuggable affects execution speed
11-01 00:04:37.618  6314  6330 W Benchmark:     in ways that mean benchmark improvements might not carry over to a
11-01 00:04:37.618  6314  6330 W Benchmark:     real user's experience (or even regress release performance).
11-01 00:04:37.618  6314  6330 W Benchmark:
11-01 00:04:37.618  6314  6330 W Benchmark: WARNING: Running on Emulator
11-01 00:04:37.618  6314  6330 W Benchmark:     Benchmark is running on an emulator, which is not representative of
11-01 00:04:37.618  6314  6330 W Benchmark:     real user devices. Use a physical device to benchmark. Emulator
11-01 00:04:37.618  6314  6330 W Benchmark:     benchmark improvements might not carry over to a real user's
11-01 00:04:37.618  6314  6330 W Benchmark:     experience (or even regress real device performance).
11-01 00:04:37.618  6314  6330 W Benchmark:
11-01 00:04:37.631  6314  6330 D Benchmark: Set 6330 (Bench thread) to priority -20. Was -8, now -20
11-01 00:04:37.631  6314  6330 D Benchmark: Set 6319 (Jit) to priority -15. Was 9, now -15
11-01 00:04:37.685  6314  6330 I zygote  : Explicit concurrent copying GC freed 66628(4MB) AllocSpace objects, 22(440KB) LOS objects, 46% free, 6MB/12MB, paused 2.042ms total 53.946ms
11-01 00:04:37.714  6314  6330 I UserService: 2025-11-01 00:04:37 [INFO] UserService - Attempting to register user 'benchmark-user-06f035c6-582b-4879-b28f-a272fb882b7b'.;
11-01 00:04:37.716  6314  6330 I UserRepository: 2025-11-01 00:04:37 [INFO] UserRepository - Calling findByUsername;
11-01 00:04:37.742  6314  6330 D UserRepository: 2025-11-01 00:04:37 [DEBUG] UserRepository - findByUsername succeeded: null;
11-01 00:04:38.789  3659  3659 I Finsky  : [2] SCH: job service start with id 9281.
11-01 00:04:38.805  3659  5593 I Finsky  : [290] SCH: Satisfied jobs for 9281 are: 12-1
11-01 00:04:38.805  3659  6522 I Finsky  : [308] SCH: Job 12-1 starting
11-01 00:04:38.806  3659  3659 I Finsky  : [2] WM::SCH: Logging work start for 12-1
11-01 00:04:38.806  3659  3659 I Finsky  : [2] [ContentSync] job started
11-01 00:04:38.848  3659  6525 I Finsky  : [311] App states replicator found 22 unowned apps
11-01 00:04:38.850  3659  3768 I Finsky  : [223] Completed 0 account content syncs with 0 successful.
11-01 00:04:38.851  3659  3659 I Finsky  : [2] [ContentSync] Installation state replication succeeded.
11-01 00:04:38.851  3659  3659 I Finsky  : [2] SCH: jobFinished: 12-1. TimeElapsed: 45ms.
11-01 00:04:38.851  3659  3659 I Finsky  : [2] WM::SCH: Logging work end for 12-1
11-01 00:04:38.872  3659  3715 I Finsky  : [215] SCH: Scheduling phonesky job Id: 1-1337, CT: 1761944104437, Constraints: [{ L: 31400795, D: 74600795, C: CHARGING_NONE, I: IDLE_NONE, N: NET_ANY, B: BATTERY_ANY }]
11-01 00:04:38.872  3659  3715 I Finsky  : [215] SCH: Scheduling phonesky job Id: 10-26, CT: 1761944103023, Constraints: [{ L: 600000, D: 86400000, C: CHARGING_NONE, I: IDLE_NONE, N: NET_ANY, B: BATTERY_ANY }]
11-01 00:04:38.882  3659  3755 I Finsky  : [220] SCH: Scheduling 1 system job(s)
11-01 00:04:38.882  3659  3755 I Finsky  : [220] SCH: Scheduling system job Id: 9284, L: 24141, D: 74026350, C: false, I: false, N: 1
11-01 00:04:38.889  3659  6522 I Finsky  : [308] SCH: job service finished with id 9281.
11-01 00:04:39.359  6314  6330 I UserRepository: 2025-11-01 00:04:39 [INFO] UserRepository - Calling addUser;
11-01 00:04:39.373  6314  6330 D UserRepository: 2025-11-01 00:04:39 [DEBUG] UserRepository - addUser succeeded: 21449a97-aedf-49d8-bbe9-1e3e2ba32712;
11-01 00:04:39.376  6314  6330 I UserService: 2025-11-01 00:04:39 [INFO] UserService - Attempting to register user 'benchmark-user-37b86116-0289-4fd9-a079-f3de7f609d32'.;
11-01 00:04:39.378  6314  6330 I UserRepository: 2025-11-01 00:04:39 [INFO] UserRepository - Calling findByUsername;
11-01 00:04:39.384  6314  6330 D UserRepository: 2025-11-01 00:04:39 [DEBUG] UserRepository - findByUsername succeeded: null;
11-01 00:04:41.392  6314  6330 I UserRepository: 2025-11-01 00:04:41 [INFO] UserRepository - Calling addUser;
11-01 00:04:41.408  6314  6330 D UserRepository: 2025-11-01 00:04:41 [DEBUG] UserRepository - addUser succeeded: f8b96926-ccba-48c8-a52c-c7f57df4e0c4;
11-01 00:04:41.410  6314  6330 I UserService: 2025-11-01 00:04:41 [INFO] UserService - Attempting to register user 'benchmark-user-0c102c1e-c754-4db7-abf9-36e67b7ab4c9'.;
11-01 00:04:41.411  6314  6330 I UserRepository: 2025-11-01 00:04:41 [INFO] UserRepository - Calling findByUsername;
11-01 00:04:41.415  6314  6330 D UserRepository: 2025-11-01 00:04:41 [DEBUG] UserRepository - findByUsername succeeded: null;
11-01 00:04:42.958  6314  6330 I UserRepository: 2025-11-01 00:04:42 [INFO] UserRepository - Calling addUser;
11-01 00:04:42.968  6314  6330 D UserRepository: 2025-11-01 00:04:42 [DEBUG] UserRepository - addUser succeeded: 893e62ca-0f1a-42dc-abe5-bced6c0c7a59;
11-01 00:04:42.969  6314  6330 I UserService: 2025-11-01 00:04:42 [INFO] UserService - Attempting to register user 'benchmark-user-3d1a69c1-31a1-4525-9d31-a2058d6fbf9c'.;
11-01 00:04:42.969  6314  6330 I UserRepository: 2025-11-01 00:04:42 [INFO] UserRepository - Calling findByUsername;
11-01 00:04:42.972  6314  6330 D UserRepository: 2025-11-01 00:04:42 [DEBUG] UserRepository - findByUsername succeeded: null;
11-01 00:04:44.406  1636  1649 E memtrack: Couldn't load memtrack module
11-01 00:04:44.407  1636  1649 W android.os.Debug: failed to get memory consumption info: -1
11-01 00:04:44.426  1636  1649 E memtrack: Couldn't load memtrack module
11-01 00:04:44.426  1636  1649 W android.os.Debug: failed to get memory consumption info: -1
11-01 00:04:44.442  1636  1649 E memtrack: Couldn't load memtrack module
11-01 00:04:44.442  1636  1649 W android.os.Debug: failed to get memory consumption info: -1
11-01 00:04:44.457  6314  6330 I UserRepository: 2025-11-01 00:04:44 [INFO] UserRepository - Calling addUser;
11-01 00:04:44.462  6314  6330 D UserRepository: 2025-11-01 00:04:44 [DEBUG] UserRepository - addUser succeeded: d35be1c9-75c6-4839-b671-1842ae5f7943;
11-01 00:04:44.463  6314  6330 I UserService: 2025-11-01 00:04:44 [INFO] UserService - Attempting to register user 'benchmark-user-56844a1b-67af-4a95-85c8-ed244f14578c'.;
11-01 00:04:44.464  6314  6330 I UserRepository: 2025-11-01 00:04:44 [INFO] UserRepository - Calling findByUsername;
11-01 00:04:44.465  6314  6330 D UserRepository: 2025-11-01 00:04:44 [DEBUG] UserRepository - findByUsername succeeded: null;
11-01 00:04:45.588  6314  6321 I zygote  : Debugger is no longer active
11-01 00:04:45.894  6314  6330 I UserRepository: 2025-11-01 00:04:45 [INFO] UserRepository - Calling addUser;
11-01 00:04:45.898  6314  6330 D UserRepository: 2025-11-01 00:04:45 [DEBUG] UserRepository - addUser succeeded: 455ce2e9-d713-4f04-8c7f-b48e78af7bf2;
11-01 00:04:45.898  6314  6330 I UserService: 2025-11-01 00:04:45 [INFO] UserService - Attempting to register user 'benchmark-user-e605f22b-8e87-4a45-90fe-18d783662c82'.;
11-01 00:04:45.899  6314  6330 I UserRepository: 2025-11-01 00:04:45 [INFO] UserRepository - Calling findByUsername;
11-01 00:04:45.900  6314  6330 D UserRepository: 2025-11-01 00:04:45 [DEBUG] UserRepository - findByUsername succeeded: null;
11-01 00:04:47.403  6314  6330 I UserRepository: 2025-11-01 00:04:47 [INFO] UserRepository - Calling addUser;
11-01 00:04:47.410  6314  6330 D UserRepository: 2025-11-01 00:04:47 [DEBUG] UserRepository - addUser succeeded: 3509ea8d-b4f3-4ed0-9d12-94d29bec1476;
11-01 00:04:47.411  6314  6330 I UserService: 2025-11-01 00:04:47 [INFO] UserService - Attempting to register user 'benchmark-user-2f10add1-10cd-4efa-afef-971ad33f1924'.;
11-01 00:04:47.412  6314  6330 I UserRepository: 2025-11-01 00:04:47 [INFO] UserRepository - Calling findByUsername;
11-01 00:04:47.414  6314  6330 D UserRepository: 2025-11-01 00:04:47 [DEBUG] UserRepository - findByUsername succeeded: null;
11-01 00:04:48.840  6314  6330 I UserRepository: 2025-11-01 00:04:48 [INFO] UserRepository - Calling addUser;
11-01 00:04:48.844  6314  6330 D UserRepository: 2025-11-01 00:04:48 [DEBUG] UserRepository - addUser succeeded: 0b7b8709-4cc7-4a4d-b4d0-23c00dfe3e39;
11-01 00:04:48.846  6314  6330 I UserService: 2025-11-01 00:04:48 [INFO] UserService - Attempting to register user 'benchmark-user-b47a7262-6858-45c2-a5d9-5f0535f0931c'.;
11-01 00:04:48.847  6314  6330 I UserRepository: 2025-11-01 00:04:48 [INFO] UserRepository - Calling findByUsername;
11-01 00:04:48.851  6314  6330 D UserRepository: 2025-11-01 00:04:48 [DEBUG] UserRepository - findByUsername succeeded: null;
11-01 00:04:49.470  5656  5706 I Finsky:background: [291] Stats for Executor: bgExecutor uke@7b4cb08[Running, pool size = 4, active threads = 0, queued tasks = 0, completed tasks = 45]
11-01 00:04:49.546  5656  5706 I Finsky:background: [291] Stats for Executor: LightweightExecutor uke@e0712a1[Running, pool size = 3, active threads = 0, queued tasks = 0, completed tasks = 18]
11-01 00:04:49.808  5656  5706 I Finsky:background: [291] Stats for Executor: BlockingExecutor uke@a362cc6[Running, pool size = 1, active threads = 0, queued tasks = 0, completed tasks = 9]
11-01 00:04:50.300  6314  6330 I UserRepository: 2025-11-01 00:04:50 [INFO] UserRepository - Calling addUser;
11-01 00:04:50.303  6314  6330 D UserRepository: 2025-11-01 00:04:50 [DEBUG] UserRepository - addUser succeeded: 5e30e990-d8b5-4439-9735-f796553e8995;
11-01 00:04:50.304  6314  6330 I UserService: 2025-11-01 00:04:50 [INFO] UserService - Attempting to register user 'benchmark-user-8d6ffb44-a39c-4db7-9edd-4427cb01f3ae'.;
11-01 00:04:50.304  6314  6330 I UserRepository: 2025-11-01 00:04:50 [INFO] UserRepository - Calling findByUsername;
11-01 00:04:50.306  6314  6330 D UserRepository: 2025-11-01 00:04:50 [DEBUG] UserRepository - findByUsername succeeded: null;
11-01 00:04:51.197  1636  1649 E memtrack: Couldn't load memtrack module
11-01 00:04:51.197  1636  1649 W android.os.Debug: failed to get memory consumption info: -1
11-01 00:04:51.200  5710  5723 W Binder  : Binder call failed.
11-01 00:04:51.200  5710  5723 W Binder  : java.lang.UnsupportedOperationException
11-01 00:04:51.200  5710  5723 W Binder  : 	at mtd.a(PG:3)
11-01 00:04:51.200  5710  5723 W Binder  : 	at mtd.dispatchTransaction(PG:59)
11-01 00:04:51.200  5710  5723 W Binder  : 	at gnc.onTransact(PG:13)
11-01 00:04:51.200  5710  5723 W Binder  : 	at android.os.Binder.execTransact(Binder.java:697)
11-01 00:04:51.205  1636  1649 E memtrack: Couldn't load memtrack module
11-01 00:04:51.205  1636  1649 W android.os.Debug: failed to get memory consumption info: -1
11-01 00:04:51.745  6314  6330 I UserRepository: 2025-11-01 00:04:51 [INFO] UserRepository - Calling addUser;
11-01 00:04:51.750  6314  6330 D UserRepository: 2025-11-01 00:04:51 [DEBUG] UserRepository - addUser succeeded: 2757fc72-5c49-4643-afb9-71177735c7be;
11-01 00:04:51.751  6314  6330 I UserService: 2025-11-01 00:04:51 [INFO] UserService - Attempting to register user 'benchmark-user-46e233d1-e880-4b5f-a3f0-a7baaa175d48'.;
11-01 00:04:51.752  6314  6330 I UserRepository: 2025-11-01 00:04:51 [INFO] UserRepository - Calling findByUsername;
11-01 00:04:51.754  6314  6330 D UserRepository: 2025-11-01 00:04:51 [DEBUG] UserRepository - findByUsername succeeded: null;
11-01 00:04:53.179  6314  6330 I UserRepository: 2025-11-01 00:04:53 [INFO] UserRepository - Calling addUser;
11-01 00:04:53.187  6314  6330 D UserRepository: 2025-11-01 00:04:53 [DEBUG] UserRepository - addUser succeeded: 225825de-b98f-4346-8d7a-054752d34610;
11-01 00:04:53.188  6314  6330 I UserService: 2025-11-01 00:04:53 [INFO] UserService - Attempting to register user 'benchmark-user-6ccab34e-b3aa-460d-a48a-10a581df2a27'.;
11-01 00:04:53.188  6314  6330 I UserRepository: 2025-11-01 00:04:53 [INFO] UserRepository - Calling findByUsername;
11-01 00:04:53.194  6314  6330 D UserRepository: 2025-11-01 00:04:53 [DEBUG] UserRepository - findByUsername succeeded: null;
11-01 00:04:54.645  6314  6330 I UserRepository: 2025-11-01 00:04:54 [INFO] UserRepository - Calling addUser;
11-01 00:04:54.648  6314  6330 D UserRepository: 2025-11-01 00:04:54 [DEBUG] UserRepository - addUser succeeded: 95582d70-1cb5-4a4e-b19a-841541616d25;
11-01 00:04:54.649  6314  6330 I UserService: 2025-11-01 00:04:54 [INFO] UserService - Attempting to register user 'benchmark-user-7c86410c-8c96-48f4-acdd-2d3f911c978e'.;
11-01 00:04:54.649  6314  6330 I UserRepository: 2025-11-01 00:04:54 [INFO] UserRepository - Calling findByUsername;
11-01 00:04:54.651  6314  6330 D UserRepository: 2025-11-01 00:04:54 [DEBUG] UserRepository - findByUsername succeeded: null;
11-01 00:04:56.114  6314  6330 I UserRepository: 2025-11-01 00:04:56 [INFO] UserRepository - Calling addUser;
11-01 00:04:56.123  6314  6330 D UserRepository: 2025-11-01 00:04:56 [DEBUG] UserRepository - addUser succeeded: 33f31311-e86b-49d2-9290-6f66533a3bc9;
11-01 00:04:56.124  6314  6330 I UserService: 2025-11-01 00:04:56 [INFO] UserService - Attempting to register user 'benchmark-user-5bc956ce-7a1d-459b-af39-5536b4853fd2'.;
11-01 00:04:56.125  6314  6330 I UserRepository: 2025-11-01 00:04:56 [INFO] UserRepository - Calling findByUsername;
11-01 00:04:56.128  6314  6330 D UserRepository: 2025-11-01 00:04:56 [DEBUG] UserRepository - findByUsername succeeded: null;
11-01 00:04:56.769  1636  1649 E memtrack: Couldn't load memtrack module
11-01 00:04:56.769  1636  1649 W android.os.Debug: failed to get memory consumption info: -1
11-01 00:04:56.780  1636  1649 E memtrack: Couldn't load memtrack module
11-01 00:04:56.780  1636  1649 W android.os.Debug: failed to get memory consumption info: -1
11-01 00:04:56.781  5942  5953 W Binder  : Binder call failed.
11-01 00:04:56.781  5942  5953 W Binder  : java.lang.UnsupportedOperationException
11-01 00:04:56.781  5942  5953 W Binder  : 	at awdl.a(:com.google.android.gms@254131007@25.41.31 (040700-820295184):3)
11-01 00:04:56.781  5942  5953 W Binder  : 	at awdl.fg(:com.google.android.gms@254131007@25.41.31 (040700-820295184):33)
11-01 00:04:56.781  5942  5953 W Binder  : 	at svv.onTransact(:com.google.android.gms@254131007@25.41.31 (040700-820295184):75)
11-01 00:04:56.781  5942  5953 W Binder  : 	at android.os.Binder.execTransact(Binder.java:697)
11-01 00:04:56.793  5942  5947 I zygote  : Do partial code cache collection, code=94KB, data=66KB
11-01 00:04:56.794  5942  5947 I zygote  : After code cache collection, code=94KB, data=66KB
11-01 00:04:56.794  5942  5947 I zygote  : Increasing code cache capacity to 512KB
11-01 00:04:57.140  5656  5988 I PlayCommon: [330] Preparing logs for uploading
11-01 00:04:57.155  5656  5988 I PlayCommon: [330] Connecting to server for timestamp: https://play.googleapis.com/play/log/timestamp
11-01 00:04:57.553  5656  5988 W PlayCommon: [330] No account for auth token provided
11-01 00:04:57.553  5656  5988 I PlayCommon: [330] Connecting to server: https://play.googleapis.com/play/log?format=raw&proto_v2=true
11-01 00:04:57.595  6314  6330 I UserRepository: 2025-11-01 00:04:57 [INFO] UserRepository - Calling addUser;
11-01 00:04:57.604  6314  6330 D UserRepository: 2025-11-01 00:04:57 [DEBUG] UserRepository - addUser succeeded: 1a5b016b-bef3-4266-ae0b-50704bb82ce5;
11-01 00:04:57.606  6314  6330 I UserService: 2025-11-01 00:04:57 [INFO] UserService - Attempting to register user 'benchmark-user-075a963d-a638-4a42-baa8-ac5658d02f85'.;
11-01 00:04:57.606  6314  6330 I UserRepository: 2025-11-01 00:04:57 [INFO] UserRepository - Calling findByUsername;
11-01 00:04:57.609  6314  6330 D UserRepository: 2025-11-01 00:04:57 [DEBUG] UserRepository - findByUsername succeeded: null;
11-01 00:04:57.745  5656  5988 I PlayCommon: [330] Successfully uploaded logs.
11-01 00:04:59.080  6314  6330 I UserRepository: 2025-11-01 00:04:59 [INFO] UserRepository - Calling addUser;
11-01 00:04:59.085  6314  6330 D UserRepository: 2025-11-01 00:04:59 [DEBUG] UserRepository - addUser succeeded: abe5804c-8caa-4f0d-96da-1342d7ad0c29;
11-01 00:04:59.085  6314  6330 I UserService: 2025-11-01 00:04:59 [INFO] UserService - Attempting to register user 'benchmark-user-1d920ea3-4d42-437e-aaa8-a1e027825711'.;
11-01 00:04:59.085  6314  6330 I UserRepository: 2025-11-01 00:04:59 [INFO] UserRepository - Calling findByUsername;
11-01 00:04:59.087  6314  6330 D UserRepository: 2025-11-01 00:04:59 [DEBUG] UserRepository - findByUsername succeeded: null;
11-01 00:05:00.006  1636  1649 E memtrack: Couldn't load memtrack module
11-01 00:05:00.010  1636  1649 W android.os.Debug: failed to get memory consumption info: -1
11-01 00:05:00.026  1736  1956 D EGL_emulation: eglMakeCurrent: 0x9ec85720: ver 3 0 (tinfo 0x9ec83450)
11-01 00:05:00.549  6314  6330 I UserRepository: 2025-11-01 00:05:00 [INFO] UserRepository - Calling addUser;
11-01 00:05:00.558  6314  6330 D UserRepository: 2025-11-01 00:05:00 [DEBUG] UserRepository - addUser succeeded: 3a68149f-7f6b-47dd-8355-9f0e1c1700f4;
11-01 00:05:00.559  6314  6330 I UserService: 2025-11-01 00:05:00 [INFO] UserService - Attempting to register user 'benchmark-user-ec6d6b5d-0492-447e-b0b2-355fff552a6b'.;
11-01 00:05:00.559  6314  6330 I UserRepository: 2025-11-01 00:05:00 [INFO] UserRepository - Calling findByUsername;
11-01 00:05:00.563  6314  6330 D UserRepository: 2025-11-01 00:05:00 [DEBUG] UserRepository - findByUsername succeeded: null;
11-01 00:05:02.004  6314  6330 I UserRepository: 2025-11-01 00:05:02 [INFO] UserRepository - Calling addUser;
11-01 00:05:02.008  6314  6330 D UserRepository: 2025-11-01 00:05:02 [DEBUG] UserRepository - addUser succeeded: 9b874729-8004-4e91-badd-817fc5255cf1;
11-01 00:05:02.009  6314  6330 I UserService: 2025-11-01 00:05:02 [INFO] UserService - Attempting to register user 'benchmark-user-0f472866-fdec-4354-ad12-755eda1f2f68'.;
11-01 00:05:02.009  6314  6330 I UserRepository: 2025-11-01 00:05:02 [INFO] UserRepository - Calling findByUsername;
11-01 00:05:02.012  6314  6330 D UserRepository: 2025-11-01 00:05:02 [DEBUG] UserRepository - findByUsername succeeded: null;
11-01 00:05:02.732  2010  6532 W LogErrorOperation: onLogError callback failed.
11-01 00:05:03.462  6314  6330 I UserRepository: 2025-11-01 00:05:03 [INFO] UserRepository - Calling addUser;
11-01 00:05:03.468  6314  6330 D UserRepository: 2025-11-01 00:05:03 [DEBUG] UserRepository - addUser succeeded: 54732fd6-7dae-459b-a724-212030d9a933;
11-01 00:05:03.469  6314  6330 I UserService: 2025-11-01 00:05:03 [INFO] UserService - Attempting to register user 'benchmark-user-51d3fb49-845d-41ed-b7ad-e03a6e1c73bf'.;
11-01 00:05:03.469  6314  6330 I UserRepository: 2025-11-01 00:05:03 [INFO] UserRepository - Calling findByUsername;
11-01 00:05:03.472  6314  6330 D UserRepository: 2025-11-01 00:05:03 [DEBUG] UserRepository - findByUsername succeeded: null;
11-01 00:05:03.603  3659  3659 I Finsky  : [2] SCH: job service start with id 9284.
11-01 00:05:03.618  3659  5593 I Finsky  : [290] SCH: Satisfied jobs for 9284 are: 10-26
11-01 00:05:03.631  3659  6522 I Finsky  : [308] SCH: Job 10-26 starting
11-01 00:05:03.632  3659  3659 I Finsky  : [2] WM::SCH: Logging work start for 10-26
11-01 00:05:03.659  3659  3715 I Finsky  : [215] SCH: jobFinished: 10-26. TimeElapsed: 27ms.
11-01 00:05:03.659  3659  3715 I Finsky  : [215] WM::SCH: Logging work end for 10-26
11-01 00:05:03.672  2010  2833 W UsageReportingOptionsSt: INTERNAL_ERROR: setPlayPassOptIn failed with null account [CONTEXT service_id=41 ]
11-01 00:05:03.674  2010  2833 E UsageReportingOptionsSt: INTERNAL_ERROR: setOptInOption should not be called while user is locked. [CONTEXT service_id=41 ]
11-01 00:05:03.681  3659  3710 I Finsky  : [210] SCH: Scheduling phonesky job Id: 1-1337, CT: 1761944104437, Constraints: [{ L: 31400795, D: 74600795, C: CHARGING_NONE, I: IDLE_NONE, N: NET_ANY, B: BATTERY_ANY }]
11-01 00:05:03.684  3659  3755 I Finsky  : [220] SCH: Scheduling 1 system job(s)
11-01 00:05:03.684  3659  3755 I Finsky  : [220] SCH: Scheduling system job Id: 9286, L: 30801548, D: 74001548, C: false, I: false, N: 1
11-01 00:05:03.689  3659  6522 I Finsky  : [308] SCH: job service finished with id 9284.
11-01 00:05:04.907  6314  6330 I UserRepository: 2025-11-01 00:05:04 [INFO] UserRepository - Calling addUser;
11-01 00:05:04.910  6314  6330 D UserRepository: 2025-11-01 00:05:04 [DEBUG] UserRepository - addUser succeeded: f1ee63ed-8d38-4768-aa5c-7c2a552d5197;
11-01 00:05:04.911  6314  6330 I UserService: 2025-11-01 00:05:04 [INFO] UserService - Attempting to register user 'benchmark-user-8c637d00-c2ee-4a7d-b0f5-7d4fb8e1a5aa'.;
11-01 00:05:04.911  6314  6330 I UserRepository: 2025-11-01 00:05:04 [INFO] UserRepository - Calling findByUsername;
11-01 00:05:04.914  6314  6330 D UserRepository: 2025-11-01 00:05:04 [DEBUG] UserRepository - findByUsername succeeded: null;
11-01 00:05:06.357  6314  6330 I UserRepository: 2025-11-01 00:05:06 [INFO] UserRepository - Calling addUser;
11-01 00:05:06.367  6314  6330 D UserRepository: 2025-11-01 00:05:06 [DEBUG] UserRepository - addUser succeeded: 0da2bca6-9435-4f76-981e-5dd1df554efb;
11-01 00:05:06.369  6314  6330 I UserService: 2025-11-01 00:05:06 [INFO] UserService - Attempting to register user 'benchmark-user-0c780650-4fb8-445b-8067-33f11e37c2ad'.;
11-01 00:05:06.369  6314  6330 I UserRepository: 2025-11-01 00:05:06 [INFO] UserRepository - Calling findByUsername;
11-01 00:05:06.372  6314  6330 D UserRepository: 2025-11-01 00:05:06 [DEBUG] UserRepository - findByUsername succeeded: null;
11-01 00:05:07.785  6314  6330 I UserRepository: 2025-11-01 00:05:07 [INFO] UserRepository - Calling addUser;
11-01 00:05:07.792  6314  6330 D UserRepository: 2025-11-01 00:05:07 [DEBUG] UserRepository - addUser succeeded: bd1dbda6-c233-4332-997e-084a2b668c8a;
11-01 00:05:07.793  6314  6330 I UserService: 2025-11-01 00:05:07 [INFO] UserService - Attempting to register user 'benchmark-user-6682e24b-93e2-418b-9ba1-685b243193cf'.;
11-01 00:05:07.793  6314  6330 I UserRepository: 2025-11-01 00:05:07 [INFO] UserRepository - Calling findByUsername;
11-01 00:05:07.796  6314  6330 D UserRepository: 2025-11-01 00:05:07 [DEBUG] UserRepository - findByUsername succeeded: null;
11-01 00:05:08.784  1636  1649 E memtrack: Couldn't load memtrack module
11-01 00:05:08.784  3659  3659 I Finsky  : [2] SCH: job service start with id 9263.
11-01 00:05:08.784  1636  1649 W android.os.Debug: failed to get memory consumption info: -1
11-01 00:05:08.793  3659  5593 I Finsky  : [290] SCH: Satisfied jobs for 9263 are: 10-11, 10-123
11-01 00:05:08.806  3659  6522 I Finsky  : [308] SCH: Job 10-11 starting
11-01 00:05:08.809  3659  3659 I Finsky  : [2] WM::SCH: Logging work start for 10-11
11-01 00:05:08.810  3659  3755 I Finsky  : [220] Running split install cleaner
11-01 00:05:08.813  3659  6522 I Finsky  : [308] SCH: Job 10-123 starting
11-01 00:05:08.815  3659  3659 I Finsky  : [2] WM::SCH: Logging work start for 10-123
11-01 00:05:08.815  3659  3659 I Finsky  : [2] AppRecoveryHygieneJob starting
11-01 00:05:08.820  3659  6536 I Finsky  : [313] Removed 0 obsolete sessions.
11-01 00:05:08.822  3659  6536 I Finsky  : [313] Removed 0 corrupted downloaded sessions.
11-01 00:05:08.823  3659  3710 I Finsky  : [210] AppRecoveryHygieneJob: successfully finished generating v3.1 signatures
11-01 00:05:08.823  3659  3710 I Finsky  : [210] AppRecoveryHygieneJob: starting fetching app recovery item details of packages
11-01 00:05:08.823  3659  6536 I Finsky  : [313] Finished completion of 0 sessions. Successful: 0. Failed: 0.
11-01 00:05:08.826  3659  3710 I Finsky  : [210] AppRecoveryHygieneJob: successfully fetched app recovery item details of packages
11-01 00:05:08.826  3659  3710 I Finsky  : [210] AppRecoveryHygieneJob: no item details are available for app recovery updates
11-01 00:05:08.828  3659  3710 I Finsky  : [210] AppRecoveryHygieneJob finished
11-01 00:05:08.829  3659  3710 I Finsky  : [210] SCH: jobFinished: 10-123. TimeElapsed: 15ms.
11-01 00:05:08.832  3659  3710 I Finsky  : [210] WM::SCH: Logging work end for 10-123
11-01 00:05:08.854  3659  3768 I Finsky  : [223] SCH: jobFinished: 10-11. TimeElapsed: 43ms.
11-01 00:05:08.855  3659  3768 I Finsky  : [223] WM::SCH: Logging work end for 10-11
11-01 00:05:08.869  3659  3755 I Finsky  : [220] SCH: Scheduling phonesky job Id: 10-4, CT: 1761944103021, Constraints: [{ L: 1200000, D: 86400000, C: CHARGING_NONE, I: IDLE_NONE, N: NET_NONE, B: BATTERY_ANY }]
11-01 00:05:08.869  3659  3755 I Finsky  : [220] SCH: Scheduling phonesky job Id: 26-1414141414, CT: 1761944119218, Constraints: [{ L: 43200000, D: 44100000, C: CHARGING_NONE, I: IDLE_NONE, N: NET_NONE, B: BATTERY_ANY }]
11-01 00:05:08.873  3659  3715 I Finsky  : [215] SCH: Scheduling 1 system job(s)
11-01 00:05:08.873  3659  3715 I Finsky  : [215] SCH: Scheduling system job Id: 9287, L: 594148, D: 43510345, C: false, I: false, N: 0
11-01 00:05:08.877  3659  6522 I Finsky  : [308] SCH: job service finished with id 9263.
11-01 00:05:09.234  6314  6330 I UserRepository: 2025-11-01 00:05:09 [INFO] UserRepository - Calling addUser;
11-01 00:05:09.244  6314  6330 D UserRepository: 2025-11-01 00:05:09 [DEBUG] UserRepository - addUser succeeded: 0156cd44-0f33-43bc-8447-68972e030267;
11-01 00:05:09.245  6314  6330 I UserService: 2025-11-01 00:05:09 [INFO] UserService - Attempting to register user 'benchmark-user-ac3ea536-1992-489c-885c-a9a70f733f57'.;
11-01 00:05:09.246  6314  6330 I UserRepository: 2025-11-01 00:05:09 [INFO] UserRepository - Calling findByUsername;
11-01 00:05:09.250  6314  6330 D UserRepository: 2025-11-01 00:05:09 [DEBUG] UserRepository - findByUsername succeeded: null;
11-01 00:05:10.686  6314  6330 I UserRepository: 2025-11-01 00:05:10 [INFO] UserRepository - Calling addUser;
11-01 00:05:10.692  6314  6330 D UserRepository: 2025-11-01 00:05:10 [DEBUG] UserRepository - addUser succeeded: 17540174-fa4e-4ecc-9383-7cca4da4f532;
11-01 00:05:10.693  6314  6330 I UserService: 2025-11-01 00:05:10 [INFO] UserService - Attempting to register user 'benchmark-user-6382940f-55bb-42d1-94d0-c215eb58f97f'.;
11-01 00:05:10.694  6314  6330 I UserRepository: 2025-11-01 00:05:10 [INFO] UserRepository - Calling findByUsername;
11-01 00:05:10.696  6314  6330 D UserRepository: 2025-11-01 00:05:10 [DEBUG] UserRepository - findByUsername succeeded: null;
11-01 00:05:11.557  1448  1448 I boot-pipe: done populating /dev/random
11-01 00:05:12.138  6314  6330 I UserRepository: 2025-11-01 00:05:12 [INFO] UserRepository - Calling addUser;
11-01 00:05:12.143  6314  6330 D UserRepository: 2025-11-01 00:05:12 [DEBUG] UserRepository - addUser succeeded: abd43116-7558-4bb2-87c4-2e266a9a17e6;
