11-01 00:06:35.246  6314  6330 D UserRepository: 2025-11-01 00:06:35 [DEBUG] UserRepository - addUser succeeded: ca3e29e3-1bff-4a69-840d-bb2460a7a7cb;
11-01 00:06:35.246  6314  6330 I UserService: 2025-11-01 00:06:35 [INFO] UserService - Attempting to register user 'benchmark-user-277e56a5-14e0-4fa7-a8fd-a81f599312d5'.;
11-01 00:06:35.247  6314  6330 I UserRepository: 2025-11-01 00:06:35 [INFO] UserRepository - Calling findByUsername;
11-01 00:06:35.249  6314  6330 D UserRepository: 2025-11-01 00:06:35 [DEBUG] UserRepository - findByUsername succeeded: null;
11-01 00:06:36.664  6314  6330 I UserRepository: 2025-11-01 00:06:36 [INFO] UserRepository - Calling addUser;
11-01 00:06:36.674  6314  6330 D UserRepository: 2025-11-01 00:06:36 [DEBUG] UserRepository - addUser succeeded: 1053dd56-31b6-47e1-899e-4196360e0e12;
11-01 00:06:36.678  6314  6330 D Benchmark: timeNs[ 0:10]: 1452084400 1452032970 1450427950 1449756160 1439414630 1438713480 1434379750 1456523190 1476476510 1444425820
11-01 00:06:36.678  6314  6330 D Benchmark: timeNs[10:20]: 1445681000 1466014490 1442640230 1423074180 1427340230 1634006330 1690294250 1501377400 1452706570 1464708340
11-01 00:06:36.678  6314  6330 D Benchmark: timeNs[20:30]: 1438946590 1436194150 1463288370 1492850090 1467212060 1449782850 1438518620 1409327880 1409769300 1438635720
11-01 00:06:36.678  6314  6330 D Benchmark: timeNs[30:40]: 1421705630 1427603680 1424028820 1455782230 1455489880 1443169150 1448251380 1611304630 1742754940 1474113080
11-01 00:06:36.678  6314  6330 D Benchmark: timeNs[40:50]: 1441353280 1501972040 1440389870 1462849260 1547350430 1507566340 1490117120 1468229030 1425314170 1428068110
11-01 00:06:36.680  6314  6330 I UserService: 2025-11-01 00:06:36 [INFO] UserService - Attempting to register user 'benchmark-user-b0a98207-a8fe-40e9-bf3a-f983d3d3efca'.;
11-01 00:06:36.681  6314  6330 I UserRepository: 2025-11-01 00:06:36 [INFO] UserRepository - Calling findByUsername;
11-01 00:06:36.683  6314  6330 D UserRepository: 2025-11-01 00:06:36 [DEBUG] UserRepository - findByUsername succeeded: null;
11-01 00:06:38.114  6314  6330 I UserRepository: 2025-11-01 00:06:38 [INFO] UserRepository - Calling addUser;
11-01 00:06:38.117  6314  6330 D UserRepository: 2025-11-01 00:06:38 [DEBUG] UserRepository - addUser succeeded: ef666215-c022-4ef6-97cf-e25c43f2a013;
11-01 00:06:38.119  6314  6330 I UserService: 2025-11-01 00:06:38 [INFO] UserService - Attempting to register user 'benchmark-user-a14a4a77-3866-4978-a2eb-62ec71ba89e0'.;
11-01 00:06:38.119  6314  6330 I UserRepository: 2025-11-01 00:06:38 [INFO] UserRepository - Calling findByUsername;
11-01 00:06:38.122  6314  6330 D UserRepository: 2025-11-01 00:06:38 [DEBUG] UserRepository - findByUsername succeeded: null;
11-01 00:06:39.584  6314  6330 I UserRepository: 2025-11-01 00:06:39 [INFO] UserRepository - Calling addUser;
11-01 00:06:39.591  6314  6330 D UserRepository: 2025-11-01 00:06:39 [DEBUG] UserRepository - addUser succeeded: 5a7a417a-b15e-47d9-83fe-c56cb3e6de3e;
11-01 00:06:39.593  6314  6330 I UserService: 2025-11-01 00:06:39 [INFO] UserService - Attempting to register user 'benchmark-user-c2b10a9e-4769-4ec2-8384-312a651fe3e7'.;
11-01 00:06:39.594  6314  6330 I UserRepository: 2025-11-01 00:06:39 [INFO] UserRepository - Calling findByUsername;
11-01 00:06:39.595  6314  6330 D UserRepository: 2025-11-01 00:06:39 [DEBUG] UserRepository - findByUsername succeeded: null;
11-01 00:06:40.115  1636  1707 W AlarmManager: Unrecognized alarm listener com.android.server.wifi.WifiConfigStore$1@2dbb318
11-01 00:06:40.131  1636  1707 D WifiConfigStore: Writing to stores completed in 16 ms.
11-01 00:06:41.024  6314  6330 I UserRepository: 2025-11-01 00:06:41 [INFO] UserRepository - Calling addUser;
11-01 00:06:41.032  6314  6330 D UserRepository: 2025-11-01 00:06:41 [DEBUG] UserRepository - addUser succeeded: 41af69a3-6fa2-49ec-a31f-6ca8c52b4aef;
11-01 00:06:41.033  6314  6330 I UserService: 2025-11-01 00:06:41 [INFO] UserService - Attempting to register user 'benchmark-user-715a686a-a632-49ae-a617-25a4ff70d108'.;
11-01 00:06:41.034  6314  6330 I UserRepository: 2025-11-01 00:06:41 [INFO] UserRepository - Calling findByUsername;
11-01 00:06:41.035  6314  6330 D UserRepository: 2025-11-01 00:06:41 [DEBUG] UserRepository - findByUsername succeeded: null;
11-01 00:06:42.452  6314  6330 I UserRepository: 2025-11-01 00:06:42 [INFO] UserRepository - Calling addUser;
11-01 00:06:42.459  6314  6330 D UserRepository: 2025-11-01 00:06:42 [DEBUG] UserRepository - addUser succeeded: 9ad76f5d-4fe4-40a4-b71b-d91c3118ad5e;
11-01 00:06:42.460  6314  6330 I UserService: 2025-11-01 00:06:42 [INFO] UserService - Attempting to register user 'benchmark-user-7ee0112a-ff30-4ba3-9c7c-0150072f229b'.;
11-01 00:06:42.460  6314  6330 I UserRepository: 2025-11-01 00:06:42 [INFO] UserRepository - Calling findByUsername;
11-01 00:06:42.463  6314  6330 D UserRepository: 2025-11-01 00:06:42 [DEBUG] UserRepository - findByUsername succeeded: null;
11-01 00:06:43.892  6314  6330 I UserRepository: 2025-11-01 00:06:43 [INFO] UserRepository - Calling addUser;
11-01 00:06:43.896  6314  6330 D UserRepository: 2025-11-01 00:06:43 [DEBUG] UserRepository - addUser succeeded: 882ec36e-07fe-497e-8df3-3537cb288b3b;
11-01 00:06:43.898  6314  6330 D Benchmark: allocationCount[ 0:10]: 83198 83196 83197 83198 83200
11-01 00:06:43.898  6314  6330 D Benchmark: Set 6330 (Bench thread) to priority -8. Was -20, now -8
11-01 00:06:43.898  6314  6330 D Benchmark: Set 6319 (Jit) to priority 9. Was -15, now 9
11-01 00:06:43.899  6314  6330 D Benchmark: Warmup: t=45.473, iter=30, fastAvg=1521332224, slowAvg=1664618368
11-01 00:06:43.904  6314  6330 I PerfettoCapture: Stopping perfetto.
11-01 00:06:43.912  6501  6501 I perfetto:    perfetto_cmd.cc:1212 SIGINT/SIGTERM received: disabling tracing.
11-01 00:06:43.915  6505  6505 I perfetto:  probes_producer.cc:449 Producer stop (id=1)
11-01 00:06:43.915  6505  6505 I perfetto:    ftrace_procfs.cc:435 disabled ftrace in /sys/kernel/debug/tracing/
11-01 00:06:43.930  6314  6330 D Benchmark: kill -TERM command output - Output(stdout=, stderr=)
11-01 00:06:44.055  6314  6330 D Benchmark: Waiting 100 ms for [ProcessPid(processName=tracebox, pid=6501)] to die
11-01 00:06:44.168  6505  6505 E perfetto:    ftrace_procfs.cc:399 Failed to clear buffer for CPU 0
11-01 00:06:44.168  6505  6505 E perfetto:    ftrace_procfs.cc:399 Failed to clear buffer for CPU 1
11-01 00:06:44.168  6505  6505 E perfetto:    ftrace_procfs.cc:399 Failed to clear buffer for CPU 2
11-01 00:06:44.168  6505  6505 E perfetto:    ftrace_procfs.cc:399 Failed to clear buffer for CPU 3
11-01 00:06:44.168  6505  6505 I perfetto:    ftrace_procfs.cc:435 disabled ftrace in /sys/kernel/debug/tracing/
11-01 00:06:44.178  6314  6330 D Benchmark: Waiting 100 ms for [ProcessPid(processName=tracebox, pid=6501)] to die
11-01 00:06:44.261  1380  1380 E SELinux : avc:  denied  { find } for service=netd pid=6665 uid=2000 scontext=u:r:shell:s0 tcontext=u:object_r:netd_service:s0 tclass=service_manager permissive=0
11-01 00:06:44.249  6665  6665 W atrace  : type=1400 audit(0.0:23): avc: denied { call } for scontext=u:r:shell:s0 tcontext=u:r:wificond:s0 tclass=binder permissive=0
11-01 00:06:44.271  1380  1380 E SELinux : avc:  denied  { find } for service=android.service.gatekeeper.IGateKeeperService pid=6665 uid=2000 scontext=u:r:shell:s0 tcontext=u:object_r:gatekeeper_service:s0 tclass=service_manager permissive=0
11-01 00:06:44.272  1380  1380 E SELinux : avc:  denied  { find } for service=installd pid=6665 uid=2000 scontext=u:r:shell:s0 tcontext=u:object_r:installd_service:s0 tclass=service_manager permissive=0
11-01 00:06:44.274  1381  1381 E SELinux : avc:  denied  { find } for interface=android.frameworks.displayservice::IDisplayService pid=6665 scontext=u:r:shell:s0 tcontext=u:object_r:fwk_display_hwservice:s0 tclass=hwservice_manager permissive=0
11-01 00:06:44.274  1381  1381 E SELinux : avc:  denied  { find } for interface=android.frameworks.schedulerservice::ISchedulingPolicyService pid=6665 scontext=u:r:shell:s0 tcontext=u:object_r:fwk_scheduler_hwservice:s0 tclass=hwservice_manager permissive=0
11-01 00:06:44.274  1381  1381 E SELinux : avc:  denied  { find } for interface=android.frameworks.sensorservice::ISensorManager pid=6665 scontext=u:r:shell:s0 tcontext=u:object_r:fwk_sensor_hwservice:s0 tclass=hwservice_manager permissive=0
11-01 00:06:44.274  1381  1381 E SELinux : avc:  denied  { find } for interface=android.hardware.audio.effect::IEffectsFactory pid=6665 scontext=u:r:shell:s0 tcontext=u:object_r:hal_audio_hwservice:s0 tclass=hwservice_manager permissive=0
11-01 00:06:44.274  1381  1381 E SELinux : avc:  denied  { find } for interface=android.hardware.audio::IDevicesFactory pid=6665 scontext=u:r:shell:s0 tcontext=u:object_r:hal_audio_hwservice:s0 tclass=hwservice_manager permissive=0
11-01 00:06:44.274  1381  1381 E SELinux : avc:  denied  { find } for interface=android.hardware.biometrics.fingerprint::IBiometricsFingerprint pid=6665 scontext=u:r:shell:s0 tcontext=u:object_r:hal_fingerprint_hwservice:s0 tclass=hwservice_manager permissive=0
11-01 00:06:44.275  1381  1381 E SELinux : avc:  denied  { find } for interface=android.hardware.camera.provider::ICameraProvider pid=6665 scontext=u:r:shell:s0 tcontext=u:object_r:hal_camera_hwservice:s0 tclass=hwservice_manager permissive=0
11-01 00:06:44.275  1381  1381 E SELinux : avc:  denied  { find } for interface=android.hardware.drm::ICryptoFactory pid=6665 scontext=u:r:shell:s0 tcontext=u:object_r:hal_drm_hwservice:s0 tclass=hwservice_manager permissive=0
11-01 00:06:44.275  1381  1381 E SELinux : avc:  denied  { find } for interface=android.hardware.drm::ICryptoFactory pid=6665 scontext=u:r:shell:s0 tcontext=u:object_r:hal_drm_hwservice:s0 tclass=hwservice_manager permissive=0
11-01 00:06:44.275  1381  1381 E SELinux : avc:  denied  { find } for interface=android.hardware.drm::IDrmFactory pid=6665 scontext=u:r:shell:s0 tcontext=u:object_r:hal_drm_hwservice:s0 tclass=hwservice_manager permissive=0
11-01 00:06:44.275  1381  1381 E SELinux : avc:  denied  { find } for interface=android.hardware.drm::IDrmFactory pid=6665 scontext=u:r:shell:s0 tcontext=u:object_r:hal_drm_hwservice:s0 tclass=hwservice_manager permissive=0
11-01 00:06:44.275  1381  1381 E SELinux : avc:  denied  { find } for interface=android.hardware.gatekeeper::IGatekeeper pid=6665 scontext=u:r:shell:s0 tcontext=u:object_r:hal_gatekeeper_hwservice:s0 tclass=hwservice_manager permissive=0
11-01 00:06:44.276  1381  1381 E SELinux : avc:  denied  { find } for interface=android.hardware.gnss::IGnss pid=6665 scontext=u:r:shell:s0 tcontext=u:object_r:hal_gnss_hwservice:s0 tclass=hwservice_manager permissive=0
11-01 00:06:44.276  1381  1381 E SELinux : avc:  denied  { find } for interface=android.hardware.graphics.composer::IComposer pid=6665 scontext=u:r:shell:s0 tcontext=u:object_r:hal_graphics_composer_hwservice:s0 tclass=hwservice_manager permissive=0
11-01 00:06:44.276  1381  1381 E SELinux : avc:  denied  { find } for interface=android.hardware.keymaster::IKeymasterDevice pid=6665 scontext=u:r:shell:s0 tcontext=u:object_r:hal_keymaster_hwservice:s0 tclass=hwservice_manager permissive=0
11-01 00:06:44.277  1381  1381 E SELinux : avc:  denied  { find } for interface=android.hardware.power::IPower pid=6665 scontext=u:r:shell:s0 tcontext=u:object_r:hal_power_hwservice:s0 tclass=hwservice_manager permissive=0
11-01 00:06:44.277  1381  1381 E SELinux : avc:  denied  { find } for interface=android.hardware.radio.deprecated::IOemHook pid=6665 scontext=u:r:shell:s0 tcontext=u:object_r:hal_telephony_hwservice:s0 tclass=hwservice_manager permissive=0
11-01 00:06:44.277  1381  1381 E SELinux : avc:  denied  { find } for interface=android.hardware.radio::IRadio pid=6665 scontext=u:r:shell:s0 tcontext=u:object_r:hal_telephony_hwservice:s0 tclass=hwservice_manager permissive=0
11-01 00:06:44.277  1381  1381 E SELinux : avc:  denied  { find } for interface=android.hardware.radio::IRadio pid=6665 scontext=u:r:shell:s0 tcontext=u:object_r:hal_telephony_hwservice:s0 tclass=hwservice_manager permissive=0
11-01 00:06:44.278  1381  1381 E SELinux : avc:  denied  { find } for interface=android.hardware.sensors::ISensors pid=6665 scontext=u:r:shell:s0 tcontext=u:object_r:hal_sensors_hwservice:s0 tclass=hwservice_manager permissive=0
11-01 00:06:44.278  1381  1381 E SELinux : avc:  denied  { find } for interface=android.hardware.soundtrigger::ISoundTriggerHw pid=6665 scontext=u:r:shell:s0 tcontext=u:object_r:hal_audio_hwservice:s0 tclass=hwservice_manager permissive=0
11-01 00:06:44.278  1381  1381 E SELinux : avc:  denied  { find } for interface=android.hardware.wifi.supplicant::ISupplicant pid=6665 scontext=u:r:shell:s0 tcontext=u:object_r:hal_wifi_supplicant_hwservice:s0 tclass=hwservice_manager permissive=0
11-01 00:06:44.278  1381  1381 E SELinux : avc:  denied  { find } for interface=android.hardware.wifi::IWifi pid=6665 scontext=u:r:shell:s0 tcontext=u:object_r:hal_wifi_hwservice:s0 tclass=hwservice_manager permissive=0
11-01 00:06:44.278  1381  1381 E SELinux : avc:  denied  { find } for interface=android.hardware.wifi::IWifi pid=6665 scontext=u:r:shell:s0 tcontext=u:object_r:hal_wifi_hwservice:s0 tclass=hwservice_manager permissive=0
11-01 00:06:44.279  1381  1381 E SELinux : avc:  denied  { find } for interface=android.hidl.base::IBase pid=6665 scontext=u:r:shell:s0 tcontext=u:object_r:hidl_base_hwservice:s0 tclass=hwservice_manager permissive=0
11-01 00:06:44.280  1381  1381 I chatty  : uid=1000(system) hwservicemanage identical 3 lines
11-01 00:06:44.280  1381  1381 E SELinux : avc:  denied  { find } for interface=android.hidl.base::IBase pid=6665 scontext=u:r:shell:s0 tcontext=u:object_r:hidl_base_hwservice:s0 tclass=hwservice_manager permissive=0
11-01 00:06:44.281  1381  1381 E SELinux : avc:  denied  { find } for interface=android.system.net.netd::INetd pid=6665 scontext=u:r:shell:s0 tcontext=u:object_r:system_net_netd_hwservice:s0 tclass=hwservice_manager permissive=0
11-01 00:06:44.281  1381  1381 E SELinux : avc:  denied  { find } for interface=android.system.wifi.keystore::IKeystore pid=6665 scontext=u:r:shell:s0 tcontext=u:object_r:system_wifi_keystore_hwservice:s0 tclass=hwservice_manager permissive=0
11-01 00:06:44.282  6665  6665 I atrace  : Dumping trace
11-01 00:06:44.307  6314  6330 D Benchmark: Waiting 100 ms for [ProcessPid(processName=tracebox, pid=6501)] to die
11-01 00:06:44.418  6314  6330 I chatty  : uid=10084(com.distributedMessenger.benchmark) BenchmarkRunner identical 1 line
11-01 00:06:44.540  6314  6330 D Benchmark: Waiting 100 ms for [ProcessPid(processName=tracebox, pid=6501)] to die
11-01 00:06:44.596  1380  1380 E SELinux : avc:  denied  { find } for service=netd pid=6665 uid=2000 scontext=u:r:shell:s0 tcontext=u:object_r:netd_service:s0 tclass=service_manager permissive=0
11-01 00:06:44.589  6665  6665 W atrace  : type=1400 audit(0.0:24): avc: denied { call } for scontext=u:r:shell:s0 tcontext=u:r:wificond:s0 tclass=binder permissive=0
11-01 00:06:44.600  1380  1380 E SELinux : avc:  denied  { find } for service=android.service.gatekeeper.IGateKeeperService pid=6665 uid=2000 scontext=u:r:shell:s0 tcontext=u:object_r:gatekeeper_service:s0 tclass=service_manager permissive=0
11-01 00:06:44.600  1380  1380 E SELinux : avc:  denied  { find } for service=installd pid=6665 uid=2000 scontext=u:r:shell:s0 tcontext=u:object_r:installd_service:s0 tclass=service_manager permissive=0
11-01 00:06:44.639  6505  6505 I perfetto:  probes_producer.cc:449 Producer stop (id=2)
11-01 00:06:44.639  6505  6505 I perfetto:  probes_producer.cc:449 Producer stop (id=3)
11-01 00:06:44.639  6505  6505 I perfetto:  probes_producer.cc:449 Producer stop (id=4)
11-01 00:06:44.639  6505  6505 I perfetto:  probes_producer.cc:449 Producer stop (id=5)
11-01 00:06:44.653  6501  6501 I perfetto:    perfetto_cmd.cc:1163 Trace written into the output file
11-01 00:06:44.667  6314  6330 D Benchmark: Waiting 100 ms for [ProcessPid(processName=tracebox, pid=6501)] to die
11-01 00:06:44.686  6314  6330 I PerfettoCapture: Writing to /storage/emulated/0/Android/data/com.distributedMessenger.benchmark/cache/UserCrudBenchmark_benchmark_RegisterUser_2025-10-31-21-06-43.perfetto-trace.
11-01 00:06:44.778  6314  6330 D Benchmark: Moving /storage/emulated/0/Android/data/com.distributedMessenger.benchmark/cache/UserCrudBenchmark_benchmark_RegisterUser_2025-10-31-21-06-43.perfetto-trace to /storage/emulated/0/Android/data/com.distributedMessenger.benchmark/files/test_data/UserCrudBenchmark_benchmark_RegisterUser_2025-10-31-21-06-43.perfetto-trace
11-01 00:06:44.823  6314  6330 I Benchmark: DEBUGGABLE_EMULATOR_UserCrudBenchmark.benchmark_RegisterUser[Metric (timeNs) results: median 1.4501054E9, min 1.40932788E9, max 1.74275494E9, standardDeviation: 6.647761793903125E7, Metric (allocationCount) results: median 83198.0, min 83196.0, max 83200.0, standardDeviation: 1.4832396974191324]count=1
11-01 00:06:44.830  6314  6330 D Benchmark: writing results to /storage/emulated/0/Android/data/com.distributedMessenger.benchmark/cache/com_distributedMessenger_benchmark-benchmarkData.json
11-01 00:06:44.835  6314  6330 D Benchmark: Moving /storage/emulated/0/Android/data/com.distributedMessenger.benchmark/cache/com_distributedMessenger_benchmark-benchmarkData.json to /storage/emulated/0/Android/data/com.distributedMessenger.benchmark/files/test_data/com_distributedMessenger_benchmark-benchmarkData.json
11-01 00:06:44.837  6314  6330 I TestRunner: finished: benchmark_RegisterUser(com.distributedMessenger.benchmark.UserCrudBenchmark)
