11-01 00:02:01.264  4115  4115 I Dialer  : VvmTaskExecutor - no more tasks, stopping service if no task are added in 5000 millis
11-01 00:02:01.268  5249  5266 I zygote  : Waiting for a blocking GC ProfileSaver
11-01 00:02:01.275  4115  4115 I Dialer  : VvmTaskReceiver - task received
11-01 00:02:01.275  4115  4115 I Dialer  : VvmTaskReceiver - TaskExecutor already running
11-01 00:02:01.276  4115  4115 I Dialer  : Task.createTask - create task:com.android.voicemail.impl.ActivationTask
11-01 00:02:01.277  4115  4115 I Dialer  : RetryPolicy - retry #3 for com.android.voicemail.impl.ActivationTask@ff8df1d queued, executing in 5000
11-01 00:02:01.277  4115  4115 I Dialer  : VvmTaskExecutor - com.android.voicemail.impl.ActivationTask@ff8df1d added
11-01 00:02:01.277  4115  4115 I Dialer  : VvmTaskExecutor - minimal wait time:5000
11-01 00:02:01.277  4115  4115 I Dialer  : VvmTaskExecutor - sleep for 5000 millis
11-01 00:02:06.284  4115  4162 I Dialer  : VvmTaskExecutor - executing task com.android.voicemail.impl.ActivationTask@ff8df1d
11-01 00:02:06.284  4115  4162 I Dialer  : PreOMigrationHandler - ComponentInfo{com.android.phone/com.android.services.telephony.TelephonyConnectionService}, [****], UserHandle{0} already migrated
11-01 00:02:06.320  4115  4162 I Dialer  : VvmActivationTask - VVM content provider configured - vvm_type_cvvm
11-01 00:02:06.320  4115  4162 I Dialer  : OmtpVvmCarrierCfgHlpr - OmtpEvent:CONFIG_ACTIVATING
11-01 00:02:06.336  4115  4162 I Dialer  : TelephonyMangerCompat.setVisualVoicemailSmsFilterSettings - using TelephonyManager
11-01 00:02:06.341  4115  4162 I Dialer  : TelephonyMangerCompat.sendVisualVoicemailSms - using TelephonyManager
11-01 00:02:11.554  1448  1448 I boot-pipe: done populating /dev/random
11-01 00:02:13.345  2118  2118 D BoundBrokerSvc: onUnbind: Intent { act=com.google.android.gms.common.BIND_SHARED_PREFS pkg=com.google.android.gms }
11-01 00:02:19.812  4993  4998 I zygote  : Do full code cache collection, code=121KB, data=66KB
11-01 00:02:19.813  4993  4998 I zygote  : After code cache collection, code=116KB, data=55KB
11-01 00:02:21.347  1636  1652 W zygote  : kill(-3882, 9) failed: No such process
11-01 00:02:21.388  1636  1652 I chatty  : uid=1000(system) ActivityManager identical 1 line
11-01 00:02:21.428  1636  1652 W zygote  : kill(-3882, 9) failed: No such process
11-01 00:02:21.428  1636  1652 I zygote  : Successfully killed process cgroup uid 10074 pid 3882 in 80ms
11-01 00:02:22.831  3721  4001 W Binder  : Binder call failed.
11-01 00:02:22.831  3721  4001 W Binder  : java.lang.UnsupportedOperationException
11-01 00:02:22.831  3721  4001 W Binder  : 	at awdl.a(:com.google.android.gms@254131007@25.41.31 (040700-820295184):3)
11-01 00:02:22.831  3721  4001 W Binder  : 	at awdl.fg(:com.google.android.gms@254131007@25.41.31 (040700-820295184):33)
11-01 00:02:22.831  3721  4001 W Binder  : 	at svv.onTransact(:com.google.android.gms@254131007@25.41.31 (040700-820295184):75)
11-01 00:02:22.831  3721  4001 W Binder  : 	at android.os.Binder.execTransact(Binder.java:697)
11-01 00:02:27.327  1636  1652 W zygote  : Failed to open process cgroup uid 99000 pid 4449: No such file or directory
11-01 00:02:27.327  1636  1652 E zygote  : Error encountered killing process cgroup uid 99000 pid 4449: No such file or directory
11-01 00:02:27.336  3485  4408 W cr_ChildProcessConn: onServiceDisconnected (crash or killed by oom): pid=4449 bindings:W
11-01 00:02:27.340  1636  1649 E memtrack: Couldn't load memtrack module
11-01 00:02:27.340  1636  1649 W android.os.Debug: failed to get memory consumption info: -1
11-01 00:02:27.354  1636  1649 E memtrack: Couldn't load memtrack module
11-01 00:02:27.354  1636  1649 W android.os.Debug: failed to get memory consumption info: -1
11-01 00:02:27.355  2301  2301 I BgTaskExecutorImpl: (REDACTED) Starting %s background task %s.
11-01 00:02:27.365  1636  1649 E memtrack: Couldn't load memtrack module
11-01 00:02:27.365  1636  1649 W android.os.Debug: failed to get memory consumption info: -1
11-01 00:02:27.416  2301  5227 I NetworkRecognitionRnr: Using pair HTTP connection
11-01 00:02:27.417  1636  5326 I WifiService: getWifiEnabledState uid=10032
11-01 00:02:27.420  2301  2487 I A       : Flag is_largescreen_foldable_phone is false
11-01 00:02:27.421  2301  2487 I A       : (REDACTED) Flag is_whitelisted_as_tablet is %b
11-01 00:02:27.421  2301  2487 I A       : (REDACTED) R.bool.is_tablet is %b
11-01 00:02:27.423  2301  2470 I A       : (REDACTED) isOpaHotwordEnabled: %b
11-01 00:02:27.423  2301  2470 I A       : Disabling the hotword detector.
11-01 00:02:27.426  2301  2470 I MicroDetectionState: (REDACTED) Updating hotword opa ineligibility to %b
11-01 00:02:27.427  2301  2470 I A       : getLocaleToModelSpecsMap
11-01 00:02:27.427  2301  2470 I chatty  : uid=10032(com.google.android.googlequicksearchbox) EventBus0 identical 1 line
11-01 00:02:27.428  2301  2470 I A       : getLocaleToModelSpecsMap
11-01 00:02:27.428  2301  2808 I A       : [Upload] Connected
11-01 00:02:27.430  2301  2470 I A       : getLocaleToModelSpecsMap
11-01 00:02:27.430  2301  2470 I A       : getLocaleToModelSpecsMap
11-01 00:02:27.433  2301  2301 E A       : onError
11-01 00:02:27.433  2301  2301 E A       : com.google.android.apps.gsa.shared.speech.a.m: errorCode: 65561, engine: 2
11-01 00:02:27.433  2301  2301 E A       : 	at com.google.android.apps.gsa.staticplugins.cy.a.f.a(PG:3)
11-01 00:02:27.433  2301  2301 E A       : 	at com.google.android.apps.gsa.s3.o.gQ(PG:1)
11-01 00:02:27.433  2301  2301 E A       : 	at com.google.cd.g.a.f.e(PG:2)
11-01 00:02:27.433  2301  2301 E A       : 	at com.google.android.apps.gsa.speech.k.a.g.d(PG:22)
11-01 00:02:27.433  2301  2301 E A       : 	at com.google.android.apps.gsa.speech.k.a.g.jA(PG:6)
11-01 00:02:27.433  2301  2301 E A       : 	at com.google.android.apps.gsa.s3.p.c(PG:14)
11-01 00:02:27.433  2301  2301 E A       : 	at com.google.android.apps.gsa.s3.q.run(PG:1)
11-01 00:02:27.433  2301  2301 E A       : 	at java.util.concurrent.Executors$RunnableAdapter.call(Executors.java:457)
11-01 00:02:27.433  2301  2301 E A       : 	at java.util.concurrent.FutureTask.run(FutureTask.java:266)
11-01 00:02:27.433  2301  2301 E A       : 	at com.google.android.apps.gsa.shared.util.c.a.e.run(PG:2)
11-01 00:02:27.433  2301  2301 E A       : 	at com.google.android.apps.gsa.shared.util.c.a.bh.run(PG:1)
11-01 00:02:27.433  2301  2301 E A       : 	at com.google.android.apps.gsa.shared.util.c.a.bh.run(PG:1)
11-01 00:02:27.433  2301  2301 E A       : 	at java.util.concurrent.ThreadPoolExecutor.runWorker(ThreadPoolExecutor.java:1162)
11-01 00:02:27.433  2301  2301 E A       : 	at java.util.concurrent.ThreadPoolExecutor$Worker.run(ThreadPoolExecutor.java:636)
11-01 00:02:27.433  2301  2301 E A       : 	at java.lang.Thread.run(Thread.java:764)
11-01 00:02:27.433  2301  2301 E A       : 	at com.google.android.apps.gsa.shared.util.c.a.l.run(PG:5)
11-01 00:02:27.433  2301  2301 E A       : Caused by: com.google.android.apps.gsa.shared.speech.a.o: errorCode: 65586, engine: 2
11-01 00:02:27.433  2301  2301 E A       : 	... 15 more
11-01 00:02:27.433  2301  2301 E A       : Caused by: com.google.android.apps.gsa.shared.speech.a.k: errorCode: 401, engine: 2
11-01 00:02:27.433  2301  2301 E A       : 	at com.google.android.apps.gsa.assistant.shared.n.h.a(PG:5)
11-01 00:02:27.433  2301  2301 E A       : 	at com.google.android.apps.gsa.s3.producers.j.hl(PG:2)
11-01 00:02:27.433  2301  2301 E A       : 	at com.google.android.apps.gsa.speech.k.a.g.d(PG:16)
11-01 00:02:27.433  2301  2301 E A       : 	... 12 more
11-01 00:02:27.436  2301  2808 I NetworkRecognitionRnr: Using pair HTTP connection
11-01 00:02:27.441  2301  3518 I A       : [Upload] Connected
11-01 00:02:27.443  2301  2470 I A       : getLocaleToModelSpecsMap
11-01 00:02:27.443  2301  2470 I chatty  : uid=10032(com.google.android.googlequicksearchbox) EventBus0 identical 2 lines
11-01 00:02:27.445  2301  2470 I A       : getLocaleToModelSpecsMap
11-01 00:02:27.445  2301  2470 I A       : Proto config empty. Exit merge.
11-01 00:02:27.445  2301  2470 I A       : getLocaleToModelSpecsMap
11-01 00:02:27.446  2301  2470 I A       : getLocaleToModelSpecsMap
11-01 00:02:27.447  3485  3485 I cr_TabWebContentsObs: primaryMainFrameRenderProcessGone() for tab id: 5, already needs reload: false, termination status: 0
11-01 00:02:27.448  2153  2153 I A       : (REDACTED) Created gRPC endpoint for service %s
11-01 00:02:27.448  2301  2470 I MicroDetectionWorker: (REDACTED) Initializing MicroDataManager InitializeType-%d, isForced-%b, isActivePhoneEnrollment-%b isActiveGoogleHomeEnrollment-%b
11-01 00:02:27.449  2301  2470 I A       : getLocaleToModelSpecsMap
11-01 00:02:27.449  2301  2470 I chatty  : uid=10032(com.google.android.googlequicksearchbox) EventBus0 identical 1 line
11-01 00:02:27.449  2301  2470 I A       : getLocaleToModelSpecsMap
11-01 00:02:27.451  2301  2301 W A       : Failed to sync device settings.
11-01 00:02:27.451  2301  2301 I A       : Retrying to sync device settings.
11-01 00:02:27.455  2301  2470 I A       : getLocaleToModelSpecsMap
11-01 00:02:27.455  2301  2470 I A       : Proto config empty. Exit merge.
11-01 00:02:27.456  2301  2470 I MicroDataManager: (REDACTED) Location for model with model type: %s and locale: %s, is : %s
11-01 00:02:27.461  2301  2470 I A       : (REDACTED) isOpaHotwordEnabled: %b
11-01 00:02:27.461  2301  2470 I A       : Disabling the hotword detector.
11-01 00:02:27.461  2153  2499 W A       : Receive an config update when there's no subscriber. Ignore the request!
11-01 00:02:27.465  2301  2470 I MicroDetectionState: (REDACTED) #takeChangeMicroDetectorMode [mIsBargeInEnabled: %b, mCurrentDetectionMode: %s]
11-01 00:02:27.466  2153  2499 W A       : Receive an config update when there's no subscriber. Ignore the request!
11-01 00:02:27.468  2301  2470 I MicroDetectionState: (REDACTED) Should stop hotword detection immediately - %b
11-01 00:02:27.469  2301  2470 I A       : (REDACTED) isOpaHotwordEnabled: %b
11-01 00:02:27.469  2301  2470 I A       : Disabling the hotword detector.
11-01 00:02:27.470  2301  2470 I MicroDetectionState: (REDACTED) #takeChangeMicroDetectorMode [mIsBargeInEnabled: %b, mCurrentDetectionMode: %s]
11-01 00:02:27.470  2301  2470 I MicroDetectionState: (REDACTED) Should stop hotword detection immediately - %b
11-01 00:02:27.471  2153  2499 W A       : Receive an config update when there's no subscriber. Ignore the request!
11-01 00:02:27.473  2301  2470 I A       : getLocaleToModelSpecsMap
11-01 00:02:27.473  2301  2470 I A       : Proto config empty. Exit merge.
11-01 00:02:27.477  2301  2475 I A       : Flag is_largescreen_foldable_phone is false
11-01 00:02:27.477  2301  2475 I A       : (REDACTED) Flag is_whitelisted_as_tablet is %b
11-01 00:02:27.477  2301  2475 I A       : (REDACTED) R.bool.is_tablet is %b
11-01 00:02:27.481  1636  5326 I WifiService: getWifiEnabledState uid=10032
11-01 00:02:29.489  1636  5326 I WifiService: getWifiEnabledState uid=10032
11-01 00:02:29.494  1833  1833 D PhoneSwitcherNetworkRequstListener: got request NetworkRequest [ REQUEST id=47, [ Transports: CELLULAR Capabilities: INTERNET&NOT_RESTRICTED&TRUSTED&NOT_VPN] ] with score 50
11-01 00:02:29.494  1636  1707 D WIFI    : got request NetworkRequest [ REQUEST id=47, [ Transports: CELLULAR Capabilities: INTERNET&NOT_RESTRICTED&TRUSTED&NOT_VPN] ] with score 50
11-01 00:02:29.494  1636  1707 D WIFI_UT : got request NetworkRequest [ REQUEST id=47, [ Transports: CELLULAR Capabilities: INTERNET&NOT_RESTRICTED&TRUSTED&NOT_VPN] ] with score 50
11-01 00:02:29.510  1636  2607 D NetworkMonitor/NetworkAgentInfo [WIFI () - 101]: Forcing reevaluation for UID 10032
11-01 00:02:29.519  1636  5332 D NetworkMonitor/NetworkAgentInfo [WIFI () - 101]: PROBE_DNS connectivitycheck.gstatic.com 4ms OK 64.233.164.94,2a00:1450:4010:c0d::5e
11-01 00:02:29.872  1636  5331 D NetworkMonitor/NetworkAgentInfo [WIFI () - 101]: PROBE_DNS www.google.com 356ms OK 142.251.1.147,2404:6800:400a:805::2004
11-01 00:02:29.879  1636  5332 D NetworkMonitor/NetworkAgentInfo [WIFI () - 101]: PROBE_HTTP http://connectivitycheck.gstatic.com/generate_204 time=359ms ret=204 request={User-Agent=[Mozilla/5.0 (X11; Linux x86_64) AppleWebKit/537.36 (KHTML, like Gecko) Chrome/60.0.3112.32 Safari/537.36]} headers={null=[HTTP/1.1 204 No Content], Content-Length=[0], Cross-Origin-Resource-Policy=[cross-origin], Date=[Fri, 31 Oct 2025 21:02:30 GMT], X-Android-Received-Millis=[1761944549879], X-Android-Response-Source=[NETWORK 204], X-Android-Selected-Protocol=[http/1.1], X-Android-Sent-Millis=[1761944549520]}
11-01 00:02:30.997  1636  5331 D NetworkMonitor/NetworkAgentInfo [WIFI () - 101]: PROBE_HTTPS https://www.google.com/generate_204 time=1123ms ret=204 request={User-Agent=[Mozilla/5.0 (X11; Linux x86_64) AppleWebKit/537.36 (KHTML, like Gecko) Chrome/60.0.3112.32 Safari/537.36]} headers={null=[HTTP/1.1 204 No Content], Alt-Svc=[h3=":443"; ma=2592000,h3-29=":443"; ma=2592000], Content-Length=[0], Cross-Origin-Resource-Policy=[cross-origin], Date=[Fri, 31 Oct 2025 21:02:30 GMT], X-Android-Received-Millis=[1761944550997], X-Android-Response-Source=[NETWORK 204], X-Android-Selected-Protocol=[http/1.1], X-Android-Sent-Millis=[1761944549874]}
11-01 00:02:31.260  2301  3509 W A       : (REDACTED) [%s] response code: %d
11-01 00:02:40.998  1636  1707 W AlarmManager: Unrecognized alarm listener com.android.server.wifi.WifiConfigStore$1@2dbb318
11-01 00:02:41.020  1636  1707 D WifiConfigStore: Writing to stores completed in 22 ms.
11-01 00:02:56.440  1636  1649 E memtrack: Couldn't load memtrack module
11-01 00:02:56.440  1636  1649 W android.os.Debug: failed to get memory consumption info: -1
11-01 00:02:56.442  5228  5320 W Binder  : Binder call failed.
11-01 00:02:56.442  5228  5320 W Binder  : java.lang.UnsupportedOperationException
11-01 00:02:56.442  5228  5320 W Binder  : 	at cal.aacq.b(PG:3)
11-01 00:02:56.442  5228  5320 W Binder  : 	at cal.aacs.S(PG:58)
11-01 00:02:56.442  5228  5320 W Binder  : 	at cal.hlm.onTransact(PG:21)
11-01 00:02:56.442  5228  5320 W Binder  : 	at android.os.Binder.execTransact(Binder.java:697)
11-01 00:02:56.464  1636  1649 E memtrack: Couldn't load memtrack module
11-01 00:02:56.464  1636  1649 W android.os.Debug: failed to get memory consumption info: -1
11-01 00:03:00.035  1441  1461 D hwcomposer: hw_composer sent 18 syncs in 60s
11-01 00:03:01.633  5228  5231 I zygote  : Do partial code cache collection, code=23KB, data=24KB
11-01 00:03:01.639  5228  5320 W Binder  : Binder call failed.
11-01 00:03:01.639  5228  5320 W Binder  : java.lang.UnsupportedOperationException
11-01 00:03:01.639  5228  5320 W Binder  : 	at cal.aacq.b(PG:3)
11-01 00:03:01.639  5228  5320 W Binder  : 	at cal.aacs.S(PG:58)
11-01 00:03:01.639  5228  5320 W Binder  : 	at cal.hlm.onTransact(PG:21)
11-01 00:03:01.639  5228  5320 W Binder  : 	at android.os.Binder.execTransact(Binder.java:697)
11-01 00:03:01.639  5228  5231 I zygote  : After code cache collection, code=15KB, data=22KB
11-01 00:03:01.639  5228  5231 I zygote  : Increasing code cache capacity to 128KB
11-01 00:03:06.368  4115  4162 I Dialer  : OmtpVvmCarrierCfgHlpr - OmtpEvent:CONFIG_STATUS_SMS_TIME_OUT
11-01 00:03:06.372  4115  4115 I Dialer  : RetryPolicy - discarding deferred status: configuration_state=4
11-01 00:03:06.375  4115  4115 I Dialer  : VvmTaskExecutor - no more tasks, stopping service if no task are added in 5000 millis
11-01 00:03:06.390  4115  4115 I Dialer  : VvmTaskReceiver - task received
11-01 00:03:06.391  4115  4115 I Dialer  : VvmTaskReceiver - TaskExecutor already running
11-01 00:03:06.391  4115  4115 I Dialer  : Task.createTask - create task:com.android.voicemail.impl.ActivationTask
11-01 00:03:06.394  4115  4115 I Dialer  : RetryPolicy - retry #4 for com.android.voicemail.impl.ActivationTask@2eefabf queued, executing in 5000
11-01 00:03:06.395  4115  4115 I Dialer  : VvmTaskExecutor - com.android.voicemail.impl.ActivationTask@2eefabf added
11-01 00:03:06.396  4115  4115 I Dialer  : VvmTaskExecutor - minimal wait time:5000
11-01 00:03:06.396  4115  4115 I Dialer  : VvmTaskExecutor - sleep for 5000 millis
11-01 00:03:09.636  1636  1649 I GnssLocationProvider: WakeLock acquired by handleInjectNtpTime()
11-01 00:03:09.642  1636  5340 I GnssLocationProvider: WakeLock acquired by sendMessage(INJECT_NTP_TIME_FINISHED, 0, null)
11-01 00:03:09.642  1636  5340 I GnssLocationProvider: WakeLock released by handleInjectNtpTime()
11-01 00:03:09.643  1636  1649 I GnssLocationProvider: WakeLock released by handleMessage(INJECT_NTP_TIME_FINISHED, 0, null)
11-01 00:03:11.399  4993  4998 I zygote  : Do partial code cache collection, code=119KB, data=63KB
11-01 00:03:11.400  4993  4998 I zygote  : After code cache collection, code=119KB, data=63KB
11-01 00:03:11.400  4993  4998 I zygote  : Increasing code cache capacity to 512KB
11-01 00:03:11.401  4115  4162 I Dialer  : VvmTaskExecutor - executing task com.android.voicemail.impl.ActivationTask@2eefabf
11-01 00:03:11.402  4115  4162 I Dialer  : PreOMigrationHandler - ComponentInfo{com.android.phone/com.android.services.telephony.TelephonyConnectionService}, [****], UserHandle{0} already migrated
11-01 00:03:11.466  4115  4162 I Dialer  : VvmActivationTask - VVM content provider configured - vvm_type_cvvm
11-01 00:03:11.466  4115  4162 I Dialer  : OmtpVvmCarrierCfgHlpr - OmtpEvent:CONFIG_ACTIVATING
11-01 00:03:11.483  4115  4162 I Dialer  : TelephonyMangerCompat.setVisualVoicemailSmsFilterSettings - using TelephonyManager
11-01 00:03:11.487  4115  4162 I Dialer  : TelephonyMangerCompat.sendVisualVoicemailSms - using TelephonyManager
11-01 00:03:11.555  1448  1448 I boot-pipe: done populating /dev/random
11-01 00:03:19.049  2118  2118 D BoundBrokerSvc: onUnbind: Intent { act=com.google.android.mobstore.service.START pkg=com.google.android.gms }
11-01 00:03:19.200  2010  2010 D BoundBrokerSvc: onUnbind: Intent { act=com.google.android.gms.gmscompliance.service.START dat=chimera-action: cmp=com.google.android.gms/.chimera.PersistentBoundBrokerService }
11-01 00:03:19.250  1636  5326 E memtrack: Couldn't load memtrack module
11-01 00:03:19.250  1636  5326 W android.os.Debug: failed to get memory consumption info: -1
11-01 00:03:21.408  4993  5013 D Benchmark: timeNs[ 0:10]: 1455388260 1424580980 1442688130 1431490300 1492895500 1432678070 1438921680 1416587370 1443171240 1447854580
11-01 00:03:21.408  4993  5013 D Benchmark: timeNs[10:20]: 1476409690 1452752470 1474883390 1512905270 1469470480 1621738110 1785918910 1466985680 1408421500 1421080080
11-01 00:03:21.408  4993  5013 D Benchmark: timeNs[20:30]: 1428808790 1454980630 1424510050 1438657870 1430330950 1424670700 1441611120 1454211270 1465805710 1455748850
11-01 00:03:21.408  4993  5013 D Benchmark: timeNs[30:40]: 1429634820 1418587730 1427381780 1403609040 1456983690 1467239530 1445118430 1460083130 1805837870 1485714530
11-01 00:03:21.409  4993  5013 D Benchmark: timeNs[40:50]: 1435936780 1446539580 1486980550 1475049240 1404048150 1426152820 1378219700 1422806880 1454624280 1447086880
11-01 00:03:23.574  2301  2403 I zygote  : Deoptimizing void com.google.android.libraries.phenotype.client.stable.t.j(com.google.android.gms.clearcut.m, com.google.common.base.ck, com.google.common.base.ah) due to JIT inline cache
11-01 00:03:28.618  4993  5013 D Benchmark: allocationCount[ 0:10]: 82988 83073 83038 83028 83027
11-01 00:03:28.618  4993  5013 D Benchmark: Set 5013 (Bench thread) to priority -8. Was -20, now -8
11-01 00:03:28.618  4993  5013 D Benchmark: Set 4998 (Jit) to priority 9. Was -15, now 9
11-01 00:03:28.618  4993  5013 D Benchmark: Warmup: t=45.498, iter=30, fastAvg=1519401984, slowAvg=2156420608
11-01 00:03:28.623  4993  5013 I PerfettoCapture: Stopping perfetto.
11-01 00:03:28.646  5190  5190 I perfetto:    perfetto_cmd.cc:1212 SIGINT/SIGTERM received: disabling tracing.
11-01 00:03:28.651  5194  5194 I perfetto:  probes_producer.cc:449 Producer stop (id=1)
11-01 00:03:28.651  5194  5194 I perfetto:    ftrace_procfs.cc:435 disabled ftrace in /sys/kernel/debug/tracing/
11-01 00:03:28.669  4993  5013 D Benchmark: kill -TERM command output - Output(stdout=, stderr=)
11-01 00:03:28.789  4993  5013 D Benchmark: Waiting 100 ms for [ProcessPid(processName=tracebox, pid=5190)] to die
11-01 00:03:28.898  5194  5194 E perfetto:    ftrace_procfs.cc:399 Failed to clear buffer for CPU 0
11-01 00:03:28.898  5194  5194 E perfetto:    ftrace_procfs.cc:399 Failed to clear buffer for CPU 1
11-01 00:03:28.898  5194  5194 E perfetto:    ftrace_procfs.cc:399 Failed to clear buffer for CPU 2
11-01 00:03:28.898  5194  5194 E perfetto:    ftrace_procfs.cc:399 Failed to clear buffer for CPU 3
11-01 00:03:28.898  5194  5194 I perfetto:    ftrace_procfs.cc:435 disabled ftrace in /sys/kernel/debug/tracing/
11-01 00:03:28.900  4993  5013 D Benchmark: Waiting 100 ms for [ProcessPid(processName=tracebox, pid=5190)] to die
11-01 00:03:28.995  1380  1380 E SELinux : avc:  denied  { find } for service=netd pid=5364 uid=2000 scontext=u:r:shell:s0 tcontext=u:object_r:netd_service:s0 tclass=service_manager permissive=0
11-01 00:03:28.989  5364  5364 W atrace  : type=1400 audit(0.0:13): avc: denied { call } for scontext=u:r:shell:s0 tcontext=u:r:wificond:s0 tclass=binder permissive=0
11-01 00:03:29.010  4993  5013 D Benchmark: Waiting 100 ms for [ProcessPid(processName=tracebox, pid=5190)] to die
11-01 00:03:29.019  1380  1380 E SELinux : avc:  denied  { find } for service=android.service.gatekeeper.IGateKeeperService pid=5364 uid=2000 scontext=u:r:shell:s0 tcontext=u:object_r:gatekeeper_service:s0 tclass=service_manager permissive=0
11-01 00:03:29.020  1380  1380 E SELinux : avc:  denied  { find } for service=installd pid=5364 uid=2000 scontext=u:r:shell:s0 tcontext=u:object_r:installd_service:s0 tclass=service_manager permissive=0
11-01 00:03:29.023  1381  1381 E SELinux : avc:  denied  { find } for interface=android.frameworks.displayservice::IDisplayService pid=5364 scontext=u:r:shell:s0 tcontext=u:object_r:fwk_display_hwservice:s0 tclass=hwservice_manager permissive=0
11-01 00:03:29.023  1381  1381 E SELinux : avc:  denied  { find } for interface=android.frameworks.schedulerservice::ISchedulingPolicyService pid=5364 scontext=u:r:shell:s0 tcontext=u:object_r:fwk_scheduler_hwservice:s0 tclass=hwservice_manager permissive=0
11-01 00:03:29.024  1381  1381 E SELinux : avc:  denied  { find } for interface=android.frameworks.sensorservice::ISensorManager pid=5364 scontext=u:r:shell:s0 tcontext=u:object_r:fwk_sensor_hwservice:s0 tclass=hwservice_manager permissive=0
11-01 00:03:29.025  1381  1381 E SELinux : avc:  denied  { find } for interface=android.hardware.audio.effect::IEffectsFactory pid=5364 scontext=u:r:shell:s0 tcontext=u:object_r:hal_audio_hwservice:s0 tclass=hwservice_manager permissive=0
11-01 00:03:29.025  1381  1381 E SELinux : avc:  denied  { find } for interface=android.hardware.audio::IDevicesFactory pid=5364 scontext=u:r:shell:s0 tcontext=u:object_r:hal_audio_hwservice:s0 tclass=hwservice_manager permissive=0
11-01 00:03:29.025  1381  1381 E SELinux : avc:  denied  { find } for interface=android.hardware.biometrics.fingerprint::IBiometricsFingerprint pid=5364 scontext=u:r:shell:s0 tcontext=u:object_r:hal_fingerprint_hwservice:s0 tclass=hwservice_manager permissive=0
11-01 00:03:29.026  1381  1381 E SELinux : avc:  denied  { find } for interface=android.hardware.camera.provider::ICameraProvider pid=5364 scontext=u:r:shell:s0 tcontext=u:object_r:hal_camera_hwservice:s0 tclass=hwservice_manager permissive=0
11-01 00:03:29.027  1381  1381 E SELinux : avc:  denied  { find } for interface=android.hardware.drm::ICryptoFactory pid=5364 scontext=u:r:shell:s0 tcontext=u:object_r:hal_drm_hwservice:s0 tclass=hwservice_manager permissive=0
11-01 00:03:29.028  1381  1381 E SELinux : avc:  denied  { find } for interface=android.hardware.drm::ICryptoFactory pid=5364 scontext=u:r:shell:s0 tcontext=u:object_r:hal_drm_hwservice:s0 tclass=hwservice_manager permissive=0
11-01 00:03:29.028  1381  1381 E SELinux : avc:  denied  { find } for interface=android.hardware.drm::IDrmFactory pid=5364 scontext=u:r:shell:s0 tcontext=u:object_r:hal_drm_hwservice:s0 tclass=hwservice_manager permissive=0
11-01 00:03:29.028  1381  1381 E SELinux : avc:  denied  { find } for interface=android.hardware.drm::IDrmFactory pid=5364 scontext=u:r:shell:s0 tcontext=u:object_r:hal_drm_hwservice:s0 tclass=hwservice_manager permissive=0
11-01 00:03:29.028  1381  1381 E SELinux : avc:  denied  { find } for interface=android.hardware.gatekeeper::IGatekeeper pid=5364 scontext=u:r:shell:s0 tcontext=u:object_r:hal_gatekeeper_hwservice:s0 tclass=hwservice_manager permissive=0
11-01 00:03:29.029  1381  1381 E SELinux : avc:  denied  { find } for interface=android.hardware.gnss::IGnss pid=5364 scontext=u:r:shell:s0 tcontext=u:object_r:hal_gnss_hwservice:s0 tclass=hwservice_manager permissive=0
11-01 00:03:29.029  1381  1381 E SELinux : avc:  denied  { find } for interface=android.hardware.graphics.composer::IComposer pid=5364 scontext=u:r:shell:s0 tcontext=u:object_r:hal_graphics_composer_hwservice:s0 tclass=hwservice_manager permissive=0
11-01 00:03:29.029  1381  1381 E SELinux : avc:  denied  { find } for interface=android.hardware.keymaster::IKeymasterDevice pid=5364 scontext=u:r:shell:s0 tcontext=u:object_r:hal_keymaster_hwservice:s0 tclass=hwservice_manager permissive=0
11-01 00:03:29.030  1381  1381 E SELinux : avc:  denied  { find } for interface=android.hardware.power::IPower pid=5364 scontext=u:r:shell:s0 tcontext=u:object_r:hal_power_hwservice:s0 tclass=hwservice_manager permissive=0
11-01 00:03:29.031  1381  1381 E SELinux : avc:  denied  { find } for interface=android.hardware.radio.deprecated::IOemHook pid=5364 scontext=u:r:shell:s0 tcontext=u:object_r:hal_telephony_hwservice:s0 tclass=hwservice_manager permissive=0
11-01 00:03:29.031  1381  1381 E SELinux : avc:  denied  { find } for interface=android.hardware.radio::IRadio pid=5364 scontext=u:r:shell:s0 tcontext=u:object_r:hal_telephony_hwservice:s0 tclass=hwservice_manager permissive=0
11-01 00:03:29.031  1381  1381 E SELinux : avc:  denied  { find } for interface=android.hardware.radio::IRadio pid=5364 scontext=u:r:shell:s0 tcontext=u:object_r:hal_telephony_hwservice:s0 tclass=hwservice_manager permissive=0
11-01 00:03:29.032  1381  1381 E SELinux : avc:  denied  { find } for interface=android.hardware.sensors::ISensors pid=5364 scontext=u:r:shell:s0 tcontext=u:object_r:hal_sensors_hwservice:s0 tclass=hwservice_manager permissive=0
11-01 00:03:29.033  1381  1381 E SELinux : avc:  denied  { find } for interface=android.hardware.soundtrigger::ISoundTriggerHw pid=5364 scontext=u:r:shell:s0 tcontext=u:object_r:hal_audio_hwservice:s0 tclass=hwservice_manager permissive=0
11-01 00:03:29.033  1381  1381 E SELinux : avc:  denied  { find } for interface=android.hardware.wifi.supplicant::ISupplicant pid=5364 scontext=u:r:shell:s0 tcontext=u:object_r:hal_wifi_supplicant_hwservice:s0 tclass=hwservice_manager permissive=0
11-01 00:03:29.034  1381  1381 E SELinux : avc:  denied  { find } for interface=android.hardware.wifi::IWifi pid=5364 scontext=u:r:shell:s0 tcontext=u:object_r:hal_wifi_hwservice:s0 tclass=hwservice_manager permissive=0
11-01 00:03:29.034  1381  1381 E SELinux : avc:  denied  { find } for interface=android.hardware.wifi::IWifi pid=5364 scontext=u:r:shell:s0 tcontext=u:object_r:hal_wifi_hwservice:s0 tclass=hwservice_manager permissive=0
11-01 00:03:29.035  1381  1381 E SELinux : avc:  denied  { find } for interface=android.hidl.base::IBase pid=5364 scontext=u:r:shell:s0 tcontext=u:object_r:hidl_base_hwservice:s0 tclass=hwservice_manager permissive=0
11-01 00:03:29.037  1381  1381 I chatty  : uid=1000(system) hwservicemanage identical 3 lines
11-01 00:03:29.037  1381  1381 E SELinux : avc:  denied  { find } for interface=android.hidl.base::IBase pid=5364 scontext=u:r:shell:s0 tcontext=u:object_r:hidl_base_hwservice:s0 tclass=hwservice_manager permissive=0
11-01 00:03:29.039  1381  1381 E SELinux : avc:  denied  { find } for interface=android.system.net.netd::INetd pid=5364 scontext=u:r:shell:s0 tcontext=u:object_r:system_net_netd_hwservice:s0 tclass=hwservice_manager permissive=0
11-01 00:03:29.039  1381  1381 E SELinux : avc:  denied  { find } for interface=android.system.wifi.keystore::IKeystore pid=5364 scontext=u:r:shell:s0 tcontext=u:object_r:system_wifi_keystore_hwservice:s0 tclass=hwservice_manager permissive=0
11-01 00:03:29.041  5364  5364 I atrace  : Dumping trace
11-01 00:03:29.126  4993  5013 D Benchmark: Waiting 100 ms for [ProcessPid(processName=tracebox, pid=5190)] to die
11-01 00:03:29.247  4993  5013 D Benchmark: Waiting 100 ms for [ProcessPid(processName=tracebox, pid=5190)] to die
11-01 00:03:29.298  1380  1380 E SELinux : avc:  denied  { find } for service=netd pid=5364 uid=2000 scontext=u:r:shell:s0 tcontext=u:object_r:netd_service:s0 tclass=service_manager permissive=0
11-01 00:03:29.289  5364  5364 W atrace  : type=1400 audit(0.0:14): avc: denied { call } for scontext=u:r:shell:s0 tcontext=u:r:wificond:s0 tclass=binder permissive=0
11-01 00:03:29.301  1380  1380 E SELinux : avc:  denied  { find } for service=android.service.gatekeeper.IGateKeeperService pid=5364 uid=2000 scontext=u:r:shell:s0 tcontext=u:object_r:gatekeeper_service:s0 tclass=service_manager permissive=0
11-01 00:03:29.302  1380  1380 E SELinux : avc:  denied  { find } for service=installd pid=5364 uid=2000 scontext=u:r:shell:s0 tcontext=u:object_r:installd_service:s0 tclass=service_manager permissive=0
11-01 00:03:29.329  5194  5194 I perfetto:  probes_producer.cc:449 Producer stop (id=2)
11-01 00:03:29.329  5194  5194 I perfetto:  probes_producer.cc:449 Producer stop (id=3)
11-01 00:03:29.329  5194  5194 I perfetto:  probes_producer.cc:449 Producer stop (id=4)
11-01 00:03:29.329  5194  5194 I perfetto:  probes_producer.cc:449 Producer stop (id=5)
11-01 00:03:29.344  5190  5190 I perfetto:    perfetto_cmd.cc:1163 Trace written into the output file
11-01 00:03:29.367  4993  5013 D Benchmark: Waiting 100 ms for [ProcessPid(processName=tracebox, pid=5190)] to die
11-01 00:03:29.386  4993  5013 I PerfettoCapture: Writing to /storage/emulated/0/Android/data/com.distributedMessenger.benchmark/cache/UserCrudBenchmark_benchmark_RegisterUser_2025-10-31-21-03-28.perfetto-trace.
11-01 00:03:29.479  4993  5013 D Benchmark: Moving /storage/emulated/0/Android/data/com.distributedMessenger.benchmark/cache/UserCrudBenchmark_benchmark_RegisterUser_2025-10-31-21-03-28.perfetto-trace to /storage/emulated/0/Android/data/com.distributedMessenger.benchmark/files/test_data/UserCrudBenchmark_benchmark_RegisterUser_2025-10-31-21-03-28.perfetto-trace
11-01 00:03:29.509  4993  5013 I Benchmark: DEBUGGABLE_EMULATOR_UserCrudBenchmark.benchmark_RegisterUser[Metric (timeNs) results: median 1.445829005E9, min 1.3782197E9, max 1.80583787E9, standardDeviation: 7.74211389349717E7, Metric (allocationCount) results: median 83028.0, min 82988.0, max 83073.0, standardDeviation: 30.35951251255527]count=1
11-01 00:03:29.516  4993  5013 D Benchmark: writing results to /storage/emulated/0/Android/data/com.distributedMessenger.benchmark/cache/com_distributedMessenger_benchmark-benchmarkData.json
11-01 00:03:29.521  4993  5013 D Benchmark: Moving /storage/emulated/0/Android/data/com.distributedMessenger.benchmark/cache/com_distributedMessenger_benchmark-benchmarkData.json to /storage/emulated/0/Android/data/com.distributedMessenger.benchmark/files/test_data/com_distributedMessenger_benchmark-benchmarkData.json
11-01 00:03:29.522  4993  5013 I TestRunner: finished: benchmark_RegisterUser(com.distributedMessenger.benchmark.UserCrudBenchmark)
